Archive member included to satisfy reference by file (symbol)

c:/st/stm32cubeide_1.3.0/stm32cubeide/plugins/com.st.stm32cube.ide.mcu.externaltools.gnu-tools-for-stm32.9-2020-q2-update.win32_2.0.0.202105311346/tools/bin/../lib/gcc/arm-none-eabi/9.3.1/../../../../arm-none-eabi/lib/thumb/v7e-m+fp/hard\libc_nano.a(lib_a-errno.o)
                              ./Main/scr/syscalls.o (__errno)
c:/st/stm32cubeide_1.3.0/stm32cubeide/plugins/com.st.stm32cube.ide.mcu.externaltools.gnu-tools-for-stm32.9-2020-q2-update.win32_2.0.0.202105311346/tools/bin/../lib/gcc/arm-none-eabi/9.3.1/../../../../arm-none-eabi/lib/thumb/v7e-m+fp/hard\libc_nano.a(lib_a-exit.o)
                              c:/st/stm32cubeide_1.3.0/stm32cubeide/plugins/com.st.stm32cube.ide.mcu.externaltools.gnu-tools-for-stm32.9-2020-q2-update.win32_2.0.0.202105311346/tools/bin/../lib/gcc/arm-none-eabi/9.3.1/../../../../arm-none-eabi/lib/thumb/v7e-m+fp/hard/crt0.o (exit)
c:/st/stm32cubeide_1.3.0/stm32cubeide/plugins/com.st.stm32cube.ide.mcu.externaltools.gnu-tools-for-stm32.9-2020-q2-update.win32_2.0.0.202105311346/tools/bin/../lib/gcc/arm-none-eabi/9.3.1/../../../../arm-none-eabi/lib/thumb/v7e-m+fp/hard\libc_nano.a(lib_a-impure.o)
                              c:/st/stm32cubeide_1.3.0/stm32cubeide/plugins/com.st.stm32cube.ide.mcu.externaltools.gnu-tools-for-stm32.9-2020-q2-update.win32_2.0.0.202105311346/tools/bin/../lib/gcc/arm-none-eabi/9.3.1/../../../../arm-none-eabi/lib/thumb/v7e-m+fp/hard\libc_nano.a(lib_a-exit.o) (_global_impure_ptr)
c:/st/stm32cubeide_1.3.0/stm32cubeide/plugins/com.st.stm32cube.ide.mcu.externaltools.gnu-tools-for-stm32.9-2020-q2-update.win32_2.0.0.202105311346/tools/bin/../lib/gcc/arm-none-eabi/9.3.1/../../../../arm-none-eabi/lib/thumb/v7e-m+fp/hard\libc_nano.a(lib_a-init.o)
                              c:/st/stm32cubeide_1.3.0/stm32cubeide/plugins/com.st.stm32cube.ide.mcu.externaltools.gnu-tools-for-stm32.9-2020-q2-update.win32_2.0.0.202105311346/tools/bin/../lib/gcc/arm-none-eabi/9.3.1/../../../../arm-none-eabi/lib/thumb/v7e-m+fp/hard/crt0.o (__libc_init_array)
c:/st/stm32cubeide_1.3.0/stm32cubeide/plugins/com.st.stm32cube.ide.mcu.externaltools.gnu-tools-for-stm32.9-2020-q2-update.win32_2.0.0.202105311346/tools/bin/../lib/gcc/arm-none-eabi/9.3.1/../../../../arm-none-eabi/lib/thumb/v7e-m+fp/hard\libc_nano.a(lib_a-memcpy-stub.o)
                              ./FreeRTOS_Source/portable/GCC/ARM_CM4F/queue.o (memcpy)
c:/st/stm32cubeide_1.3.0/stm32cubeide/plugins/com.st.stm32cube.ide.mcu.externaltools.gnu-tools-for-stm32.9-2020-q2-update.win32_2.0.0.202105311346/tools/bin/../lib/gcc/arm-none-eabi/9.3.1/../../../../arm-none-eabi/lib/thumb/v7e-m+fp/hard\libc_nano.a(lib_a-memset.o)
                              c:/st/stm32cubeide_1.3.0/stm32cubeide/plugins/com.st.stm32cube.ide.mcu.externaltools.gnu-tools-for-stm32.9-2020-q2-update.win32_2.0.0.202105311346/tools/bin/../lib/gcc/arm-none-eabi/9.3.1/../../../../arm-none-eabi/lib/thumb/v7e-m+fp/hard/crt0.o (memset)
c:/st/stm32cubeide_1.3.0/stm32cubeide/plugins/com.st.stm32cube.ide.mcu.externaltools.gnu-tools-for-stm32.9-2020-q2-update.win32_2.0.0.202105311346/tools/bin/../lib/gcc/arm-none-eabi/9.3.1/../../../../arm-none-eabi/lib/thumb/v7e-m+fp/hard\libc_nano.a(lib_a-sprintf.o)
                              ./FreeRTOS_Source/portable/GCC/ARM_CM4F/tasks.o (sprintf)
c:/st/stm32cubeide_1.3.0/stm32cubeide/plugins/com.st.stm32cube.ide.mcu.externaltools.gnu-tools-for-stm32.9-2020-q2-update.win32_2.0.0.202105311346/tools/bin/../lib/gcc/arm-none-eabi/9.3.1/../../../../arm-none-eabi/lib/thumb/v7e-m+fp/hard\libc_nano.a(lib_a-strcpy.o)
                              ./FreeRTOS_Source/portable/GCC/ARM_CM4F/tasks.o (strcpy)
c:/st/stm32cubeide_1.3.0/stm32cubeide/plugins/com.st.stm32cube.ide.mcu.externaltools.gnu-tools-for-stm32.9-2020-q2-update.win32_2.0.0.202105311346/tools/bin/../lib/gcc/arm-none-eabi/9.3.1/../../../../arm-none-eabi/lib/thumb/v7e-m+fp/hard\libc_nano.a(lib_a-strlen.o)
                              ./FreeRTOS_Source/portable/GCC/ARM_CM4F/tasks.o (strlen)
c:/st/stm32cubeide_1.3.0/stm32cubeide/plugins/com.st.stm32cube.ide.mcu.externaltools.gnu-tools-for-stm32.9-2020-q2-update.win32_2.0.0.202105311346/tools/bin/../lib/gcc/arm-none-eabi/9.3.1/../../../../arm-none-eabi/lib/thumb/v7e-m+fp/hard\libc_nano.a(lib_a-nano-svfprintf.o)
                              c:/st/stm32cubeide_1.3.0/stm32cubeide/plugins/com.st.stm32cube.ide.mcu.externaltools.gnu-tools-for-stm32.9-2020-q2-update.win32_2.0.0.202105311346/tools/bin/../lib/gcc/arm-none-eabi/9.3.1/../../../../arm-none-eabi/lib/thumb/v7e-m+fp/hard\libc_nano.a(lib_a-sprintf.o) (_svfprintf_r)
c:/st/stm32cubeide_1.3.0/stm32cubeide/plugins/com.st.stm32cube.ide.mcu.externaltools.gnu-tools-for-stm32.9-2020-q2-update.win32_2.0.0.202105311346/tools/bin/../lib/gcc/arm-none-eabi/9.3.1/../../../../arm-none-eabi/lib/thumb/v7e-m+fp/hard\libc_nano.a(lib_a-nano-vfprintf_i.o)
[...]
Memory Configuration

Name             Origin             Length             Attributes
RAM              0x0000000020000000 0x0000000000020000 xrw
FLASH            0x0000000008000000 0x0000000000080000 xr
*default*        0x0000000000000000 0xffffffffffffffff

Linker script and memory map

LOAD c:/st/stm32cubeide_1.3.0/stm32cubeide/plugins/com.st.stm32cube.ide.mcu.externaltools.gnu-tools-for-stm32.9-2020-q2-update.win32_2.0.0.202105311346/tools/bin/../lib/gcc/arm-none-eabi/9.3.1/thumb/v7e-m+fp/hard/crti.o
LOAD c:/st/stm32cubeide_1.3.0/stm32cubeide/plugins/com.st.stm32cube.ide.mcu.externaltools.gnu-tools-for-stm32.9-2020-q2-update.win32_2.0.0.202105311346/tools/bin/../lib/gcc/arm-none-eabi/9.3.1/thumb/v7e-m+fp/hard/crtbegin.o
LOAD c:/st/stm32cubeide_1.3.0/stm32cubeide/plugins/com.st.stm32cube.ide.mcu.externaltools.gnu-tools-for-stm32.9-2020-q2-update.win32_2.0.0.202105311346/tools/bin/../lib/gcc/arm-none-eabi/9.3.1/../../../../arm-none-eabi/lib/thumb/v7e-m+fp/hard/crt0.o
LOAD ./CMSIS/src/system_stm32g4xx.o
LOAD ./FreeRTOS_Source/portable/GCC/ARM_CM4F/croutine.o
LOAD ./FreeRTOS_Source/portable/GCC/ARM_CM4F/event_groups.o
LOAD ./FreeRTOS_Source/portable/GCC/ARM_CM4F/list.o
LOAD ./FreeRTOS_Source/portable/GCC/ARM_CM4F/port.o
LOAD ./FreeRTOS_Source/portable/GCC/ARM_CM4F/queue.o
LOAD ./FreeRTOS_Source/portable/GCC/ARM_CM4F/stream_buffer.o
LOAD ./FreeRTOS_Source/portable/GCC/ARM_CM4F/tasks.o
LOAD ./FreeRTOS_Source/portable/GCC/ARM_CM4F/timers.o
LOAD ./FreeRTOS_Source/portable/MemMang/heap_1.o
LOAD ./Main/Startup/startup_stm32g473cetx.o
LOAD ./Main/scr/main.o
LOAD ./Main/scr/syscalls.o
LOAD ./Main/scr/sysinit.o
LOAD ./Main/scr/sysmem.o
LOAD ./Peripheral/src/CORDIC.o
LOAD ./Peripheral/src/DAC.o
LOAD ./Peripheral/src/LED.o
LOAD ./Peripheral/src/UART.o
LOAD ./Peripheral/src/dma.o
LOAD ./Peripheral/src/fmac.o
LOAD ./Peripheral/src/init_timers.o
LOAD ./Peripheral/src/vrefbuf.o
LOAD ./SW_Fucntions/src/conversions.o
START GROUP
LOAD c:/st/stm32cubeide_1.3.0/stm32cubeide/plugins/com.st.stm32cube.ide.mcu.externaltools.gnu-tools-for-stm32.9-2020-q2-update.win32_2.0.0.202105311346/tools/bin/../lib/gcc/arm-none-eabi/9.3.1/../../../../arm-none-eabi/lib/thumb/v7e-m+fp/hard\libc_nano.a
LOAD c:/st/stm32cubeide_1.3.0/stm32cubeide/plugins/com.st.stm32cube.ide.mcu.externaltools.gnu-tools-for-stm32.9-2020-q2-update.win32_2.0.0.202105311346/tools/bin/../lib/gcc/arm-none-eabi/9.3.1/../../../../arm-none-eabi/lib/thumb/v7e-m+fp/hard\libm.a
END GROUP
START GROUP
LOAD c:/st/stm32cubeide_1.3.0/stm32cubeide/plugins/com.st.stm32cube.ide.mcu.externaltools.gnu-tools-for-stm32.9-2020-q2-update.win32_2.0.0.202105311346/tools/bin/../lib/gcc/arm-none-eabi/9.3.1/thumb/v7e-m+fp/hard\libgcc.a
LOAD c:/st/stm32cubeide_1.3.0/stm32cubeide/plugins/com.st.stm32cube.ide.mcu.externaltools.gnu-tools-for-stm32.9-2020-q2-update.win32_2.0.0.202105311346/tools/bin/../lib/gcc/arm-none-eabi/9.3.1/../../../../arm-none-eabi/lib/thumb/v7e-m+fp/hard\libc_nano.a
END GROUP
START GROUP
LOAD c:/st/stm32cubeide_1.3.0/stm32cubeide/plugins/com.st.stm32cube.ide.mcu.externaltools.gnu-tools-for-stm32.9-2020-q2-update.win32_2.0.0.202105311346/tools/bin/../lib/gcc/arm-none-eabi/9.3.1/thumb/v7e-m+fp/hard\libgcc.a
LOAD c:/st/stm32cubeide_1.3.0/stm32cubeide/plugins/com.st.stm32cube.ide.mcu.externaltools.gnu-tools-for-stm32.9-2020-q2-update.win32_2.0.0.202105311346/tools/bin/../lib/gcc/arm-none-eabi/9.3.1/../../../../arm-none-eabi/lib/thumb/v7e-m+fp/hard\libc_nano.a
LOAD c:/st/stm32cubeide_1.3.0/stm32cubeide/plugins/com.st.stm32cube.ide.mcu.externaltools.gnu-tools-for-stm32.9-2020-q2-update.win32_2.0.0.202105311346/tools/bin/../lib/gcc/arm-none-eabi/9.3.1/../../../../arm-none-eabi/lib/thumb/v7e-m+fp/hard\libnosys.a
END GROUP
START GROUP
LOAD c:/st/stm32cubeide_1.3.0/stm32cubeide/plugins/com.st.stm32cube.ide.mcu.externaltools.gnu-tools-for-stm32.9-2020-q2-update.win32_2.0.0.202105311346/tools/bin/../lib/gcc/arm-none-eabi/9.3.1/thumb/v7e-m+fp/hard\libgcc.a
LOAD c:/st/stm32cubeide_1.3.0/stm32cubeide/plugins/com.st.stm32cube.ide.mcu.externaltools.gnu-tools-for-stm32.9-2020-q2-update.win32_2.0.0.202105311346/tools/bin/../lib/gcc/arm-none-eabi/9.3.1/../../../../arm-none-eabi/lib/thumb/v7e-m+fp/hard\libc_nano.a
LOAD c:/st/stm32cubeide_1.3.0/stm32cubeide/plugins/com.st.stm32cube.ide.mcu.externaltools.gnu-tools-for-stm32.9-2020-q2-update.win32_2.0.0.202105311346/tools/bin/../lib/gcc/arm-none-eabi/9.3.1/../../../../arm-none-eabi/lib/thumb/v7e-m+fp/hard\libnosys.a
END GROUP
LOAD c:/st/stm32cubeide_1.3.0/stm32cubeide/plugins/com.st.stm32cube.ide.mcu.externaltools.gnu-tools-for-stm32.9-2020-q2-update.win32_2.0.0.202105311346/tools/bin/../lib/gcc/arm-none-eabi/9.3.1/thumb/v7e-m+fp/hard/crtend.o
LOAD c:/st/stm32cubeide_1.3.0/stm32cubeide/plugins/com.st.stm32cube.ide.mcu.externaltools.gnu-tools-for-stm32.9-2020-q2-update.win32_2.0.0.202105311346/tools/bin/../lib/gcc/arm-none-eabi/9.3.1/thumb/v7e-m+fp/hard/crtn.o
                0x0000000020020000                _estack = (ORIGIN (RAM) + LENGTH (RAM))
                0x0000000000000200                _Min_Heap_Size = 0x200
                0x0000000000000400                _Min_Stack_Size = 0x400

.isr_vector     0x0000000008000000      0x1d8
                0x0000000008000000                . = ALIGN (0x4)
 *(.isr_vector)
 .isr_vector    0x0000000008000000      0x1d8 ./Main/Startup/startup_stm32g473cetx.o
                0x0000000008000000                g_pfnVectors
                0x00000000080001d8                . = ALIGN (0x4)

.text           0x00000000080001e0     0x3f10
                0x00000000080001e0                . = ALIGN (0x4)
 *(.text)
 .text          0x00000000080001e0       0x40 c:/st/stm32cubeide_1.3.0/stm32cubeide/plugins/com.st.stm32cube.ide.mcu.externaltools.gnu-tools-for-stm32.9-2020-q2-update.win32_2.0.0.202105311346/tools/bin/../lib/gcc/arm-none-eabi/9.3.1/thumb/v7e-m+fp/hard/crtbegin.o
 .text          0x0000000008000220      0x378 c:/st/stm32cubeide_1.3.0/stm32cubeide/plugins/com.st.stm32cube.ide.mcu.externaltools.gnu-tools-for-stm32.9-2020-q2-update.win32_2.0.0.202105311346/tools/bin/../lib/gcc/arm-none-eabi/9.3.1/thumb/v7e-m+fp/hard\libgcc.a(_arm_addsubdf3.o)
                0x0000000008000220                __aeabi_drsub
                0x0000000008000228                __aeabi_dsub
                0x0000000008000228                __subdf3
                0x000000000800022c                __aeabi_dadd
                0x000000000800022c                __adddf3
                0x00000000080004a4                __floatunsidf
                0x00000000080004a4                __aeabi_ui2d
                0x00000000080004c4                __floatsidf
                0x00000000080004c4                __aeabi_i2d
                0x00000000080004e8                __aeabi_f2d
                0x00000000080004e8                __extendsfdf2
                0x000000000800052c                __floatundidf
                0x000000000800052c                __aeabi_ul2d
                0x000000000800053c                __floatdidf
                0x000000000800053c                __aeabi_l2d
 .text          0x0000000008000598      0x424 c:/st/stm32cubeide_1.3.0/stm32cubeide/plugins/com.st.stm32cube.ide.mcu.externaltools.gnu-tools-for-stm32.9-2020-q2-update.win32_2.0.0.202105311346/tools/bin/../lib/gcc/arm-none-eabi/9.3.1/thumb/v7e-m+fp/hard\libgcc.a(_arm_muldivdf3.o)
                0x0000000008000598                __aeabi_dmul
                0x0000000008000598                __muldf3
                0x00000000080007ec                __divdf3
                0x00000000080007ec                __aeabi_ddiv
 .text          0x00000000080009bc       0xa0 c:/st/stm32cubeide_1.3.0/stm32cubeide/plugins/com.st.stm32cube.ide.mcu.externaltools.gnu-tools-for-stm32.9-2020-q2-update.win32_2.0.0.202105311346/tools/bin/../lib/gcc/arm-none-eabi/9.3.1/thumb/v7e-m+fp/hard\libgcc.a(_arm_truncdfsf2.o)
                0x00000000080009bc                __truncdfsf2
                0x00000000080009bc                __aeabi_d2f
 *(.text*)
 .text.SystemInit
                0x0000000008000a5c       0x2c ./CMSIS/src/system_stm32g4xx.o
                0x0000000008000a5c                SystemInit
 .text.SystemCoreClockUpdate
                0x0000000008000a88       0xd4 ./CMSIS/src/system_stm32g4xx.o
                0x0000000008000a88                SystemCoreClockUpdate
 .text.vListInitialise
                0x0000000008000b5c       0x40 ./FreeRTOS_Source/portable/GCC/ARM_CM4F/list.o
                0x0000000008000b5c                vListInitialise
 .text.vListInitialiseItem
                0x0000000008000b9c       0x1a ./FreeRTOS_Source/portable/GCC/ARM_CM4F/list.o
                0x0000000008000b9c                vListInitialiseItem
 .text.vListInsertEnd
                0x0000000008000bb6       0x48 ./FreeRTOS_Source/portable/GCC/ARM_CM4F/list.o
                0x0000000008000bb6                vListInsertEnd
 .text.vListInsert
                0x0000000008000bfe       0x72 ./FreeRTOS_Source/portable/GCC/ARM_CM4F/list.o
                0x0000000008000bfe                vListInsert
 .text.uxListRemove
                0x0000000008000c70       0x54 ./FreeRTOS_Source/portable/GCC/ARM_CM4F/list.o
                0x0000000008000c70                uxListRemove
 .text.pxPortInitialiseStack
                0x0000000008000cc4       0x68 ./FreeRTOS_Source/portable/GCC/ARM_CM4F/port.o
                0x0000000008000cc4                pxPortInitialiseStack
 .text.prvTaskExitError
                0x0000000008000d2c       0x58 ./FreeRTOS_Source/portable/GCC/ARM_CM4F/port.o
 *fill*         0x0000000008000d84        0xc 
 .text.SVC_Handler
                0x0000000008000d90       0x28 ./FreeRTOS_Source/portable/GCC/ARM_CM4F/port.o
                0x0000000008000d90                SVC_Handler
 .text.prvPortStartFirstTask
                0x0000000008000db8       0x2c ./FreeRTOS_Source/portable/GCC/ARM_CM4F/port.o
 .text.xPortStartScheduler
                0x0000000008000de4      0x144 ./FreeRTOS_Source/portable/GCC/ARM_CM4F/port.o
                0x0000000008000de4                xPortStartScheduler
 .text.vPortEnterCritical
                0x0000000008000f28       0x60 ./FreeRTOS_Source/portable/GCC/ARM_CM4F/port.o
                0x0000000008000f28                vPortEnterCritical
 .text.vPortExitCritical
                0x0000000008000f88       0x54 ./FreeRTOS_Source/portable/GCC/ARM_CM4F/port.o
                0x0000000008000f88                vPortExitCritical
 *fill*         0x0000000008000fdc        0x4 
 .text.PendSV_Handler
                0x0000000008000fe0       0x68 ./FreeRTOS_Source/portable/GCC/ARM_CM4F/port.o
                0x0000000008000fe0                PendSV_Handler
 .text.SysTick_Handler
                0x0000000008001048       0x44 ./FreeRTOS_Source/portable/GCC/ARM_CM4F/port.o
                0x0000000008001048                SysTick_Handler
 .text.vPortSetupTimerInterrupt
                0x000000000800108c       0x48 ./FreeRTOS_Source/portable/GCC/ARM_CM4F/port.o
                0x000000000800108c                vPortSetupTimerInterrupt
 .text.vPortEnableVFP
                0x00000000080010d4       0x18 ./FreeRTOS_Source/portable/GCC/ARM_CM4F/port.o
 .text.vPortValidateInterruptPriority
                0x00000000080010ec       0x80 ./FreeRTOS_Source/portable/GCC/ARM_CM4F/port.o
                0x00000000080010ec                vPortValidateInterruptPriority
 .text.xQueueGenericReset
                0x000000000800116c       0xd0 ./FreeRTOS_Source/portable/GCC/ARM_CM4F/queue.o
                0x000000000800116c                xQueueGenericReset
 .text.xQueueGenericCreate
                0x000000000800123c       0xa0 ./FreeRTOS_Source/portable/GCC/ARM_CM4F/queue.o
                0x000000000800123c                xQueueGenericCreate
 .text.prvInitialiseNewQueue
                0x00000000080012dc       0x46 ./FreeRTOS_Source/portable/GCC/ARM_CM4F/queue.o
 *fill*         0x0000000008001322        0x2 
 .text.xQueueGenericSend
                0x0000000008001324      0x1fc ./FreeRTOS_Source/portable/GCC/ARM_CM4F/queue.o
                0x0000000008001324                xQueueGenericSend
 .text.xQueueGenericSendFromISR
                0x0000000008001520      0x154 ./FreeRTOS_Source/portable/GCC/ARM_CM4F/queue.o
                0x0000000008001520                xQueueGenericSendFromISR
 .text.xQueueReceive
                0x0000000008001674      0x1c0 ./FreeRTOS_Source/portable/GCC/ARM_CM4F/queue.o
                0x0000000008001674                xQueueReceive
 .text.prvCopyDataToQueue
                0x0000000008001834       0xb8 ./FreeRTOS_Source/portable/GCC/ARM_CM4F/queue.o
 .text.prvCopyDataFromQueue
                0x00000000080018ec       0x4c ./FreeRTOS_Source/portable/GCC/ARM_CM4F/queue.o
 .text.prvUnlockQueue
                0x0000000008001938       0xa4 ./FreeRTOS_Source/portable/GCC/ARM_CM4F/queue.o
 .text.prvIsQueueEmpty
                0x00000000080019dc       0x2c ./FreeRTOS_Source/portable/GCC/ARM_CM4F/queue.o
 .text.prvIsQueueFull
                0x0000000008001a08       0x30 ./FreeRTOS_Source/portable/GCC/ARM_CM4F/queue.o
 .text.vQueueAddToRegistry
                0x0000000008001a38       0x54 ./FreeRTOS_Source/portable/GCC/ARM_CM4F/queue.o
                0x0000000008001a38                vQueueAddToRegistry
 .text.vQueueWaitForMessageRestricted
                0x0000000008001a8c       0x68 ./FreeRTOS_Source/portable/GCC/ARM_CM4F/queue.o
                0x0000000008001a8c                vQueueWaitForMessageRestricted
 .text.xTaskCreate
                0x0000000008001af4       0x82 ./FreeRTOS_Source/portable/GCC/ARM_CM4F/tasks.o
                0x0000000008001af4                xTaskCreate
 .text.prvInitialiseNewTask
                0x0000000008001b76      0x126 ./FreeRTOS_Source/portable/GCC/ARM_CM4F/tasks.o
 .text.prvAddNewTaskToReadyList
                0x0000000008001c9c       0xe0 ./FreeRTOS_Source/portable/GCC/ARM_CM4F/tasks.o
 .text.vTaskDelay
                0x0000000008001d7c       0x68 ./FreeRTOS_Source/portable/GCC/ARM_CM4F/tasks.o
                0x0000000008001d7c                vTaskDelay
 .text.vTaskStartScheduler
                0x0000000008001de4       0x9c ./FreeRTOS_Source/portable/GCC/ARM_CM4F/tasks.o
                0x0000000008001de4                vTaskStartScheduler
 .text.vTaskSuspendAll
                0x0000000008001e80       0x1c ./FreeRTOS_Source/portable/GCC/ARM_CM4F/tasks.o
                0x0000000008001e80                vTaskSuspendAll
 .text.xTaskResumeAll
                0x0000000008001e9c      0x13c ./FreeRTOS_Source/portable/GCC/ARM_CM4F/tasks.o
                0x0000000008001e9c                xTaskResumeAll
 .text.xTaskGetTickCount
                0x0000000008001fd8       0x20 ./FreeRTOS_Source/portable/GCC/ARM_CM4F/tasks.o
                0x0000000008001fd8                xTaskGetTickCount
 .text.xTaskIncrementTick
                0x0000000008001ff8      0x174 ./FreeRTOS_Source/portable/GCC/ARM_CM4F/tasks.o
                0x0000000008001ff8                xTaskIncrementTick
 .text.vTaskSwitchContext
                0x000000000800216c       0xbc ./FreeRTOS_Source/portable/GCC/ARM_CM4F/tasks.o
                0x000000000800216c                vTaskSwitchContext
 .text.vTaskPlaceOnEventList
                0x0000000008002228       0x48 ./FreeRTOS_Source/portable/GCC/ARM_CM4F/tasks.o
                0x0000000008002228                vTaskPlaceOnEventList
 .text.vTaskPlaceOnEventListRestricted
                0x0000000008002270       0x58 ./FreeRTOS_Source/portable/GCC/ARM_CM4F/tasks.o
                0x0000000008002270                vTaskPlaceOnEventListRestricted
 .text.xTaskRemoveFromEventList
                0x00000000080022c8       0xc8 ./FreeRTOS_Source/portable/GCC/ARM_CM4F/tasks.o
                0x00000000080022c8                xTaskRemoveFromEventList
 .text.vTaskInternalSetTimeOutState
                0x0000000008002390       0x2c ./FreeRTOS_Source/portable/GCC/ARM_CM4F/tasks.o
                0x0000000008002390                vTaskInternalSetTimeOutState
 .text.xTaskCheckForTimeOut
                0x00000000080023bc       0xcc ./FreeRTOS_Source/portable/GCC/ARM_CM4F/tasks.o
                0x00000000080023bc                xTaskCheckForTimeOut
 .text.vTaskMissedYield
                0x0000000008002488       0x18 ./FreeRTOS_Source/portable/GCC/ARM_CM4F/tasks.o
                0x0000000008002488                vTaskMissedYield
 .text.prvIdleTask
                0x00000000080024a0       0x30 ./FreeRTOS_Source/portable/GCC/ARM_CM4F/tasks.o
 .text.prvInitialiseTaskLists
                0x00000000080024d0       0x80 ./FreeRTOS_Source/portable/GCC/ARM_CM4F/tasks.o
 .text.prvCheckTasksWaitingTermination
                0x0000000008002550       0x5c ./FreeRTOS_Source/portable/GCC/ARM_CM4F/tasks.o
 .text.prvDeleteTCB
                0x00000000080025ac       0x20 ./FreeRTOS_Source/portable/GCC/ARM_CM4F/tasks.o
 .text.prvResetNextTaskUnblockTime
                0x00000000080025cc       0x38 ./FreeRTOS_Source/portable/GCC/ARM_CM4F/tasks.o
 .text.xTaskGetSchedulerState
                0x0000000008002604       0x3c ./FreeRTOS_Source/portable/GCC/ARM_CM4F/tasks.o
                0x0000000008002604                xTaskGetSchedulerState
 .text.prvAddCurrentTaskToDelayedList
                0x0000000008002640       0xa8 ./FreeRTOS_Source/portable/GCC/ARM_CM4F/tasks.o
 .text.xTimerCreateTimerTask
                0x00000000080026e8       0x64 ./FreeRTOS_Source/portable/GCC/ARM_CM4F/timers.o
                0x00000000080026e8                xTimerCreateTimerTask
 .text.xTimerGenericCommand
                0x000000000800274c       0x9c ./FreeRTOS_Source/portable/GCC/ARM_CM4F/timers.o
                0x000000000800274c                xTimerGenericCommand
 .text.prvProcessExpiredTimer
                0x00000000080027e8       0x98 ./FreeRTOS_Source/portable/GCC/ARM_CM4F/timers.o
 .text.prvTimerTask
                0x0000000008002880       0x24 ./FreeRTOS_Source/portable/GCC/ARM_CM4F/timers.o
 .text.prvProcessTimerOrBlockTask
                0x00000000080028a4       0x9c ./FreeRTOS_Source/portable/GCC/ARM_CM4F/timers.o
 .text.prvGetNextExpireTime
                0x0000000008002940       0x48 ./FreeRTOS_Source/portable/GCC/ARM_CM4F/timers.o
 .text.prvSampleTimeNow
                0x0000000008002988       0x40 ./FreeRTOS_Source/portable/GCC/ARM_CM4F/timers.o
 .text.prvInsertTimerInActiveList
                0x00000000080029c8       0x84 ./FreeRTOS_Source/portable/GCC/ARM_CM4F/timers.o
 .text.prvProcessReceivedCommands
                0x0000000008002a4c      0x18c ./FreeRTOS_Source/portable/GCC/ARM_CM4F/timers.o
 .text.prvSwitchTimerLists
                0x0000000008002bd8       0xc8 ./FreeRTOS_Source/portable/GCC/ARM_CM4F/timers.o
 .text.prvCheckForValidListAndQueue
                0x0000000008002ca0       0x6c ./FreeRTOS_Source/portable/GCC/ARM_CM4F/timers.o
 .text.pvPortMalloc
                0x0000000008002d0c       0x8c ./FreeRTOS_Source/portable/MemMang/heap_1.o
                0x0000000008002d0c                pvPortMalloc
 .text.vPortFree
                0x0000000008002d98       0x30 ./FreeRTOS_Source/portable/MemMang/heap_1.o
                0x0000000008002d98                vPortFree
 .text.Reset_Handler
                0x0000000008002dc8       0x50 ./Main/Startup/startup_stm32g473cetx.o
                0x0000000008002dc8                Reset_Handler
 .text.Default_Handler
                0x0000000008002e18        0x2 ./Main/Startup/startup_stm32g473cetx.o
                0x0000000008002e18                EXTI2_IRQHandler
                0x0000000008002e18                TIM8_TRG_COM_IRQHandler
                0x0000000008002e18                TIM8_CC_IRQHandler
                0x0000000008002e18                DMA2_CH8_IRQHandler
                0x0000000008002e18                DebugMon_Handler
                0x0000000008002e18                DMA1_CH4_IRQHandler
                0x0000000008002e18                SPI4_IRQHandler
                0x0000000008002e18                FDCAN3_intr1_IRQHandler
                0x0000000008002e18                TIM1_CC_IRQHandler
                0x0000000008002e18                Cordic_IRQHandler
                0x0000000008002e18                HardFault_Handler
                0x0000000008002e18                USB_HP_IRQHandler
                0x0000000008002e18                EXTI3_IRQHandler
                0x0000000008002e18                I2C3_ER_IRQHandler
                0x0000000008002e18                DMA1_CH8_IRQHandler
                0x0000000008002e18                EXTI0_IRQHandler
                0x0000000008002e18                I2C2_EV_IRQHandler
                0x0000000008002e18                DMA2_CH1_IRQHandler
                0x0000000008002e18                FPU_IRQHandler
                0x0000000008002e18                TIM1_UP_TIM16_IRQHandler
                0x0000000008002e18                DMA2_CH7_IRQHandler
                0x0000000008002e18                UsageFault_Handler
                0x0000000008002e18                ADC1_2_IRQHandler
                0x0000000008002e18                SPI1_IRQHandler
                0x0000000008002e18                TIM8_UP_IRQHandler
                0x0000000008002e18                USBWakeUP_IRQHandler
                0x0000000008002e18                RTC_ALARM_IRQHandler
                0x0000000008002e18                DMA1_CH6_IRQHandler
                0x0000000008002e18                TIM20_TRG_COM_IRQHandler
                0x0000000008002e18                USART3_IRQHandler
                0x0000000008002e18                LPUART_IRQHandler
                0x0000000008002e18                UART5_IRQHandler
                0x0000000008002e18                ADC3_IRQHandler
                0x0000000008002e18                TIM4_IRQHandler
                0x0000000008002e18                QUADSPI_IRQHandler
                0x0000000008002e18                I2C1_EV_IRQHandler
                0x0000000008002e18                DMA2_CH5_IRQHandler
                0x0000000008002e18                UART4_IRQHandler
                0x0000000008002e18                DMA1_CH3_IRQHandler
                0x0000000008002e18                TIM3_IRQHandler
                0x0000000008002e18                RCC_IRQHandler
                0x0000000008002e18                TIM20_UP_IRQHandler
                0x0000000008002e18                TIM1_TRG_COM_IRQHandler
                0x0000000008002e18                Default_Handler
                0x0000000008002e18                EXTI15_10_IRQHandler
                0x0000000008002e18                TIM5_IRQHandler
                0x0000000008002e18                UCPD1_IRQHandler
                0x0000000008002e18                I2C3_EV_IRQHandler
                0x0000000008002e18                EXTI9_5_IRQHandler
                0x0000000008002e18                RTC_WKUP_IRQHandler
                0x0000000008002e18                SAI_IRQHandler
                0x0000000008002e18                PVD_PVM_IRQHandler
                0x0000000008002e18                fdcan1_intr1_it_IRQHandler
                0x0000000008002e18                SPI2_IRQHandler
                0x0000000008002e18                DMA1_CH1_IRQHandler
                0x0000000008002e18                MemManage_Handler
                0x0000000008002e18                ADC5_IRQHandler
                0x0000000008002e18                CRS_IRQHandler
                0x0000000008002e18                USB_LP_IRQHandler
                0x0000000008002e18                EXTI4_IRQHandler
                0x0000000008002e18                RNG_IRQHandler
                0x0000000008002e18                ADC4_IRQHandler
                0x0000000008002e18                FDCAN2_intr0_IRQHandler
                0x0000000008002e18                WWDG_IRQHandler
                0x0000000008002e18                I2C4_EV_IRQHandler
                0x0000000008002e18                TIM2_IRQHandler
                0x0000000008002e18                COMP7_IRQHandler
                0x0000000008002e18                COMP1_2_3_IRQHandler
                0x0000000008002e18                EXTI1_IRQHandler
                0x0000000008002e18                AES_IRQHandler
                0x0000000008002e18                fdcan1_intr0_it_IRQHandler
                0x0000000008002e18                USART2_IRQHandler
                0x0000000008002e18                COMP4_5_6_IRQHandler
                0x0000000008002e18                TIM20_BRK_IRQHandler
                0x0000000008002e18                I2C2_ER_IRQHandler
                0x0000000008002e18                FDCAN2_intr1_IRQHandler
                0x0000000008002e18                FDCAN3_intr0_IRQHandler
                0x0000000008002e18                TIM8_BRK_IRQHandler
                0x0000000008002e18                FLASH_IRQHandler
                0x0000000008002e18                TIM20_CC_IRQHandler
                0x0000000008002e18                BusFault_Handler
                0x0000000008002e18                SPI3_IRQHandler
                0x0000000008002e18                DMA2_CH6_IRQHandler
                0x0000000008002e18                DMA2_CH3_IRQHandler
                0x0000000008002e18                DMA2_CH2_IRQHandler
                0x0000000008002e18                I2C1_ER_IRQHandler
                0x0000000008002e18                FMC_IRQHandler
                0x0000000008002e18                DMA1_CH5_IRQHandler
                0x0000000008002e18                DMA2_CH4_IRQHandler
                0x0000000008002e18                LPTIM1_IRQHandler
                0x0000000008002e18                DMAMUX_OVR_IRQHandler
                0x0000000008002e18                I2C4_ER_IRQHandler
                0x0000000008002e18                RTC_TAMP_CSS_LSE_IRQHandler
                0x0000000008002e18                TIM1_BRK_TIM15_IRQHandler
 *fill*         0x0000000008002e1a        0x2 
 .text.__NVIC_EnableIRQ
                0x0000000008002e1c       0x3c ./Main/scr/main.o
 .text.__NVIC_SetPriority
                0x0000000008002e58       0x54 ./Main/scr/main.o
 .text.main     0x0000000008002eac      0x194 ./Main/scr/main.o
                0x0000000008002eac                main
 .text.vTaskLED
                0x0000000008003040       0x12 ./Main/scr/main.o
                0x0000000008003040                vTaskLED
 *fill*         0x0000000008003052        0x2 
 .text.TIM6_DACUNDER_IRQHandler
                0x0000000008003054       0x64 ./Main/scr/main.o
                0x0000000008003054                TIM6_DACUNDER_IRQHandler
 .text.TIM7_IRQHandler
                0x00000000080030b8       0x3c ./Main/scr/main.o
                0x00000000080030b8                TIM7_IRQHandler
 .text.FMAC_IRQHandler
                0x00000000080030f4       0x2c ./Main/scr/main.o
                0x00000000080030f4                FMAC_IRQHandler
 .text.DMA1_CH2_IRQHandler
                0x0000000008003120       0x20 ./Main/scr/main.o
                0x0000000008003120                DMA1_CH2_IRQHandler
 .text.InitRCC  0x0000000008003140      0x18c ./Main/scr/sysinit.o
                0x0000000008003140                InitRCC
 .text.NMI_Handler
                0x00000000080032cc      0x12c ./Main/scr/sysinit.o
                0x00000000080032cc                NMI_Handler
 .text.InitCORDIC
                0x00000000080033f8       0x20 ./Peripheral/src/CORDIC.o
                0x00000000080033f8                InitCORDIC
 .text.WriteCORDIC
                0x0000000008003418       0x20 ./Peripheral/src/CORDIC.o
                0x0000000008003418                WriteCORDIC
 .text.ReadCORDIC
                0x0000000008003438       0x18 ./Peripheral/src/CORDIC.o
                0x0000000008003438                ReadCORDIC
 .text.QuickFunctionQ15inQ15out
                0x0000000008003450      0x184 ./Peripheral/src/CORDIC.o
                0x0000000008003450                QuickFunctionQ15inQ15out
 .text.__NVIC_EnableIRQ
                0x00000000080035d4       0x3c ./Peripheral/src/DAC.o
 .text.InitDAC2
                0x0000000008003610      0x138 ./Peripheral/src/DAC.o
                0x0000000008003610                InitDAC2
 .text.InitDmaDac2
                0x0000000008003748       0xf8 ./Peripheral/src/DAC.o
                0x0000000008003748                InitDmaDac2
 .text.WriteDataDmaDac2
                0x0000000008003840       0x3c ./Peripheral/src/DAC.o
                0x0000000008003840                WriteDataDmaDac2
 .text.InitLedGPIO
                0x000000000800387c       0xac ./Peripheral/src/LED.o
                0x000000000800387c                InitLedGPIO
 .text.ToggleLED
                0x0000000008003928       0x78 ./Peripheral/src/LED.o
                0x0000000008003928                ToggleLED
 .text.BlinkLED
                0x00000000080039a0       0x28 ./Peripheral/src/LED.o
                0x00000000080039a0                BlinkLED
 .text.__NVIC_EnableIRQ
                0x00000000080039c8       0x3c ./Peripheral/src/UART.o
 .text.InitUSART1
                0x0000000008003a04       0xf0 ./Peripheral/src/UART.o
                0x0000000008003a04                InitUSART1
 .text.InitDMAusart1
                0x0000000008003af4      0x100 ./Peripheral/src/UART.o
                0x0000000008003af4                InitDMAusart1
 .text.USART1_IRQHandler
                0x0000000008003bf4       0x2c ./Peripheral/src/UART.o
                0x0000000008003bf4                USART1_IRQHandler
 .text.DMA1_CH7_IRQHandler
                0x0000000008003c20       0x20 ./Peripheral/src/UART.o
                0x0000000008003c20                DMA1_CH7_IRQHandler
 .text.InitFmac
                0x0000000008003c40       0x20 ./Peripheral/src/fmac.o
                0x0000000008003c40                InitFmac
 .text.ConfigFmacX1buff
                0x0000000008003c60       0x74 ./Peripheral/src/fmac.o
                0x0000000008003c60                ConfigFmacX1buff
 .text.ConfigFmacX2Buff
                0x0000000008003cd4       0x54 ./Peripheral/src/fmac.o
                0x0000000008003cd4                ConfigFmacX2Buff
 .text.ConfigFmacYBuff
                0x0000000008003d28       0x74 ./Peripheral/src/fmac.o
                0x0000000008003d28                ConfigFmacYBuff
 .text.ConfigFmacRQP
                0x0000000008003d9c       0x74 ./Peripheral/src/fmac.o
                0x0000000008003d9c                ConfigFmacRQP
 .text.ExecuteFmacFunction
                0x0000000008003e10       0x20 ./Peripheral/src/fmac.o
                0x0000000008003e10                ExecuteFmacFunction
 .text.StopFmacFunction
                0x0000000008003e30       0x20 ./Peripheral/src/fmac.o
                0x0000000008003e30                StopFmacFunction
 .text.WriteFmacData
                0x0000000008003e50       0x24 ./Peripheral/src/fmac.o
                0x0000000008003e50                WriteFmacData
 .text.SelectFmacPreloadFmacX2
                0x0000000008003e74       0x58 ./Peripheral/src/fmac.o
                0x0000000008003e74                SelectFmacPreloadFmacX2
 .text.SelectFmacPreloadFmacY
                0x0000000008003ecc       0x54 ./Peripheral/src/fmac.o
                0x0000000008003ecc                SelectFmacPreloadFmacY
 .text.SelectFmacIir
                0x0000000008003f20       0x84 ./Peripheral/src/fmac.o
                0x0000000008003f20                SelectFmacIir
 .text.WriteFmacIirCoefficients
                0x0000000008003fa4       0x6c ./Peripheral/src/fmac.o
                0x0000000008003fa4                WriteFmacIirCoefficients
 .text.InitVrefbuf
                0x0000000008004010       0x54 ./Peripheral/src/vrefbuf.o
                0x0000000008004010                InitVrefbuf
 .text.__libc_init_array
                0x0000000008004064       0x48 c:/st/stm32cubeide_1.3.0/stm32cubeide/plugins/com.st.stm32cube.ide.mcu.externaltools.gnu-tools-for-stm32.9-2020-q2-update.win32_2.0.0.202105311346/tools/bin/../lib/gcc/arm-none-eabi/9.3.1/../../../../arm-none-eabi/lib/thumb/v7e-m+fp/hard\libc_nano.a(lib_a-init.o)
                0x0000000008004064                __libc_init_array
 .text.memcpy   0x00000000080040ac       0x1c c:/st/stm32cubeide_1.3.0/stm32cubeide/plugins/com.st.stm32cube.ide.mcu.externaltools.gnu-tools-for-stm32.9-2020-q2-update.win32_2.0.0.202105311346/tools/bin/../lib/gcc/arm-none-eabi/9.3.1/../../../../arm-none-eabi/lib/thumb/v7e-m+fp/hard\libc_nano.a(lib_a-memcpy-stub.o)
                0x00000000080040ac                memcpy
 .text.memset   0x00000000080040c8       0x10 c:/st/stm32cubeide_1.3.0/stm32cubeide/plugins/com.st.stm32cube.ide.mcu.externaltools.gnu-tools-for-stm32.9-2020-q2-update.win32_2.0.0.202105311346/tools/bin/../lib/gcc/arm-none-eabi/9.3.1/../../../../arm-none-eabi/lib/thumb/v7e-m+fp/hard\libc_nano.a(lib_a-memset.o)
                0x00000000080040c8                memset
 *(.glue_7)
 .glue_7        0x00000000080040d8        0x0 linker stubs
 *(.glue_7t)
 .glue_7t       0x00000000080040d8        0x0 linker stubs
 *(.eh_frame)
 .eh_frame      0x00000000080040d8        0x0 c:/st/stm32cubeide_1.3.0/stm32cubeide/plugins/com.st.stm32cube.ide.mcu.externaltools.gnu-tools-for-stm32.9-2020-q2-update.win32_2.0.0.202105311346/tools/bin/../lib/gcc/arm-none-eabi/9.3.1/thumb/v7e-m+fp/hard/crtbegin.o
 *(.init)
 .init          0x00000000080040d8        0x4 c:/st/stm32cubeide_1.3.0/stm32cubeide/plugins/com.st.stm32cube.ide.mcu.externaltools.gnu-tools-for-stm32.9-2020-q2-update.win32_2.0.0.202105311346/tools/bin/../lib/gcc/arm-none-eabi/9.3.1/thumb/v7e-m+fp/hard/crti.o
                0x00000000080040d8                _init
 .init          0x00000000080040dc        0x8 c:/st/stm32cubeide_1.3.0/stm32cubeide/plugins/com.st.stm32cube.ide.mcu.externaltools.gnu-tools-for-stm32.9-2020-q2-update.win32_2.0.0.202105311346/tools/bin/../lib/gcc/arm-none-eabi/9.3.1/thumb/v7e-m+fp/hard/crtn.o
 *(.fini)
 .fini          0x00000000080040e4        0x4 c:/st/stm32cubeide_1.3.0/stm32cubeide/plugins/com.st.stm32cube.ide.mcu.externaltools.gnu-tools-for-stm32.9-2020-q2-update.win32_2.0.0.202105311346/tools/bin/../lib/gcc/arm-none-eabi/9.3.1/thumb/v7e-m+fp/hard/crti.o
                0x00000000080040e4                _fini
 .fini          0x00000000080040e8        0x8 c:/st/stm32cubeide_1.3.0/stm32cubeide/plugins/com.st.stm32cube.ide.mcu.externaltools.gnu-tools-for-stm32.9-2020-q2-update.win32_2.0.0.202105311346/tools/bin/../lib/gcc/arm-none-eabi/9.3.1/thumb/v7e-m+fp/hard/crtn.o
                0x00000000080040f0                . = ALIGN (0x4)
                0x00000000080040f0                _etext = .

.vfp11_veneer   0x00000000080040f0        0x0
 .vfp11_veneer  0x00000000080040f0        0x0 linker stubs

.v4_bx          0x00000000080040f0        0x0
 .v4_bx         0x00000000080040f0        0x0 linker stubs

.iplt           0x00000000080040f0        0x0
 .iplt          0x00000000080040f0        0x0 c:/st/stm32cubeide_1.3.0/stm32cubeide/plugins/com.st.stm32cube.ide.mcu.externaltools.gnu-tools-for-stm32.9-2020-q2-update.win32_2.0.0.202105311346/tools/bin/../lib/gcc/arm-none-eabi/9.3.1/thumb/v7e-m+fp/hard/crtbegin.o

.rodata         0x00000000080040f0       0x48
                0x00000000080040f0                . = ALIGN (0x4)
 *(.rodata)
 .rodata        0x00000000080040f0       0x17 ./FreeRTOS_Source/portable/GCC/ARM_CM4F/tasks.o
 *fill*         0x0000000008004107        0x1 
 .rodata        0x0000000008004108        0xd ./FreeRTOS_Source/portable/GCC/ARM_CM4F/timers.o
 *fill*         0x0000000008004115        0x3 
 .rodata        0x0000000008004118        0x4 ./Main/scr/main.o
 .rodata        0x000000000800411c        0xa ./Peripheral/src/UART.o
 *(.rodata*)
 *fill*         0x0000000008004126        0x2 
 .rodata.AHBPrescTable
                0x0000000008004128       0x10 ./CMSIS/src/system_stm32g4xx.o
                0x0000000008004128                AHBPrescTable
                0x0000000008004138                . = ALIGN (0x4)

.rel.dyn        0x0000000008004138        0x0
 .rel.iplt      0x0000000008004138        0x0 c:/st/stm32cubeide_1.3.0/stm32cubeide/plugins/com.st.stm32cube.ide.mcu.externaltools.gnu-tools-for-stm32.9-2020-q2-update.win32_2.0.0.202105311346/tools/bin/../lib/gcc/arm-none-eabi/9.3.1/thumb/v7e-m+fp/hard/crtbegin.o

.ARM.extab      0x0000000008004138        0x0
                0x0000000008004138                . = ALIGN (0x4)
 *(.ARM.extab* .gnu.linkonce.armextab.*)
                0x0000000008004138                . = ALIGN (0x4)

.ARM            0x0000000008004138        0x0
                0x0000000008004138                . = ALIGN (0x4)
                0x0000000008004138                __exidx_start = .
 *(.ARM.exidx*)
                0x0000000008004138                __exidx_end = .
                0x0000000008004138                . = ALIGN (0x4)

.preinit_array  0x0000000008004138        0x0
                0x0000000008004138                . = ALIGN (0x4)
                0x0000000008004138                PROVIDE (__preinit_array_start = .)
 *(.preinit_array*)
                0x0000000008004138                PROVIDE (__preinit_array_end = .)
                0x0000000008004138                . = ALIGN (0x4)

.init_array     0x0000000008004138        0x4
                0x0000000008004138                . = ALIGN (0x4)
                0x0000000008004138                PROVIDE (__init_array_start = .)
 *(SORT_BY_NAME(.init_array.*))
 *(.init_array*)
 .init_array    0x0000000008004138        0x4 c:/st/stm32cubeide_1.3.0/stm32cubeide/plugins/com.st.stm32cube.ide.mcu.externaltools.gnu-tools-for-stm32.9-2020-q2-update.win32_2.0.0.202105311346/tools/bin/../lib/gcc/arm-none-eabi/9.3.1/thumb/v7e-m+fp/hard/crtbegin.o
                0x000000000800413c                PROVIDE (__init_array_end = .)
                0x000000000800413c                . = ALIGN (0x4)

.fini_array     0x000000000800413c        0x4
                0x000000000800413c                . = ALIGN (0x4)
                [!provide]                        PROVIDE (__fini_array_start = .)
 *(SORT_BY_NAME(.fini_array.*))
 *(.fini_array*)
 .fini_array    0x000000000800413c        0x4 c:/st/stm32cubeide_1.3.0/stm32cubeide/plugins/com.st.stm32cube.ide.mcu.externaltools.gnu-tools-for-stm32.9-2020-q2-update.win32_2.0.0.202105311346/tools/bin/../lib/gcc/arm-none-eabi/9.3.1/thumb/v7e-m+fp/hard/crtbegin.o
                [!provide]                        PROVIDE (__fini_array_end = .)
                0x0000000008004140                . = ALIGN (0x4)
                0x0000000008004140                _sidata = LOADADDR (.data)

.data           0x0000000020000000       0x14 load address 0x0000000008004140
                0x0000000020000000                . = ALIGN (0x4)
                0x0000000020000000                _sdata = .
 *(.data)
 *(.data*)
 .data.SystemCoreClock
                0x0000000020000000        0x4 ./CMSIS/src/system_stm32g4xx.o
                0x0000000020000000                SystemCoreClock
 .data.uxCriticalNesting
                0x0000000020000004        0x4 ./FreeRTOS_Source/portable/GCC/ARM_CM4F/port.o
 .data.coeff    0x0000000020000008        0xc ./Main/scr/main.o
                0x0000000020000008                coeff
 *(.RamFunc)
 *(.RamFunc*)
                0x0000000020000014                . = ALIGN (0x4)
                0x0000000020000014                _edata = .

.igot.plt       0x0000000020000014        0x0 load address 0x0000000008004154
 .igot.plt      0x0000000020000014        0x0 c:/st/stm32cubeide_1.3.0/stm32cubeide/plugins/com.st.stm32cube.ide.mcu.externaltools.gnu-tools-for-stm32.9-2020-q2-update.win32_2.0.0.202105311346/tools/bin/../lib/gcc/arm-none-eabi/9.3.1/thumb/v7e-m+fp/hard/crtbegin.o
                0x0000000020000014                . = ALIGN (0x4)

.bss            0x0000000020000014     0xcb2c load address 0x0000000008004154
                0x0000000020000014                _sbss = .
                0x0000000020000014                __bss_start__ = _sbss
 *(.bss)
 .bss           0x0000000020000014       0x1c c:/st/stm32cubeide_1.3.0/stm32cubeide/plugins/com.st.stm32cube.ide.mcu.externaltools.gnu-tools-for-stm32.9-2020-q2-update.win32_2.0.0.202105311346/tools/bin/../lib/gcc/arm-none-eabi/9.3.1/thumb/v7e-m+fp/hard/crtbegin.o
 *(.bss*)
 .bss.ucMaxSysCallPriority
                0x0000000020000030        0x1 ./FreeRTOS_Source/portable/GCC/ARM_CM4F/port.o
 *fill*         0x0000000020000031        0x3 
 .bss.ulMaxPRIGROUPValue
                0x0000000020000034        0x4 ./FreeRTOS_Source/portable/GCC/ARM_CM4F/port.o
 .bss.pxCurrentTCB
                0x0000000020000038        0x4 ./FreeRTOS_Source/portable/GCC/ARM_CM4F/tasks.o
                0x0000000020000038                pxCurrentTCB
 .bss.pxReadyTasksLists
                0x000000002000003c       0x64 ./FreeRTOS_Source/portable/GCC/ARM_CM4F/tasks.o
 .bss.xDelayedTaskList1
                0x00000000200000a0       0x14 ./FreeRTOS_Source/portable/GCC/ARM_CM4F/tasks.o
 .bss.xDelayedTaskList2
                0x00000000200000b4       0x14 ./FreeRTOS_Source/portable/GCC/ARM_CM4F/tasks.o
 .bss.pxDelayedTaskList
                0x00000000200000c8        0x4 ./FreeRTOS_Source/portable/GCC/ARM_CM4F/tasks.o
 .bss.pxOverflowDelayedTaskList
                0x00000000200000cc        0x4 ./FreeRTOS_Source/portable/GCC/ARM_CM4F/tasks.o
 .bss.xPendingReadyList
                0x00000000200000d0       0x14 ./FreeRTOS_Source/portable/GCC/ARM_CM4F/tasks.o
 .bss.xTasksWaitingTermination
                0x00000000200000e4       0x14 ./FreeRTOS_Source/portable/GCC/ARM_CM4F/tasks.o
 .bss.uxDeletedTasksWaitingCleanUp
                0x00000000200000f8        0x4 ./FreeRTOS_Source/portable/GCC/ARM_CM4F/tasks.o
 .bss.xSuspendedTaskList
                0x00000000200000fc       0x14 ./FreeRTOS_Source/portable/GCC/ARM_CM4F/tasks.o
 .bss.uxCurrentNumberOfTasks
                0x0000000020000110        0x4 ./FreeRTOS_Source/portable/GCC/ARM_CM4F/tasks.o
 .bss.xTickCount
                0x0000000020000114        0x4 ./FreeRTOS_Source/portable/GCC/ARM_CM4F/tasks.o
 .bss.uxTopReadyPriority
                0x0000000020000118        0x4 ./FreeRTOS_Source/portable/GCC/ARM_CM4F/tasks.o
 .bss.xSchedulerRunning
                0x000000002000011c        0x4 ./FreeRTOS_Source/portable/GCC/ARM_CM4F/tasks.o
 .bss.xPendedTicks
                0x0000000020000120        0x4 ./FreeRTOS_Source/portable/GCC/ARM_CM4F/tasks.o
 .bss.xYieldPending
                0x0000000020000124        0x4 ./FreeRTOS_Source/portable/GCC/ARM_CM4F/tasks.o
 .bss.xNumOfOverflows
                0x0000000020000128        0x4 ./FreeRTOS_Source/portable/GCC/ARM_CM4F/tasks.o
 .bss.uxTaskNumber
                0x000000002000012c        0x4 ./FreeRTOS_Source/portable/GCC/ARM_CM4F/tasks.o
 .bss.xNextTaskUnblockTime
                0x0000000020000130        0x4 ./FreeRTOS_Source/portable/GCC/ARM_CM4F/tasks.o
 .bss.xIdleTaskHandle
                0x0000000020000134        0x4 ./FreeRTOS_Source/portable/GCC/ARM_CM4F/tasks.o
 .bss.uxSchedulerSuspended
                0x0000000020000138        0x4 ./FreeRTOS_Source/portable/GCC/ARM_CM4F/tasks.o
 .bss.xActiveTimerList1
                0x000000002000013c       0x14 ./FreeRTOS_Source/portable/GCC/ARM_CM4F/timers.o
 .bss.xActiveTimerList2
                0x0000000020000150       0x14 ./FreeRTOS_Source/portable/GCC/ARM_CM4F/timers.o
 .bss.pxCurrentTimerList
                0x0000000020000164        0x4 ./FreeRTOS_Source/portable/GCC/ARM_CM4F/timers.o
 .bss.pxOverflowTimerList
                0x0000000020000168        0x4 ./FreeRTOS_Source/portable/GCC/ARM_CM4F/timers.o
 .bss.xTimerQueue
                0x000000002000016c        0x4 ./FreeRTOS_Source/portable/GCC/ARM_CM4F/timers.o
 .bss.xTimerTaskHandle
                0x0000000020000170        0x4 ./FreeRTOS_Source/portable/GCC/ARM_CM4F/timers.o
 .bss.xLastTime.6888
                0x0000000020000174        0x4 ./FreeRTOS_Source/portable/GCC/ARM_CM4F/timers.o
 .bss.ucHeap    0x0000000020000178     0xc800 ./FreeRTOS_Source/portable/MemMang/heap_1.o
 .bss.xNextFreeByte
                0x000000002000c978        0x4 ./FreeRTOS_Source/portable/MemMang/heap_1.o
 .bss.pucAlignedHeap.6565
                0x000000002000c97c        0x4 ./FreeRTOS_Source/portable/MemMang/heap_1.o
 .bss.output    0x000000002000c980        0x8 ./Main/scr/main.o
                0x000000002000c980                output
 .bss.sine16    0x000000002000c988       0x80 ./Main/scr/main.o
 .bss.data      0x000000002000ca08        0x2 ./Main/scr/main.o
 *fill*         0x000000002000ca0a        0x2 
 .bss.amplitude.7807
                0x000000002000ca0c       0x40 ./Main/scr/main.o
 .bss.angle.7808
                0x000000002000ca4c       0x40 ./Main/scr/main.o
 .bss.sineq15.7809
                0x000000002000ca8c       0x40 ./Main/scr/main.o
 .bss.i.7842    0x000000002000cacc        0x4 ./Main/scr/main.o
 .bss.data1.7174
                0x000000002000cad0        0x4 ./Peripheral/src/CORDIC.o
 .bss.data2.7175
                0x000000002000cad4        0x4 ./Peripheral/src/CORDIC.o
 .bss.data.7173
                0x000000002000cad8        0x4 ./Peripheral/src/CORDIC.o
 .bss.result.7176
                0x000000002000cadc        0x4 ./Peripheral/src/CORDIC.o
 .bss.result1.7177
                0x000000002000cae0        0x4 ./Peripheral/src/CORDIC.o
 .bss.result2.7178
                0x000000002000cae4        0x4 ./Peripheral/src/CORDIC.o
 *(COMMON)
 COMMON         0x000000002000cae8       0x50 ./FreeRTOS_Source/portable/GCC/ARM_CM4F/queue.o
                0x000000002000cae8                xQueueRegistry
 COMMON         0x000000002000cb38        0x8 ./Main/scr/main.o
                0x000000002000cb38                TaskSendUSARTHandle
                0x000000002000cb3c                TaskLEDHandle
                0x000000002000cb40                . = ALIGN (0x4)
                0x000000002000cb40                _ebss = .
                0x000000002000cb40                __bss_end__ = _ebss

._user_heap_stack
                0x000000002000cb40      0x600 load address 0x0000000008004154
                0x000000002000cb40                . = ALIGN (0x8)
                [!provide]                        PROVIDE (end = .)
                0x000000002000cb40                PROVIDE (_end = .)
                0x000000002000cd40                . = (. + _Min_Heap_Size)
 *fill*         0x000000002000cb40      0x200 
                0x000000002000d140                . = (. + _Min_Stack_Size)
 *fill*         0x000000002000cd40      0x400 
                0x000000002000d140                . = ALIGN (0x8)

/DISCARD/
 libc.a(*)
 libm.a(*)
 libgcc.a(*)

.ARM.attributes
                0x0000000000000000       0x30
 *(.ARM.attributes)
 .ARM.attributes
                0x0000000000000000       0x1e c:/st/stm32cubeide_1.3.0/stm32cubeide/plugins/com.st.stm32cube.ide.mcu.externaltools.gnu-tools-for-stm32.9-2020-q2-update.win32_2.0.0.202105311346/tools/bin/../lib/gcc/arm-none-eabi/9.3.1/thumb/v7e-m+fp/hard/crti.o
 .ARM.attributes
                0x000000000000001e       0x34 c:/st/stm32cubeide_1.3.0/stm32cubeide/plugins/com.st.stm32cube.ide.mcu.externaltools.gnu-tools-for-stm32.9-2020-q2-update.win32_2.0.0.202105311346/tools/bin/../lib/gcc/arm-none-eabi/9.3.1/thumb/v7e-m+fp/hard/crtbegin.o
 .ARM.attributes
                0x0000000000000052       0x34 ./CMSIS/src/system_stm32g4xx.o
 .ARM.attributes
                0x0000000000000086       0x34 ./FreeRTOS_Source/portable/GCC/ARM_CM4F/list.o
 .ARM.attributes
                0x00000000000000ba       0x34 ./FreeRTOS_Source/portable/GCC/ARM_CM4F/port.o
 .ARM.attributes
                0x00000000000000ee       0x34 ./FreeRTOS_Source/portable/GCC/ARM_CM4F/queue.o
 .ARM.attributes
                0x0000000000000122       0x34 ./FreeRTOS_Source/portable/GCC/ARM_CM4F/tasks.o
 .ARM.attributes
                0x0000000000000156       0x34 ./FreeRTOS_Source/portable/GCC/ARM_CM4F/timers.o
 .ARM.attributes
                0x000000000000018a       0x34 ./FreeRTOS_Source/portable/MemMang/heap_1.o
 .ARM.attributes
                0x00000000000001be       0x21 ./Main/Startup/startup_stm32g473cetx.o
 .ARM.attributes
                0x00000000000001df       0x34 ./Main/scr/main.o
 .ARM.attributes
                0x0000000000000213       0x34 ./Main/scr/sysinit.o
 .ARM.attributes
                0x0000000000000247       0x34 ./Peripheral/src/CORDIC.o
 .ARM.attributes
                0x000000000000027b       0x34 ./Peripheral/src/DAC.o
 .ARM.attributes
                0x00000000000002af       0x34 ./Peripheral/src/LED.o
 .ARM.attributes
                0x00000000000002e3       0x34 ./Peripheral/src/UART.o
 .ARM.attributes
                0x0000000000000317       0x34 ./Peripheral/src/fmac.o
 .ARM.attributes
                0x000000000000034b       0x34 ./Peripheral/src/vrefbuf.o
 .ARM.attributes
                0x000000000000037f       0x34 c:/st/stm32cubeide_1.3.0/stm32cubeide/plugins/com.st.stm32cube.ide.mcu.externaltools.gnu-tools-for-stm32.9-2020-q2-update.win32_2.0.0.202105311346/tools/bin/../lib/gcc/arm-none-eabi/9.3.1/../../../../arm-none-eabi/lib/thumb/v7e-m+fp/hard\libc_nano.a(lib_a-init.o)
 .ARM.attributes
                0x00000000000003b3       0x34 c:/st/stm32cubeide_1.3.0/stm32cubeide/plugins/com.st.stm32cube.ide.mcu.externaltools.gnu-tools-for-stm32.9-2020-q2-update.win32_2.0.0.202105311346/tools/bin/../lib/gcc/arm-none-eabi/9.3.1/../../../../arm-none-eabi/lib/thumb/v7e-m+fp/hard\libc_nano.a(lib_a-memcpy-stub.o)
 .ARM.attributes
                0x00000000000003e7       0x34 c:/st/stm32cubeide_1.3.0/stm32cubeide/plugins/com.st.stm32cube.ide.mcu.externaltools.gnu-tools-for-stm32.9-2020-q2-update.win32_2.0.0.202105311346/tools/bin/../lib/gcc/arm-none-eabi/9.3.1/../../../../arm-none-eabi/lib/thumb/v7e-m+fp/hard\libc_nano.a(lib_a-memset.o)
 .ARM.attributes
                0x000000000000041b       0x1e c:/st/stm32cubeide_1.3.0/stm32cubeide/plugins/com.st.stm32cube.ide.mcu.externaltools.gnu-tools-for-stm32.9-2020-q2-update.win32_2.0.0.202105311346/tools/bin/../lib/gcc/arm-none-eabi/9.3.1/thumb/v7e-m+fp/hard\libgcc.a(_arm_addsubdf3.o)
 .ARM.attributes
                0x0000000000000439       0x1e c:/st/stm32cubeide_1.3.0/stm32cubeide/plugins/com.st.stm32cube.ide.mcu.externaltools.gnu-tools-for-stm32.9-2020-q2-update.win32_2.0.0.202105311346/tools/bin/../lib/gcc/arm-none-eabi/9.3.1/thumb/v7e-m+fp/hard\libgcc.a(_arm_muldivdf3.o)
 .ARM.attributes
                0x0000000000000457       0x1e c:/st/stm32cubeide_1.3.0/stm32cubeide/plugins/com.st.stm32cube.ide.mcu.externaltools.gnu-tools-for-stm32.9-2020-q2-update.win32_2.0.0.202105311346/tools/bin/../lib/gcc/arm-none-eabi/9.3.1/thumb/v7e-m+fp/hard\libgcc.a(_arm_truncdfsf2.o)
 .ARM.attributes
                0x0000000000000475       0x1e c:/st/stm32cubeide_1.3.0/stm32cubeide/plugins/com.st.stm32cube.ide.mcu.externaltools.gnu-tools-for-stm32.9-2020-q2-update.win32_2.0.0.202105311346/tools/bin/../lib/gcc/arm-none-eabi/9.3.1/thumb/v7e-m+fp/hard/crtn.o
OUTPUT(FMAC_Demo.elf elf32-littlearm)
LOAD linker stubs
LOAD c:/st/stm32cubeide_1.3.0/stm32cubeide/plugins/com.st.stm32cube.ide.mcu.externaltools.gnu-tools-for-stm32.9-2020-q2-update.win32_2.0.0.202105311346/tools/bin/../lib/gcc/arm-none-eabi/9.3.1/../../../../arm-none-eabi/lib/thumb/v7e-m+fp/hard\libc.a
LOAD c:/st/stm32cubeide_1.3.0/stm32cubeide/plugins/com.st.stm32cube.ide.mcu.externaltools.gnu-tools-for-stm32.9-2020-q2-update.win32_2.0.0.202105311346/tools/bin/../lib/gcc/arm-none-eabi/9.3.1/../../../../arm-none-eabi/lib/thumb/v7e-m+fp/hard\libm.a
LOAD c:/st/stm32cubeide_1.3.0/stm32cubeide/plugins/com.st.stm32cube.ide.mcu.externaltools.gnu-tools-for-stm32.9-2020-q2-update.win32_2.0.0.202105311346/tools/bin/../lib/gcc/arm-none-eabi/9.3.1/thumb/v7e-m+fp/hard\libgcc.a

.debug_info     0x0000000000000000     0xbf14
 .debug_info    0x0000000000000000      0x5c2 ./CMSIS/src/system_stm32g4xx.o
 .debug_info    0x00000000000005c2      0xb82 ./FreeRTOS_Source/portable/GCC/ARM_CM4F/list.o
 .debug_info    0x0000000000001144      0x4f1 ./FreeRTOS_Source/portable/GCC/ARM_CM4F/port.o
 .debug_info    0x0000000000001635     0x1d54 ./FreeRTOS_Source/portable/GCC/ARM_CM4F/queue.o
 .debug_info    0x0000000000003389     0x27f3 ./FreeRTOS_Source/portable/GCC/ARM_CM4F/tasks.o
 .debug_info    0x0000000000005b7c     0x1567 ./FreeRTOS_Source/portable/GCC/ARM_CM4F/timers.o
 .debug_info    0x00000000000070e3      0xa6f ./FreeRTOS_Source/portable/MemMang/heap_1.o
 .debug_info    0x0000000000007b52       0x22 ./Main/Startup/startup_stm32g473cetx.o
 .debug_info    0x0000000000007b74      0xf1c ./Main/scr/main.o
 .debug_info    0x0000000000008a90      0x71e ./Main/scr/sysinit.o
 .debug_info    0x00000000000091ae      0x67b ./Peripheral/src/CORDIC.o
 .debug_info    0x0000000000009829      0xb0e ./Peripheral/src/DAC.o
 .debug_info    0x000000000000a337      0x532 ./Peripheral/src/LED.o
 .debug_info    0x000000000000a869      0xaf3 ./Peripheral/src/UART.o
 .debug_info    0x000000000000b35c      0x809 ./Peripheral/src/fmac.o
 .debug_info    0x000000000000bb65      0x3af ./Peripheral/src/vrefbuf.o

.debug_abbrev   0x0000000000000000     0x1e42
 .debug_abbrev  0x0000000000000000      0x129 ./CMSIS/src/system_stm32g4xx.o
 .debug_abbrev  0x0000000000000129      0x1f7 ./FreeRTOS_Source/portable/GCC/ARM_CM4F/list.o
 .debug_abbrev  0x0000000000000320      0x231 ./FreeRTOS_Source/portable/GCC/ARM_CM4F/port.o
 .debug_abbrev  0x0000000000000551      0x317 ./FreeRTOS_Source/portable/GCC/ARM_CM4F/queue.o
 .debug_abbrev  0x0000000000000868      0x398 ./FreeRTOS_Source/portable/GCC/ARM_CM4F/tasks.o
 .debug_abbrev  0x0000000000000c00      0x2fd ./FreeRTOS_Source/portable/GCC/ARM_CM4F/timers.o
 .debug_abbrev  0x0000000000000efd      0x260 ./FreeRTOS_Source/portable/MemMang/heap_1.o
 .debug_abbrev  0x000000000000115d       0x12 ./Main/Startup/startup_stm32g473cetx.o
 .debug_abbrev  0x000000000000116f      0x24f ./Main/scr/main.o
 .debug_abbrev  0x00000000000013be      0x16c ./Main/scr/sysinit.o
 .debug_abbrev  0x000000000000152a      0x193 ./Peripheral/src/CORDIC.o
 .debug_abbrev  0x00000000000016bd      0x1ad ./Peripheral/src/DAC.o
 .debug_abbrev  0x000000000000186a      0x173 ./Peripheral/src/LED.o
 .debug_abbrev  0x00000000000019dd      0x21d ./Peripheral/src/UART.o
 .debug_abbrev  0x0000000000001bfa      0x16c ./Peripheral/src/fmac.o
 .debug_abbrev  0x0000000000001d66       0xdc ./Peripheral/src/vrefbuf.o

.debug_aranges  0x0000000000000000      0x798
 .debug_aranges
                0x0000000000000000       0x28 ./CMSIS/src/system_stm32g4xx.o
 .debug_aranges
                0x0000000000000028       0x40 ./FreeRTOS_Source/portable/GCC/ARM_CM4F/list.o
 .debug_aranges
                0x0000000000000068       0x80 ./FreeRTOS_Source/portable/GCC/ARM_CM4F/port.o
 .debug_aranges
                0x00000000000000e8      0x100 ./FreeRTOS_Source/portable/GCC/ARM_CM4F/queue.o
 .debug_aranges
                0x00000000000001e8      0x1e0 ./FreeRTOS_Source/portable/GCC/ARM_CM4F/tasks.o
 .debug_aranges
                0x00000000000003c8       0xd8 ./FreeRTOS_Source/portable/GCC/ARM_CM4F/timers.o
 .debug_aranges
                0x00000000000004a0       0x38 ./FreeRTOS_Source/portable/MemMang/heap_1.o
 .debug_aranges
                0x00000000000004d8       0x28 ./Main/Startup/startup_stm32g473cetx.o
 .debug_aranges
                0x0000000000000500       0x70 ./Main/scr/main.o
 .debug_aranges
                0x0000000000000570       0x50 ./Main/scr/sysinit.o
 .debug_aranges
                0x00000000000005c0       0x40 ./Peripheral/src/CORDIC.o
 .debug_aranges
                0x0000000000000600       0x40 ./Peripheral/src/DAC.o
 .debug_aranges
                0x0000000000000640       0x38 ./Peripheral/src/LED.o
 .debug_aranges
                0x0000000000000678       0x68 ./Peripheral/src/UART.o
 .debug_aranges
                0x00000000000006e0       0x98 ./Peripheral/src/fmac.o
 .debug_aranges
                0x0000000000000778       0x20 ./Peripheral/src/vrefbuf.o

.debug_ranges   0x0000000000000000      0x6a0
 .debug_ranges  0x0000000000000000       0x18 ./CMSIS/src/system_stm32g4xx.o
 .debug_ranges  0x0000000000000018       0x30 ./FreeRTOS_Source/portable/GCC/ARM_CM4F/list.o
 .debug_ranges  0x0000000000000048       0x70 ./FreeRTOS_Source/portable/GCC/ARM_CM4F/port.o
 .debug_ranges  0x00000000000000b8       0xf0 ./FreeRTOS_Source/portable/GCC/ARM_CM4F/queue.o
 .debug_ranges  0x00000000000001a8      0x1d0 ./FreeRTOS_Source/portable/GCC/ARM_CM4F/tasks.o
 .debug_ranges  0x0000000000000378       0xc8 ./FreeRTOS_Source/portable/GCC/ARM_CM4F/timers.o
 .debug_ranges  0x0000000000000440       0x28 ./FreeRTOS_Source/portable/MemMang/heap_1.o
 .debug_ranges  0x0000000000000468       0x20 ./Main/Startup/startup_stm32g473cetx.o
 .debug_ranges  0x0000000000000488       0x60 ./Main/scr/main.o
 .debug_ranges  0x00000000000004e8       0x40 ./Main/scr/sysinit.o
 .debug_ranges  0x0000000000000528       0x30 ./Peripheral/src/CORDIC.o
 .debug_ranges  0x0000000000000558       0x30 ./Peripheral/src/DAC.o
 .debug_ranges  0x0000000000000588       0x28 ./Peripheral/src/LED.o
 .debug_ranges  0x00000000000005b0       0x58 ./Peripheral/src/UART.o
 .debug_ranges  0x0000000000000608       0x88 ./Peripheral/src/fmac.o
 .debug_ranges  0x0000000000000690       0x10 ./Peripheral/src/vrefbuf.o

.debug_macro    0x0000000000000000    0x16dc3
 .debug_macro   0x0000000000000000       0xdf ./CMSIS/src/system_stm32g4xx.o
 .debug_macro   0x00000000000000df      0xaae ./CMSIS/src/system_stm32g4xx.o
 .debug_macro   0x0000000000000b8d       0x2e ./CMSIS/src/system_stm32g4xx.o
 .debug_macro   0x0000000000000bbb       0x28 ./CMSIS/src/system_stm32g4xx.o
 .debug_macro   0x0000000000000be3       0x22 ./CMSIS/src/system_stm32g4xx.o
 .debug_macro   0x0000000000000c05       0x8e ./CMSIS/src/system_stm32g4xx.o
 .debug_macro   0x0000000000000c93       0x51 ./CMSIS/src/system_stm32g4xx.o
 .debug_macro   0x0000000000000ce4      0x103 ./CMSIS/src/system_stm32g4xx.o
 .debug_macro   0x0000000000000de7       0x6a ./CMSIS/src/system_stm32g4xx.o
 .debug_macro   0x0000000000000e51      0x1df ./CMSIS/src/system_stm32g4xx.o
 .debug_macro   0x0000000000001030       0x1c ./CMSIS/src/system_stm32g4xx.o
 .debug_macro   0x000000000000104c       0x22 ./CMSIS/src/system_stm32g4xx.o
 .debug_macro   0x000000000000106e      0x101 ./CMSIS/src/system_stm32g4xx.o
 .debug_macro   0x000000000000116f     0x1011 ./CMSIS/src/system_stm32g4xx.o
 .debug_macro   0x0000000000002180      0x11f ./CMSIS/src/system_stm32g4xx.o
 .debug_macro   0x000000000000229f    0x130df ./CMSIS/src/system_stm32g4xx.o
 .debug_macro   0x000000000001537e       0x43 ./CMSIS/src/system_stm32g4xx.o
 .debug_macro   0x00000000000153c1      0x193 ./FreeRTOS_Source/portable/GCC/ARM_CM4F/list.o
 .debug_macro   0x0000000000015554      0x196 ./FreeRTOS_Source/portable/GCC/ARM_CM4F/port.o
 .debug_macro   0x00000000000156ea      0x21c ./FreeRTOS_Source/portable/GCC/ARM_CM4F/queue.o
 .debug_macro   0x0000000000015906       0x16 ./FreeRTOS_Source/portable/GCC/ARM_CM4F/queue.o
 .debug_macro   0x000000000001591c       0x35 ./FreeRTOS_Source/portable/GCC/ARM_CM4F/queue.o
 .debug_macro   0x0000000000015951       0x20 ./FreeRTOS_Source/portable/GCC/ARM_CM4F/queue.o
 .debug_macro   0x0000000000015971       0x80 ./FreeRTOS_Source/portable/GCC/ARM_CM4F/queue.o
 .debug_macro   0x00000000000159f1      0x340 ./FreeRTOS_Source/portable/GCC/ARM_CM4F/tasks.o
 .debug_macro   0x0000000000015d31       0x10 ./FreeRTOS_Source/portable/GCC/ARM_CM4F/tasks.o
 .debug_macro   0x0000000000015d41       0x1c ./FreeRTOS_Source/portable/GCC/ARM_CM4F/tasks.o
 .debug_macro   0x0000000000015d5d       0x10 ./FreeRTOS_Source/portable/GCC/ARM_CM4F/tasks.o
 .debug_macro   0x0000000000015d6d       0x10 ./FreeRTOS_Source/portable/GCC/ARM_CM4F/tasks.o
 .debug_macro   0x0000000000015d7d       0x1c ./FreeRTOS_Source/portable/GCC/ARM_CM4F/tasks.o
 .debug_macro   0x0000000000015d99       0x52 ./FreeRTOS_Source/portable/GCC/ARM_CM4F/tasks.o
 .debug_macro   0x0000000000015deb       0x22 ./FreeRTOS_Source/portable/GCC/ARM_CM4F/tasks.o
 .debug_macro   0x0000000000015e0d       0x10 ./FreeRTOS_Source/portable/GCC/ARM_CM4F/tasks.o
 .debug_macro   0x0000000000015e1d       0x40 ./FreeRTOS_Source/portable/GCC/ARM_CM4F/tasks.o
 .debug_macro   0x0000000000015e5d       0xd5 ./FreeRTOS_Source/portable/GCC/ARM_CM4F/tasks.o
 .debug_macro   0x0000000000015f32       0x1c ./FreeRTOS_Source/portable/GCC/ARM_CM4F/tasks.o
 .debug_macro   0x0000000000015f4e       0x3d ./FreeRTOS_Source/portable/GCC/ARM_CM4F/tasks.o
 .debug_macro   0x0000000000015f8b       0x16 ./FreeRTOS_Source/portable/GCC/ARM_CM4F/tasks.o
 .debug_macro   0x0000000000015fa1      0x145 ./FreeRTOS_Source/portable/GCC/ARM_CM4F/tasks.o
 .debug_macro   0x00000000000160e6      0x1dc ./FreeRTOS_Source/portable/GCC/ARM_CM4F/timers.o
 .debug_macro   0x00000000000162c2       0x97 ./FreeRTOS_Source/portable/GCC/ARM_CM4F/timers.o
 .debug_macro   0x0000000000016359      0x1a8 ./FreeRTOS_Source/portable/MemMang/heap_1.o
 .debug_macro   0x0000000000016501      0x19f ./Main/scr/main.o
 .debug_macro   0x00000000000166a0      0x130 ./Main/scr/main.o
 .debug_macro   0x00000000000167d0       0x22 ./Main/scr/main.o
 .debug_macro   0x00000000000167f2       0x10 ./Main/scr/main.o
 .debug_macro   0x0000000000016802       0xd6 ./Main/scr/sysinit.o
 .debug_macro   0x00000000000168d8       0xd1 ./Peripheral/src/CORDIC.o
 .debug_macro   0x00000000000169a9       0xd1 ./Peripheral/src/DAC.o
 .debug_macro   0x0000000000016a7a       0xd1 ./Peripheral/src/LED.o
 .debug_macro   0x0000000000016b4b       0xd1 ./Peripheral/src/UART.o
 .debug_macro   0x0000000000016c1c       0xd6 ./Peripheral/src/fmac.o
 .debug_macro   0x0000000000016cf2       0xd1 ./Peripheral/src/vrefbuf.o

.debug_line     0x0000000000000000     0x899a
 .debug_line    0x0000000000000000      0x4d1 ./CMSIS/src/system_stm32g4xx.o
 .debug_line    0x00000000000004d1      0x6d1 ./FreeRTOS_Source/portable/GCC/ARM_CM4F/list.o
 .debug_line    0x0000000000000ba2      0x79e ./FreeRTOS_Source/portable/GCC/ARM_CM4F/port.o
 .debug_line    0x0000000000001340     0x13b1 ./FreeRTOS_Source/portable/GCC/ARM_CM4F/queue.o
 .debug_line    0x00000000000026f1     0x1cb2 ./FreeRTOS_Source/portable/GCC/ARM_CM4F/tasks.o
 .debug_line    0x00000000000043a3      0xc2d ./FreeRTOS_Source/portable/GCC/ARM_CM4F/timers.o
 .debug_line    0x0000000000004fd0      0x67c ./FreeRTOS_Source/portable/MemMang/heap_1.o
 .debug_line    0x000000000000564c       0x89 ./Main/Startup/startup_stm32g473cetx.o
 .debug_line    0x00000000000056d5      0x8a4 ./Main/scr/main.o
 .debug_line    0x0000000000005f79      0x67b ./Main/scr/sysinit.o
 .debug_line    0x00000000000065f4      0x659 ./Peripheral/src/CORDIC.o
 .debug_line    0x0000000000006c4d      0x5b6 ./Peripheral/src/DAC.o
 .debug_line    0x0000000000007203      0x57e ./Peripheral/src/LED.o
 .debug_line    0x0000000000007781      0x6b2 ./Peripheral/src/UART.o
 .debug_line    0x0000000000007e33      0x6b3 ./Peripheral/src/fmac.o
 .debug_line    0x00000000000084e6      0x4b4 ./Peripheral/src/vrefbuf.o

.debug_str      0x0000000000000000    0x88a46
 .debug_str     0x0000000000000000    0x7b1c0 ./CMSIS/src/system_stm32g4xx.o
                                      0x7b36e (size before relaxing)
 .debug_str     0x000000000007b1c0     0x6de6 ./FreeRTOS_Source/portable/GCC/ARM_CM4F/list.o
                                       0xabea (size before relaxing)
 .debug_str     0x0000000000081fa6     0x1a1e ./FreeRTOS_Source/portable/GCC/ARM_CM4F/port.o
                                       0x921b (size before relaxing)
 .debug_str     0x00000000000839c4      0xf38 ./FreeRTOS_Source/portable/GCC/ARM_CM4F/queue.o
                                       0xcd10 (size before relaxing)
 .debug_str     0x00000000000848fc     0x29d7 ./FreeRTOS_Source/portable/GCC/ARM_CM4F/tasks.o
                                       0xe964 (size before relaxing)
 .debug_str     0x00000000000872d3      0x52f ./FreeRTOS_Source/portable/GCC/ARM_CM4F/timers.o
                                       0xd21b (size before relaxing)
 .debug_str     0x0000000000087802       0xe7 ./FreeRTOS_Source/portable/MemMang/heap_1.o
                                       0xbd7a (size before relaxing)
 .debug_str     0x00000000000878e9       0x36 ./Main/Startup/startup_stm32g473cetx.o
                                         0x68 (size before relaxing)
 .debug_str     0x000000000008791f      0xa8e ./Main/scr/main.o
                                      0x8116a (size before relaxing)
 .debug_str     0x00000000000883ad      0x155 ./Main/scr/sysinit.o
                                      0x7b43e (size before relaxing)
 .debug_str     0x0000000000088502       0xce ./Peripheral/src/CORDIC.o
                                      0x7b3dc (size before relaxing)
 .debug_str     0x00000000000885d0      0x14d ./Peripheral/src/DAC.o
                                      0x7ba13 (size before relaxing)
 .debug_str     0x000000000008871d       0x54 ./Peripheral/src/LED.o
                                      0x7b348 (size before relaxing)
 .debug_str     0x0000000000088771       0xcd ./Peripheral/src/UART.o
                                      0x7b9cf (size before relaxing)
 .debug_str     0x000000000008883e      0x1d0 ./Peripheral/src/fmac.o
                                      0x7b5db (size before relaxing)
 .debug_str     0x0000000000088a0e       0x38 ./Peripheral/src/vrefbuf.o
                                      0x7b2b7 (size before relaxing)

.comment        0x0000000000000000       0x53
 .comment       0x0000000000000000       0x53 ./CMSIS/src/system_stm32g4xx.o
                                         0x54 (size before relaxing)
 .comment       0x0000000000000053       0x54 ./FreeRTOS_Source/portable/GCC/ARM_CM4F/list.o
 .comment       0x0000000000000053       0x54 ./FreeRTOS_Source/portable/GCC/ARM_CM4F/port.o
 .comment       0x0000000000000053       0x54 ./FreeRTOS_Source/portable/GCC/ARM_CM4F/queue.o
 .comment       0x0000000000000053       0x54 ./FreeRTOS_Source/portable/GCC/ARM_CM4F/tasks.o
 .comment       0x0000000000000053       0x54 ./FreeRTOS_Source/portable/GCC/ARM_CM4F/timers.o
 .comment       0x0000000000000053       0x54 ./FreeRTOS_Source/portable/MemMang/heap_1.o
 .comment       0x0000000000000053       0x54 ./Main/scr/main.o
 .comment       0x0000000000000053       0x54 ./Main/scr/sysinit.o
 .comment       0x0000000000000053       0x54 ./Peripheral/src/CORDIC.o
 .comment       0x0000000000000053       0x54 ./Peripheral/src/DAC.o
 .comment       0x0000000000000053       0x54 ./Peripheral/src/LED.o
 .comment       0x0000000000000053       0x54 ./Peripheral/src/UART.o
 .comment       0x0000000000000053       0x54 ./Peripheral/src/fmac.o
 .comment       0x0000000000000053       0x54 ./Peripheral/src/vrefbuf.o

.debug_frame    0x0000000000000000     0x1db0
 .debug_frame   0x0000000000000000       0x58 ./CMSIS/src/system_stm32g4xx.o
 .debug_frame   0x0000000000000058       0xd8 ./FreeRTOS_Source/portable/GCC/ARM_CM4F/list.o
 .debug_frame   0x0000000000000130      0x1a8 ./FreeRTOS_Source/portable/GCC/ARM_CM4F/port.o
 .debug_frame   0x00000000000002d8      0x44c ./FreeRTOS_Source/portable/GCC/ARM_CM4F/queue.o
 .debug_frame   0x0000000000000724      0x82c ./FreeRTOS_Source/portable/GCC/ARM_CM4F/tasks.o
 .debug_frame   0x0000000000000f50      0x38c ./FreeRTOS_Source/portable/GCC/ARM_CM4F/timers.o
 .debug_frame   0x00000000000012dc       0x9c ./FreeRTOS_Source/portable/MemMang/heap_1.o
 .debug_frame   0x0000000000001378      0x16c ./Main/scr/main.o
 .debug_frame   0x00000000000014e4      0x100 ./Main/scr/sysinit.o
 .debug_frame   0x00000000000015e4       0xc0 ./Peripheral/src/CORDIC.o
 .debug_frame   0x00000000000016a4       0xd0 ./Peripheral/src/DAC.o
 .debug_frame   0x0000000000001774       0xa4 ./Peripheral/src/LED.o
 .debug_frame   0x0000000000001818      0x17c ./Peripheral/src/UART.o
 .debug_frame   0x0000000000001994      0x258 ./Peripheral/src/fmac.o
 .debug_frame   0x0000000000001bec       0x30 ./Peripheral/src/vrefbuf.o
 .debug_frame   0x0000000000001c1c       0x2c c:/st/stm32cubeide_1.3.0/stm32cubeide/plugins/com.st.stm32cube.ide.mcu.externaltools.gnu-tools-for-stm32.9-2020-q2-update.win32_2.0.0.202105311346/tools/bin/../lib/gcc/arm-none-eabi/9.3.1/../../../../arm-none-eabi/lib/thumb/v7e-m+fp/hard\libc_nano.a(lib_a-init.o)
 .debug_frame   0x0000000000001c48       0x28 c:/st/stm32cubeide_1.3.0/stm32cubeide/plugins/com.st.stm32cube.ide.mcu.externaltools.gnu-tools-for-stm32.9-2020-q2-update.win32_2.0.0.202105311346/tools/bin/../lib/gcc/arm-none-eabi/9.3.1/../../../../arm-none-eabi/lib/thumb/v7e-m+fp/hard\libc_nano.a(lib_a-memcpy-stub.o)
 .debug_frame   0x0000000000001c70       0x20 c:/st/stm32cubeide_1.3.0/stm32cubeide/plugins/com.st.stm32cube.ide.mcu.externaltools.gnu-tools-for-stm32.9-2020-q2-update.win32_2.0.0.202105311346/tools/bin/../lib/gcc/arm-none-eabi/9.3.1/../../../../arm-none-eabi/lib/thumb/v7e-m+fp/hard\libc_nano.a(lib_a-memset.o)
 .debug_frame   0x0000000000001c90       0xac c:/st/stm32cubeide_1.3.0/stm32cubeide/plugins/com.st.stm32cube.ide.mcu.externaltools.gnu-tools-for-stm32.9-2020-q2-update.win32_2.0.0.202105311346/tools/bin/../lib/gcc/arm-none-eabi/9.3.1/thumb/v7e-m+fp/hard\libgcc.a(_arm_addsubdf3.o)
 .debug_frame   0x0000000000001d3c       0x50 c:/st/stm32cubeide_1.3.0/stm32cubeide/plugins/com.st.stm32cube.ide.mcu.externaltools.gnu-tools-for-stm32.9-2020-q2-update.win32_2.0.0.202105311346/tools/bin/../lib/gcc/arm-none-eabi/9.3.1/thumb/v7e-m+fp/hard\libgcc.a(_arm_muldivdf3.o)
 .debug_frame   0x0000000000001d8c       0x24 c:/st/stm32cubeide_1.3.0/stm32cubeide/plugins/com.st.stm32cube.ide.mcu.externaltools.gnu-tools-for-stm32.9-2020-q2-update.win32_2.0.0.202105311346/tools/bin/../lib/gcc/arm-none-eabi/9.3.1/thumb/v7e-m+fp/hard\libgcc.a(_arm_truncdfsf2.o)
