Archive member included to satisfy reference by file (symbol)

c:/st/stm32cubeide_1.3.0/stm32cubeide/plugins/com.st.stm32cube.ide.mcu.externaltools.gnu-tools-for-stm32.7-2018-q2-update.win32_1.4.0.202007081208/tools/bin/../lib/gcc/arm-none-eabi/7.3.1/../../../../arm-none-eabi/lib/thumb/v7e-m/fpv4-sp/hard\libc_nano.a(lib_a-errno.o)
                              Main/scr/syscalls.o (__errno)
c:/st/stm32cubeide_1.3.0/stm32cubeide/plugins/com.st.stm32cube.ide.mcu.externaltools.gnu-tools-for-stm32.7-2018-q2-update.win32_1.4.0.202007081208/tools/bin/../lib/gcc/arm-none-eabi/7.3.1/../../../../arm-none-eabi/lib/thumb/v7e-m/fpv4-sp/hard\libc_nano.a(lib_a-exit.o)
                              c:/st/stm32cubeide_1.3.0/stm32cubeide/plugins/com.st.stm32cube.ide.mcu.externaltools.gnu-tools-for-stm32.7-2018-q2-update.win32_1.4.0.202007081208/tools/bin/../lib/gcc/arm-none-eabi/7.3.1/../../../../arm-none-eabi/lib/thumb/v7e-m/fpv4-sp/hard/crt0.o (exit)
c:/st/stm32cubeide_1.3.0/stm32cubeide/plugins/com.st.stm32cube.ide.mcu.externaltools.gnu-tools-for-stm32.7-2018-q2-update.win32_1.4.0.202007081208/tools/bin/../lib/gcc/arm-none-eabi/7.3.1/../../../../arm-none-eabi/lib/thumb/v7e-m/fpv4-sp/hard\libc_nano.a(lib_a-impure.o)
                              c:/st/stm32cubeide_1.3.0/stm32cubeide/plugins/com.st.stm32cube.ide.mcu.externaltools.gnu-tools-for-stm32.7-2018-q2-update.win32_1.4.0.202007081208/tools/bin/../lib/gcc/arm-none-eabi/7.3.1/../../../../arm-none-eabi/lib/thumb/v7e-m/fpv4-sp/hard\libc_nano.a(lib_a-exit.o) (_global_impure_ptr)
c:/st/stm32cubeide_1.3.0/stm32cubeide/plugins/com.st.stm32cube.ide.mcu.externaltools.gnu-tools-for-stm32.7-2018-q2-update.win32_1.4.0.202007081208/tools/bin/../lib/gcc/arm-none-eabi/7.3.1/../../../../arm-none-eabi/lib/thumb/v7e-m/fpv4-sp/hard\libc_nano.a(lib_a-init.o)
                              c:/st/stm32cubeide_1.3.0/stm32cubeide/plugins/com.st.stm32cube.ide.mcu.externaltools.gnu-tools-for-stm32.7-2018-q2-update.win32_1.4.0.202007081208/tools/bin/../lib/gcc/arm-none-eabi/7.3.1/../../../../arm-none-eabi/lib/thumb/v7e-m/fpv4-sp/hard/crt0.o (__libc_init_array)
c:/st/stm32cubeide_1.3.0/stm32cubeide/plugins/com.st.stm32cube.ide.mcu.externaltools.gnu-tools-for-stm32.7-2018-q2-update.win32_1.4.0.202007081208/tools/bin/../lib/gcc/arm-none-eabi/7.3.1/../../../../arm-none-eabi/lib/thumb/v7e-m/fpv4-sp/hard\libc_nano.a(lib_a-memcpy-stub.o)
                              FreeRTOS_Source/portable/GCC/ARM_CM4F/queue.o (memcpy)
c:/st/stm32cubeide_1.3.0/stm32cubeide/plugins/com.st.stm32cube.ide.mcu.externaltools.gnu-tools-for-stm32.7-2018-q2-update.win32_1.4.0.202007081208/tools/bin/../lib/gcc/arm-none-eabi/7.3.1/../../../../arm-none-eabi/lib/thumb/v7e-m/fpv4-sp/hard\libc_nano.a(lib_a-memset.o)
                              c:/st/stm32cubeide_1.3.0/stm32cubeide/plugins/com.st.stm32cube.ide.mcu.externaltools.gnu-tools-for-stm32.7-2018-q2-update.win32_1.4.0.202007081208/tools/bin/../lib/gcc/arm-none-eabi/7.3.1/../../../../arm-none-eabi/lib/thumb/v7e-m/fpv4-sp/hard/crt0.o (memset)
c:/st/stm32cubeide_1.3.0/stm32cubeide/plugins/com.st.stm32cube.ide.mcu.externaltools.gnu-tools-for-stm32.7-2018-q2-update.win32_1.4.0.202007081208/tools/bin/../lib/gcc/arm-none-eabi/7.3.1/../../../../arm-none-eabi/lib/thumb/v7e-m/fpv4-sp/hard\libc_nano.a(lib_a-sprintf.o)
                              FreeRTOS_Source/portable/GCC/ARM_CM4F/tasks.o (sprintf)
c:/st/stm32cubeide_1.3.0/stm32cubeide/plugins/com.st.stm32cube.ide.mcu.externaltools.gnu-tools-for-stm32.7-2018-q2-update.win32_1.4.0.202007081208/tools/bin/../lib/gcc/arm-none-eabi/7.3.1/../../../../arm-none-eabi/lib/thumb/v7e-m/fpv4-sp/hard\libc_nano.a(lib_a-strcpy.o)
                              FreeRTOS_Source/portable/GCC/ARM_CM4F/tasks.o (strcpy)
c:/st/stm32cubeide_1.3.0/stm32cubeide/plugins/com.st.stm32cube.ide.mcu.externaltools.gnu-tools-for-stm32.7-2018-q2-update.win32_1.4.0.202007081208/tools/bin/../lib/gcc/arm-none-eabi/7.3.1/../../../../arm-none-eabi/lib/thumb/v7e-m/fpv4-sp/hard\libc_nano.a(lib_a-strlen.o)
                              FreeRTOS_Source/portable/GCC/ARM_CM4F/tasks.o (strlen)
c:/st/stm32cubeide_1.3.0/stm32cubeide/plugins/com.st.stm32cube.ide.mcu.externaltools.gnu-tools-for-stm32.7-2018-q2-update.win32_1.4.0.202007081208/tools/bin/../lib/gcc/arm-none-eabi/7.3.1/../../../../arm-none-eabi/lib/thumb/v7e-m/fpv4-sp/hard\libc_nano.a(lib_a-nano-svfprintf.o)
                              c:/st/stm32cubeide_1.3.0/stm32cubeide/plugins/com.st.stm32cube.ide.mcu.externaltools.gnu-tools-for-stm32.7-2018-q2-update.win32_1.4.0.202007081208/tools/bin/../lib/gcc/arm-none-eabi/7.3.1/../../../../arm-none-eabi/lib/thumb/v7e-m/fpv4-sp/hard\libc_nano.a(lib_a-sprintf.o) (_svfprintf_r)
c:/st/stm32cubeide_1.3.0/stm32cubeide/plugins/com.st.stm32cube.ide.mcu.externaltools.gnu-tools-for-stm32.7-2018-q2-update.win32_1.4.0.202007081208/tools/bin/../lib/gcc/arm-none-eabi/7.3.1/../../../../arm-none-eabi/lib/thumb/v7e-m/fpv4-sp/hard\libc_nano.a(lib_a-nano-vfprintf_i.o)
[...]
Memory Configuration

Name             Origin             Length             Attributes
RAM              0x0000000020000000 0x0000000000018000 xrw
ROM              0x0000000008000000 0x0000000000080000 xr
*default*        0x0000000000000000 0xffffffffffffffff

Linker script and memory map

LOAD c:/st/stm32cubeide_1.3.0/stm32cubeide/plugins/com.st.stm32cube.ide.mcu.externaltools.gnu-tools-for-stm32.7-2018-q2-update.win32_1.4.0.202007081208/tools/bin/../lib/gcc/arm-none-eabi/7.3.1/thumb/v7e-m/fpv4-sp/hard/crti.o
LOAD c:/st/stm32cubeide_1.3.0/stm32cubeide/plugins/com.st.stm32cube.ide.mcu.externaltools.gnu-tools-for-stm32.7-2018-q2-update.win32_1.4.0.202007081208/tools/bin/../lib/gcc/arm-none-eabi/7.3.1/thumb/v7e-m/fpv4-sp/hard/crtbegin.o
LOAD c:/st/stm32cubeide_1.3.0/stm32cubeide/plugins/com.st.stm32cube.ide.mcu.externaltools.gnu-tools-for-stm32.7-2018-q2-update.win32_1.4.0.202007081208/tools/bin/../lib/gcc/arm-none-eabi/7.3.1/../../../../arm-none-eabi/lib/thumb/v7e-m/fpv4-sp/hard/crt0.o
LOAD Analog/src/adc.o
LOAD Analog/src/opamp.o
LOAD CMSIS/src/system_stm32g4xx.o
LOAD FreeRTOS_Source/portable/GCC/ARM_CM4F/croutine.o
LOAD FreeRTOS_Source/portable/GCC/ARM_CM4F/event_groups.o
LOAD FreeRTOS_Source/portable/GCC/ARM_CM4F/list.o
LOAD FreeRTOS_Source/portable/GCC/ARM_CM4F/port.o
LOAD FreeRTOS_Source/portable/GCC/ARM_CM4F/queue.o
LOAD FreeRTOS_Source/portable/GCC/ARM_CM4F/stream_buffer.o
LOAD FreeRTOS_Source/portable/GCC/ARM_CM4F/tasks.o
LOAD FreeRTOS_Source/portable/GCC/ARM_CM4F/timers.o
LOAD FreeRTOS_Source/portable/MemMang/heap_1.o
LOAD Main/Startup/startup_stm32g473cetx.o
LOAD Main/scr/main.o
LOAD Main/scr/syscalls.o
LOAD Main/scr/sysinit.o
LOAD Main/scr/sysmem.o
LOAD Peripheral/src/FDCAN.o
LOAD Peripheral/src/LED.o
LOAD Peripheral/src/UART.o
LOAD Peripheral/src/cordic.o
LOAD Peripheral/src/dma.o
LOAD Peripheral/src/fmac.o
LOAD Peripheral/src/init_timers.o
LOAD Peripheral/src/watchdog.o
LOAD SW_Fucntions/src/conversions.o
START GROUP
LOAD c:/st/stm32cubeide_1.3.0/stm32cubeide/plugins/com.st.stm32cube.ide.mcu.externaltools.gnu-tools-for-stm32.7-2018-q2-update.win32_1.4.0.202007081208/tools/bin/../lib/gcc/arm-none-eabi/7.3.1/../../../../arm-none-eabi/lib/thumb/v7e-m/fpv4-sp/hard\libc_nano.a
LOAD c:/st/stm32cubeide_1.3.0/stm32cubeide/plugins/com.st.stm32cube.ide.mcu.externaltools.gnu-tools-for-stm32.7-2018-q2-update.win32_1.4.0.202007081208/tools/bin/../lib/gcc/arm-none-eabi/7.3.1/../../../../arm-none-eabi/lib/thumb/v7e-m/fpv4-sp/hard\libm.a
END GROUP
START GROUP
LOAD c:/st/stm32cubeide_1.3.0/stm32cubeide/plugins/com.st.stm32cube.ide.mcu.externaltools.gnu-tools-for-stm32.7-2018-q2-update.win32_1.4.0.202007081208/tools/bin/../lib/gcc/arm-none-eabi/7.3.1/thumb/v7e-m/fpv4-sp/hard\libgcc.a
LOAD c:/st/stm32cubeide_1.3.0/stm32cubeide/plugins/com.st.stm32cube.ide.mcu.externaltools.gnu-tools-for-stm32.7-2018-q2-update.win32_1.4.0.202007081208/tools/bin/../lib/gcc/arm-none-eabi/7.3.1/../../../../arm-none-eabi/lib/thumb/v7e-m/fpv4-sp/hard\libc_nano.a
END GROUP
START GROUP
LOAD c:/st/stm32cubeide_1.3.0/stm32cubeide/plugins/com.st.stm32cube.ide.mcu.externaltools.gnu-tools-for-stm32.7-2018-q2-update.win32_1.4.0.202007081208/tools/bin/../lib/gcc/arm-none-eabi/7.3.1/thumb/v7e-m/fpv4-sp/hard\libgcc.a
LOAD c:/st/stm32cubeide_1.3.0/stm32cubeide/plugins/com.st.stm32cube.ide.mcu.externaltools.gnu-tools-for-stm32.7-2018-q2-update.win32_1.4.0.202007081208/tools/bin/../lib/gcc/arm-none-eabi/7.3.1/../../../../arm-none-eabi/lib/thumb/v7e-m/fpv4-sp/hard\libc_nano.a
LOAD c:/st/stm32cubeide_1.3.0/stm32cubeide/plugins/com.st.stm32cube.ide.mcu.externaltools.gnu-tools-for-stm32.7-2018-q2-update.win32_1.4.0.202007081208/tools/bin/../lib/gcc/arm-none-eabi/7.3.1/../../../../arm-none-eabi/lib/thumb/v7e-m/fpv4-sp/hard\libnosys.a
END GROUP
START GROUP
LOAD c:/st/stm32cubeide_1.3.0/stm32cubeide/plugins/com.st.stm32cube.ide.mcu.externaltools.gnu-tools-for-stm32.7-2018-q2-update.win32_1.4.0.202007081208/tools/bin/../lib/gcc/arm-none-eabi/7.3.1/thumb/v7e-m/fpv4-sp/hard\libgcc.a
LOAD c:/st/stm32cubeide_1.3.0/stm32cubeide/plugins/com.st.stm32cube.ide.mcu.externaltools.gnu-tools-for-stm32.7-2018-q2-update.win32_1.4.0.202007081208/tools/bin/../lib/gcc/arm-none-eabi/7.3.1/../../../../arm-none-eabi/lib/thumb/v7e-m/fpv4-sp/hard\libc_nano.a
LOAD c:/st/stm32cubeide_1.3.0/stm32cubeide/plugins/com.st.stm32cube.ide.mcu.externaltools.gnu-tools-for-stm32.7-2018-q2-update.win32_1.4.0.202007081208/tools/bin/../lib/gcc/arm-none-eabi/7.3.1/../../../../arm-none-eabi/lib/thumb/v7e-m/fpv4-sp/hard\libnosys.a
END GROUP
LOAD c:/st/stm32cubeide_1.3.0/stm32cubeide/plugins/com.st.stm32cube.ide.mcu.externaltools.gnu-tools-for-stm32.7-2018-q2-update.win32_1.4.0.202007081208/tools/bin/../lib/gcc/arm-none-eabi/7.3.1/thumb/v7e-m/fpv4-sp/hard/crtend.o
LOAD c:/st/stm32cubeide_1.3.0/stm32cubeide/plugins/com.st.stm32cube.ide.mcu.externaltools.gnu-tools-for-stm32.7-2018-q2-update.win32_1.4.0.202007081208/tools/bin/../lib/gcc/arm-none-eabi/7.3.1/thumb/v7e-m/fpv4-sp/hard/crtn.o
                0x0000000020018000                _estack = (ORIGIN (RAM) + LENGTH (RAM))
                0x0000000000000200                _Min_Heap_Size = 0x200
                0x0000000000000400                _Min_Stack_Size = 0x400

.isr_vector     0x0000000008000000      0x1d8
                0x0000000008000000                . = ALIGN (0x4)
 *(.isr_vector)
 .isr_vector    0x0000000008000000      0x1d8 Main/Startup/startup_stm32g473cetx.o
                0x0000000008000000                g_pfnVectors
                0x00000000080001d8                . = ALIGN (0x4)

.text           0x00000000080001e0     0x2dac
                0x00000000080001e0                . = ALIGN (0x4)
 *(.text)
 .text          0x00000000080001e0       0x40 c:/st/stm32cubeide_1.3.0/stm32cubeide/plugins/com.st.stm32cube.ide.mcu.externaltools.gnu-tools-for-stm32.7-2018-q2-update.win32_1.4.0.202007081208/tools/bin/../lib/gcc/arm-none-eabi/7.3.1/thumb/v7e-m/fpv4-sp/hard/crtbegin.o
 *(.text*)
 .text.InitADC  0x0000000008000220      0x190 Analog/src/adc.o
                0x0000000008000220                InitADC
 .text.StartConvADC
                0x00000000080003b0       0x36 Analog/src/adc.o
                0x00000000080003b0                StartConvADC
 *fill*         0x00000000080003e6        0x2 
 .text.SystemInit
                0x00000000080003e8       0x2c CMSIS/src/system_stm32g4xx.o
                0x00000000080003e8                SystemInit
 .text.vListInitialise
                0x0000000008000414       0x40 FreeRTOS_Source/portable/GCC/ARM_CM4F/list.o
                0x0000000008000414                vListInitialise
 .text.vListInitialiseItem
                0x0000000008000454       0x1a FreeRTOS_Source/portable/GCC/ARM_CM4F/list.o
                0x0000000008000454                vListInitialiseItem
 .text.vListInsertEnd
                0x000000000800046e       0x48 FreeRTOS_Source/portable/GCC/ARM_CM4F/list.o
                0x000000000800046e                vListInsertEnd
 .text.vListInsert
                0x00000000080004b6       0x72 FreeRTOS_Source/portable/GCC/ARM_CM4F/list.o
                0x00000000080004b6                vListInsert
 .text.uxListRemove
                0x0000000008000528       0x54 FreeRTOS_Source/portable/GCC/ARM_CM4F/list.o
                0x0000000008000528                uxListRemove
 .text.pxPortInitialiseStack
                0x000000000800057c       0x68 FreeRTOS_Source/portable/GCC/ARM_CM4F/port.o
                0x000000000800057c                pxPortInitialiseStack
 .text.prvTaskExitError
                0x00000000080005e4       0x54 FreeRTOS_Source/portable/GCC/ARM_CM4F/port.o
 *fill*         0x0000000008000638        0x8 
 .text.SVC_Handler
                0x0000000008000640       0x28 FreeRTOS_Source/portable/GCC/ARM_CM4F/port.o
                0x0000000008000640                SVC_Handler
 .text.prvPortStartFirstTask
                0x0000000008000668       0x2c FreeRTOS_Source/portable/GCC/ARM_CM4F/port.o
 .text.xPortStartScheduler
                0x0000000008000694      0x13c FreeRTOS_Source/portable/GCC/ARM_CM4F/port.o
                0x0000000008000694                xPortStartScheduler
 .text.vPortEnterCritical
                0x00000000080007d0       0x5c FreeRTOS_Source/portable/GCC/ARM_CM4F/port.o
                0x00000000080007d0                vPortEnterCritical
 .text.vPortExitCritical
                0x000000000800082c       0x50 FreeRTOS_Source/portable/GCC/ARM_CM4F/port.o
                0x000000000800082c                vPortExitCritical
 *fill*         0x000000000800087c        0x4 
 .text.PendSV_Handler
                0x0000000008000880       0x68 FreeRTOS_Source/portable/GCC/ARM_CM4F/port.o
                0x0000000008000880                PendSV_Handler
 .text.SysTick_Handler
                0x00000000080008e8       0x40 FreeRTOS_Source/portable/GCC/ARM_CM4F/port.o
                0x00000000080008e8                SysTick_Handler
 .text.vPortSetupTimerInterrupt
                0x0000000008000928       0x38 FreeRTOS_Source/portable/GCC/ARM_CM4F/port.o
                0x0000000008000928                vPortSetupTimerInterrupt
 .text.vPortEnableVFP
                0x0000000008000960       0x18 FreeRTOS_Source/portable/GCC/ARM_CM4F/port.o
 .text.vPortValidateInterruptPriority
                0x0000000008000978       0x7c FreeRTOS_Source/portable/GCC/ARM_CM4F/port.o
                0x0000000008000978                vPortValidateInterruptPriority
 .text.xQueueGenericReset
                0x00000000080009f4       0xd0 FreeRTOS_Source/portable/GCC/ARM_CM4F/queue.o
                0x00000000080009f4                xQueueGenericReset
 .text.xQueueGenericCreate
                0x0000000008000ac4       0x9c FreeRTOS_Source/portable/GCC/ARM_CM4F/queue.o
                0x0000000008000ac4                xQueueGenericCreate
 .text.prvInitialiseNewQueue
                0x0000000008000b60       0x46 FreeRTOS_Source/portable/GCC/ARM_CM4F/queue.o
 *fill*         0x0000000008000ba6        0x2 
 .text.xQueueGenericSend
                0x0000000008000ba8      0x1f4 FreeRTOS_Source/portable/GCC/ARM_CM4F/queue.o
                0x0000000008000ba8                xQueueGenericSend
 .text.xQueueGenericSendFromISR
                0x0000000008000d9c      0x14a FreeRTOS_Source/portable/GCC/ARM_CM4F/queue.o
                0x0000000008000d9c                xQueueGenericSendFromISR
 *fill*         0x0000000008000ee6        0x2 
 .text.xQueueReceive
                0x0000000008000ee8      0x1b8 FreeRTOS_Source/portable/GCC/ARM_CM4F/queue.o
                0x0000000008000ee8                xQueueReceive
 .text.uxQueueMessagesWaiting
                0x00000000080010a0       0x3a FreeRTOS_Source/portable/GCC/ARM_CM4F/queue.o
                0x00000000080010a0                uxQueueMessagesWaiting
 .text.prvCopyDataToQueue
                0x00000000080010da       0xb8 FreeRTOS_Source/portable/GCC/ARM_CM4F/queue.o
 .text.prvCopyDataFromQueue
                0x0000000008001192       0x4c FreeRTOS_Source/portable/GCC/ARM_CM4F/queue.o
 .text.prvUnlockQueue
                0x00000000080011de       0xa4 FreeRTOS_Source/portable/GCC/ARM_CM4F/queue.o
 .text.prvIsQueueEmpty
                0x0000000008001282       0x2c FreeRTOS_Source/portable/GCC/ARM_CM4F/queue.o
 .text.prvIsQueueFull
                0x00000000080012ae       0x30 FreeRTOS_Source/portable/GCC/ARM_CM4F/queue.o
 *fill*         0x00000000080012de        0x2 
 .text.vQueueAddToRegistry
                0x00000000080012e0       0x50 FreeRTOS_Source/portable/GCC/ARM_CM4F/queue.o
                0x00000000080012e0                vQueueAddToRegistry
 .text.vQueueWaitForMessageRestricted
                0x0000000008001330       0x68 FreeRTOS_Source/portable/GCC/ARM_CM4F/queue.o
                0x0000000008001330                vQueueWaitForMessageRestricted
 .text.xTaskCreate
                0x0000000008001398       0x82 FreeRTOS_Source/portable/GCC/ARM_CM4F/tasks.o
                0x0000000008001398                xTaskCreate
 .text.prvInitialiseNewTask
                0x000000000800141a      0x124 FreeRTOS_Source/portable/GCC/ARM_CM4F/tasks.o
 *fill*         0x000000000800153e        0x2 
 .text.prvAddNewTaskToReadyList
                0x0000000008001540       0xe0 FreeRTOS_Source/portable/GCC/ARM_CM4F/tasks.o
 .text.vTaskDelay
                0x0000000008001620       0x68 FreeRTOS_Source/portable/GCC/ARM_CM4F/tasks.o
                0x0000000008001620                vTaskDelay
 .text.vTaskStartScheduler
                0x0000000008001688       0x98 FreeRTOS_Source/portable/GCC/ARM_CM4F/tasks.o
                0x0000000008001688                vTaskStartScheduler
 .text.vTaskSuspendAll
                0x0000000008001720       0x1c FreeRTOS_Source/portable/GCC/ARM_CM4F/tasks.o
                0x0000000008001720                vTaskSuspendAll
 .text.xTaskResumeAll
                0x000000000800173c      0x138 FreeRTOS_Source/portable/GCC/ARM_CM4F/tasks.o
                0x000000000800173c                xTaskResumeAll
 .text.xTaskGetTickCount
                0x0000000008001874       0x20 FreeRTOS_Source/portable/GCC/ARM_CM4F/tasks.o
                0x0000000008001874                xTaskGetTickCount
 .text.xTaskIncrementTick
                0x0000000008001894      0x170 FreeRTOS_Source/portable/GCC/ARM_CM4F/tasks.o
                0x0000000008001894                xTaskIncrementTick
 .text.vTaskSwitchContext
                0x0000000008001a04       0xb8 FreeRTOS_Source/portable/GCC/ARM_CM4F/tasks.o
                0x0000000008001a04                vTaskSwitchContext
 .text.vTaskPlaceOnEventList
                0x0000000008001abc       0x48 FreeRTOS_Source/portable/GCC/ARM_CM4F/tasks.o
                0x0000000008001abc                vTaskPlaceOnEventList
 .text.vTaskPlaceOnEventListRestricted
                0x0000000008001b04       0x54 FreeRTOS_Source/portable/GCC/ARM_CM4F/tasks.o
                0x0000000008001b04                vTaskPlaceOnEventListRestricted
 .text.xTaskRemoveFromEventList
                0x0000000008001b58       0xc4 FreeRTOS_Source/portable/GCC/ARM_CM4F/tasks.o
                0x0000000008001b58                xTaskRemoveFromEventList
 .text.vTaskInternalSetTimeOutState
                0x0000000008001c1c       0x2c FreeRTOS_Source/portable/GCC/ARM_CM4F/tasks.o
                0x0000000008001c1c                vTaskInternalSetTimeOutState
 .text.xTaskCheckForTimeOut
                0x0000000008001c48       0xc8 FreeRTOS_Source/portable/GCC/ARM_CM4F/tasks.o
                0x0000000008001c48                xTaskCheckForTimeOut
 .text.vTaskMissedYield
                0x0000000008001d10       0x18 FreeRTOS_Source/portable/GCC/ARM_CM4F/tasks.o
                0x0000000008001d10                vTaskMissedYield
 .text.prvIdleTask
                0x0000000008001d28       0x30 FreeRTOS_Source/portable/GCC/ARM_CM4F/tasks.o
 .text.prvInitialiseTaskLists
                0x0000000008001d58       0x80 FreeRTOS_Source/portable/GCC/ARM_CM4F/tasks.o
 .text.prvCheckTasksWaitingTermination
                0x0000000008001dd8       0x58 FreeRTOS_Source/portable/GCC/ARM_CM4F/tasks.o
 .text.prvDeleteTCB
                0x0000000008001e30       0x20 FreeRTOS_Source/portable/GCC/ARM_CM4F/tasks.o
 .text.prvResetNextTaskUnblockTime
                0x0000000008001e50       0x38 FreeRTOS_Source/portable/GCC/ARM_CM4F/tasks.o
 .text.xTaskGetSchedulerState
                0x0000000008001e88       0x3c FreeRTOS_Source/portable/GCC/ARM_CM4F/tasks.o
                0x0000000008001e88                xTaskGetSchedulerState
 .text.prvAddCurrentTaskToDelayedList
                0x0000000008001ec4       0xa8 FreeRTOS_Source/portable/GCC/ARM_CM4F/tasks.o
 .text.xTimerCreateTimerTask
                0x0000000008001f6c       0x60 FreeRTOS_Source/portable/GCC/ARM_CM4F/timers.o
                0x0000000008001f6c                xTimerCreateTimerTask
 .text.xTimerGenericCommand
                0x0000000008001fcc       0x98 FreeRTOS_Source/portable/GCC/ARM_CM4F/timers.o
                0x0000000008001fcc                xTimerGenericCommand
 .text.prvProcessExpiredTimer
                0x0000000008002064       0x98 FreeRTOS_Source/portable/GCC/ARM_CM4F/timers.o
 .text.prvTimerTask
                0x00000000080020fc       0x24 FreeRTOS_Source/portable/GCC/ARM_CM4F/timers.o
 .text.prvProcessTimerOrBlockTask
                0x0000000008002120       0x9c FreeRTOS_Source/portable/GCC/ARM_CM4F/timers.o
 .text.prvGetNextExpireTime
                0x00000000080021bc       0x48 FreeRTOS_Source/portable/GCC/ARM_CM4F/timers.o
 .text.prvSampleTimeNow
                0x0000000008002204       0x40 FreeRTOS_Source/portable/GCC/ARM_CM4F/timers.o
 .text.prvInsertTimerInActiveList
                0x0000000008002244       0x84 FreeRTOS_Source/portable/GCC/ARM_CM4F/timers.o
 .text.prvProcessReceivedCommands
                0x00000000080022c8      0x188 FreeRTOS_Source/portable/GCC/ARM_CM4F/timers.o
 .text.prvSwitchTimerLists
                0x0000000008002450       0xc8 FreeRTOS_Source/portable/GCC/ARM_CM4F/timers.o
 .text.prvCheckForValidListAndQueue
                0x0000000008002518       0x6c FreeRTOS_Source/portable/GCC/ARM_CM4F/timers.o
 .text.pvPortMalloc
                0x0000000008002584       0x8c FreeRTOS_Source/portable/MemMang/heap_1.o
                0x0000000008002584                pvPortMalloc
 .text.vPortFree
                0x0000000008002610       0x2e FreeRTOS_Source/portable/MemMang/heap_1.o
                0x0000000008002610                vPortFree
 *fill*         0x000000000800263e        0x2 
 .text.Reset_Handler
                0x0000000008002640       0x50 Main/Startup/startup_stm32g473cetx.o
                0x0000000008002640                Reset_Handler
 .text.Default_Handler
                0x0000000008002690        0x2 Main/Startup/startup_stm32g473cetx.o
                0x0000000008002690                EXTI2_IRQHandler
                0x0000000008002690                TIM8_TRG_COM_IRQHandler
                0x0000000008002690                TIM8_CC_IRQHandler
                0x0000000008002690                DMA2_CH8_IRQHandler
                0x0000000008002690                DebugMon_Handler
                0x0000000008002690                DMA1_CH4_IRQHandler
                0x0000000008002690                SPI4_IRQHandler
                0x0000000008002690                FDCAN3_intr1_IRQHandler
                0x0000000008002690                TIM1_CC_IRQHandler
                0x0000000008002690                Cordic_IRQHandler
                0x0000000008002690                HardFault_Handler
                0x0000000008002690                USB_HP_IRQHandler
                0x0000000008002690                EXTI3_IRQHandler
                0x0000000008002690                I2C3_ER_IRQHandler
                0x0000000008002690                DMA1_CH8_IRQHandler
                0x0000000008002690                TIM6_DACUNDER_IRQHandler
                0x0000000008002690                EXTI0_IRQHandler
                0x0000000008002690                I2C2_EV_IRQHandler
                0x0000000008002690                DMA2_CH1_IRQHandler
                0x0000000008002690                FPU_IRQHandler
                0x0000000008002690                TIM1_UP_TIM16_IRQHandler
                0x0000000008002690                DMA2_CH7_IRQHandler
                0x0000000008002690                UsageFault_Handler
                0x0000000008002690                ADC1_2_IRQHandler
                0x0000000008002690                SPI1_IRQHandler
                0x0000000008002690                DMA1_CH7_IRQHandler
                0x0000000008002690                TIM8_UP_IRQHandler
                0x0000000008002690                USBWakeUP_IRQHandler
                0x0000000008002690                RTC_ALARM_IRQHandler
                0x0000000008002690                DMA1_CH6_IRQHandler
                0x0000000008002690                TIM20_TRG_COM_IRQHandler
                0x0000000008002690                USART3_IRQHandler
                0x0000000008002690                LPUART_IRQHandler
                0x0000000008002690                UART5_IRQHandler
                0x0000000008002690                ADC3_IRQHandler
                0x0000000008002690                TIM4_IRQHandler
                0x0000000008002690                QUADSPI_IRQHandler
                0x0000000008002690                I2C1_EV_IRQHandler
                0x0000000008002690                DMA2_CH5_IRQHandler
                0x0000000008002690                UART4_IRQHandler
                0x0000000008002690                DMA1_CH3_IRQHandler
                0x0000000008002690                TIM3_IRQHandler
                0x0000000008002690                RCC_IRQHandler
                0x0000000008002690                TIM20_UP_IRQHandler
                0x0000000008002690                TIM1_TRG_COM_IRQHandler
                0x0000000008002690                Default_Handler
                0x0000000008002690                FMAC_IRQHandler
                0x0000000008002690                EXTI15_10_IRQHandler
                0x0000000008002690                TIM7_IRQHandler
                0x0000000008002690                TIM5_IRQHandler
                0x0000000008002690                UCPD1_IRQHandler
                0x0000000008002690                I2C3_EV_IRQHandler
                0x0000000008002690                EXTI9_5_IRQHandler
                0x0000000008002690                DMA1_CH2_IRQHandler
                0x0000000008002690                RTC_WKUP_IRQHandler
                0x0000000008002690                SAI_IRQHandler
                0x0000000008002690                PVD_PVM_IRQHandler
                0x0000000008002690                fdcan1_intr1_it_IRQHandler
                0x0000000008002690                SPI2_IRQHandler
                0x0000000008002690                DMA1_CH1_IRQHandler
                0x0000000008002690                MemManage_Handler
                0x0000000008002690                ADC5_IRQHandler
                0x0000000008002690                CRS_IRQHandler
                0x0000000008002690                USB_LP_IRQHandler
                0x0000000008002690                EXTI4_IRQHandler
                0x0000000008002690                RNG_IRQHandler
                0x0000000008002690                ADC4_IRQHandler
                0x0000000008002690                FDCAN2_intr0_IRQHandler
                0x0000000008002690                WWDG_IRQHandler
                0x0000000008002690                I2C4_EV_IRQHandler
                0x0000000008002690                TIM2_IRQHandler
                0x0000000008002690                COMP7_IRQHandler
                0x0000000008002690                COMP1_2_3_IRQHandler
                0x0000000008002690                EXTI1_IRQHandler
                0x0000000008002690                AES_IRQHandler
                0x0000000008002690                fdcan1_intr0_it_IRQHandler
                0x0000000008002690                USART2_IRQHandler
                0x0000000008002690                COMP4_5_6_IRQHandler
                0x0000000008002690                TIM20_BRK_IRQHandler
                0x0000000008002690                I2C2_ER_IRQHandler
                0x0000000008002690                FDCAN2_intr1_IRQHandler
                0x0000000008002690                FDCAN3_intr0_IRQHandler
                0x0000000008002690                TIM8_BRK_IRQHandler
                0x0000000008002690                FLASH_IRQHandler
                0x0000000008002690                TIM20_CC_IRQHandler
                0x0000000008002690                BusFault_Handler
                0x0000000008002690                USART1_IRQHandler
                0x0000000008002690                SPI3_IRQHandler
                0x0000000008002690                DMA2_CH6_IRQHandler
                0x0000000008002690                DMA2_CH3_IRQHandler
                0x0000000008002690                DMA2_CH2_IRQHandler
                0x0000000008002690                I2C1_ER_IRQHandler
                0x0000000008002690                FMC_IRQHandler
                0x0000000008002690                DMA1_CH5_IRQHandler
                0x0000000008002690                DMA2_CH4_IRQHandler
                0x0000000008002690                LPTIM1_IRQHandler
                0x0000000008002690                DMAMUX_OVR_IRQHandler
                0x0000000008002690                I2C4_ER_IRQHandler
                0x0000000008002690                RTC_TAMP_CSS_LSE_IRQHandler
                0x0000000008002690                TIM1_BRK_TIM15_IRQHandler
 *fill*         0x0000000008002692        0x2 
 .text.main     0x0000000008002694       0x8c Main/scr/main.o
                0x0000000008002694                main
 .text.vTaskLED
                0x0000000008002720       0x12 Main/scr/main.o
                0x0000000008002720                vTaskLED
 *fill*         0x0000000008002732        0x2 
 .text.vTaskSendUSART
                0x0000000008002734      0x150 Main/scr/main.o
                0x0000000008002734                vTaskSendUSART
 .text.vTaskConvADC
                0x0000000008002884       0x70 Main/scr/main.o
                0x0000000008002884                vTaskConvADC
 .text.InitRCC  0x00000000080028f4      0x1c4 Main/scr/sysinit.o
                0x00000000080028f4                InitRCC
 .text.NMI_Handler
                0x0000000008002ab8       0x2c Main/scr/sysinit.o
                0x0000000008002ab8                NMI_Handler
 .text.InitLedGPIO
                0x0000000008002ae4       0xac Peripheral/src/LED.o
                0x0000000008002ae4                InitLedGPIO
 .text.SetLED   0x0000000008002b90      0x114 Peripheral/src/LED.o
                0x0000000008002b90                SetLED
 .text.ToggleLED
                0x0000000008002ca4       0x78 Peripheral/src/LED.o
                0x0000000008002ca4                ToggleLED
 .text.BlinkLED
                0x0000000008002d1c       0x28 Peripheral/src/LED.o
                0x0000000008002d1c                BlinkLED
 .text.InitUSART1
                0x0000000008002d44       0xe4 Peripheral/src/UART.o
                0x0000000008002d44                InitUSART1
 .text.SendUSART1
                0x0000000008002e28       0x3c Peripheral/src/UART.o
                0x0000000008002e28                SendUSART1
 .text.SendStringUSART1
                0x0000000008002e64       0x36 Peripheral/src/UART.o
                0x0000000008002e64                SendStringUSART1
 *fill*         0x0000000008002e9a        0x2 
 .text.UtoaBuiltinDiv
                0x0000000008002e9c       0x68 SW_Fucntions/src/conversions.o
                0x0000000008002e9c                UtoaBuiltinDiv
 .text.__libc_init_array
                0x0000000008002f04       0x48 c:/st/stm32cubeide_1.3.0/stm32cubeide/plugins/com.st.stm32cube.ide.mcu.externaltools.gnu-tools-for-stm32.7-2018-q2-update.win32_1.4.0.202007081208/tools/bin/../lib/gcc/arm-none-eabi/7.3.1/../../../../arm-none-eabi/lib/thumb/v7e-m/fpv4-sp/hard\libc_nano.a(lib_a-init.o)
                0x0000000008002f04                __libc_init_array
 .text.memcpy   0x0000000008002f4c       0x16 c:/st/stm32cubeide_1.3.0/stm32cubeide/plugins/com.st.stm32cube.ide.mcu.externaltools.gnu-tools-for-stm32.7-2018-q2-update.win32_1.4.0.202007081208/tools/bin/../lib/gcc/arm-none-eabi/7.3.1/../../../../arm-none-eabi/lib/thumb/v7e-m/fpv4-sp/hard\libc_nano.a(lib_a-memcpy-stub.o)
                0x0000000008002f4c                memcpy
 .text.memset   0x0000000008002f62       0x10 c:/st/stm32cubeide_1.3.0/stm32cubeide/plugins/com.st.stm32cube.ide.mcu.externaltools.gnu-tools-for-stm32.7-2018-q2-update.win32_1.4.0.202007081208/tools/bin/../lib/gcc/arm-none-eabi/7.3.1/../../../../arm-none-eabi/lib/thumb/v7e-m/fpv4-sp/hard\libc_nano.a(lib_a-memset.o)
                0x0000000008002f62                memset
 *(.glue_7)
 .glue_7        0x0000000008002f72        0x0 linker stubs
 *(.glue_7t)
 .glue_7t       0x0000000008002f72        0x0 linker stubs
 *(.eh_frame)
 *fill*         0x0000000008002f72        0x2 
 .eh_frame      0x0000000008002f74        0x0 c:/st/stm32cubeide_1.3.0/stm32cubeide/plugins/com.st.stm32cube.ide.mcu.externaltools.gnu-tools-for-stm32.7-2018-q2-update.win32_1.4.0.202007081208/tools/bin/../lib/gcc/arm-none-eabi/7.3.1/thumb/v7e-m/fpv4-sp/hard/crtbegin.o
 *(.init)
 .init          0x0000000008002f74        0x4 c:/st/stm32cubeide_1.3.0/stm32cubeide/plugins/com.st.stm32cube.ide.mcu.externaltools.gnu-tools-for-stm32.7-2018-q2-update.win32_1.4.0.202007081208/tools/bin/../lib/gcc/arm-none-eabi/7.3.1/thumb/v7e-m/fpv4-sp/hard/crti.o
                0x0000000008002f74                _init
 .init          0x0000000008002f78        0x8 c:/st/stm32cubeide_1.3.0/stm32cubeide/plugins/com.st.stm32cube.ide.mcu.externaltools.gnu-tools-for-stm32.7-2018-q2-update.win32_1.4.0.202007081208/tools/bin/../lib/gcc/arm-none-eabi/7.3.1/thumb/v7e-m/fpv4-sp/hard/crtn.o
 *(.fini)
 .fini          0x0000000008002f80        0x4 c:/st/stm32cubeide_1.3.0/stm32cubeide/plugins/com.st.stm32cube.ide.mcu.externaltools.gnu-tools-for-stm32.7-2018-q2-update.win32_1.4.0.202007081208/tools/bin/../lib/gcc/arm-none-eabi/7.3.1/thumb/v7e-m/fpv4-sp/hard/crti.o
                0x0000000008002f80                _fini
 .fini          0x0000000008002f84        0x8 c:/st/stm32cubeide_1.3.0/stm32cubeide/plugins/com.st.stm32cube.ide.mcu.externaltools.gnu-tools-for-stm32.7-2018-q2-update.win32_1.4.0.202007081208/tools/bin/../lib/gcc/arm-none-eabi/7.3.1/thumb/v7e-m/fpv4-sp/hard/crtn.o
                0x0000000008002f8c                . = ALIGN (0x4)
                0x0000000008002f8c                _etext = .

.vfp11_veneer   0x0000000008002f8c        0x0
 .vfp11_veneer  0x0000000008002f8c        0x0 linker stubs

.v4_bx          0x0000000008002f8c        0x0
 .v4_bx         0x0000000008002f8c        0x0 linker stubs

.iplt           0x0000000008002f8c        0x0
 .iplt          0x0000000008002f8c        0x0 c:/st/stm32cubeide_1.3.0/stm32cubeide/plugins/com.st.stm32cube.ide.mcu.externaltools.gnu-tools-for-stm32.7-2018-q2-update.win32_1.4.0.202007081208/tools/bin/../lib/gcc/arm-none-eabi/7.3.1/thumb/v7e-m/fpv4-sp/hard/crtbegin.o

.rodata         0x0000000008002f8c       0xbc
                0x0000000008002f8c                . = ALIGN (0x4)
 *(.rodata)
 .rodata        0x0000000008002f8c       0x17 FreeRTOS_Source/portable/GCC/ARM_CM4F/tasks.o
 *fill*         0x0000000008002fa3        0x1 
 .rodata        0x0000000008002fa4        0xd FreeRTOS_Source/portable/GCC/ARM_CM4F/timers.o
 *fill*         0x0000000008002fb1        0x3 
 .rodata        0x0000000008002fb4       0x92 Main/scr/main.o
 *(.rodata*)
                0x0000000008003048                . = ALIGN (0x4)
 *fill*         0x0000000008003046        0x2 

.rel.dyn        0x0000000008003048        0x0
 .rel.iplt      0x0000000008003048        0x0 c:/st/stm32cubeide_1.3.0/stm32cubeide/plugins/com.st.stm32cube.ide.mcu.externaltools.gnu-tools-for-stm32.7-2018-q2-update.win32_1.4.0.202007081208/tools/bin/../lib/gcc/arm-none-eabi/7.3.1/thumb/v7e-m/fpv4-sp/hard/crtbegin.o

.ARM.extab      0x0000000008003048        0x0
                0x0000000008003048                . = ALIGN (0x4)
 *(.ARM.extab* .gnu.linkonce.armextab.*)
                0x0000000008003048                . = ALIGN (0x4)

.ARM            0x0000000008003048        0x0
                0x0000000008003048                . = ALIGN (0x4)
                0x0000000008003048                __exidx_start = .
 *(.ARM.exidx*)
                0x0000000008003048                __exidx_end = .
                0x0000000008003048                . = ALIGN (0x4)

.preinit_array  0x0000000008003048        0x0
                0x0000000008003048                . = ALIGN (0x4)
                0x0000000008003048                PROVIDE (__preinit_array_start = .)
 *(.preinit_array*)
                0x0000000008003048                PROVIDE (__preinit_array_end = .)
                0x0000000008003048                . = ALIGN (0x4)

.init_array     0x0000000008003048        0x4
                0x0000000008003048                . = ALIGN (0x4)
                0x0000000008003048                PROVIDE (__init_array_start = .)
 *(SORT_BY_NAME(.init_array.*))
 *(.init_array*)
 .init_array    0x0000000008003048        0x4 c:/st/stm32cubeide_1.3.0/stm32cubeide/plugins/com.st.stm32cube.ide.mcu.externaltools.gnu-tools-for-stm32.7-2018-q2-update.win32_1.4.0.202007081208/tools/bin/../lib/gcc/arm-none-eabi/7.3.1/thumb/v7e-m/fpv4-sp/hard/crtbegin.o
                0x000000000800304c                PROVIDE (__init_array_end = .)
                0x000000000800304c                . = ALIGN (0x4)

.fini_array     0x000000000800304c        0x4
                0x000000000800304c                . = ALIGN (0x4)
                [!provide]                        PROVIDE (__fini_array_start = .)
 *(SORT_BY_NAME(.fini_array.*))
 *(.fini_array*)
 .fini_array    0x000000000800304c        0x4 c:/st/stm32cubeide_1.3.0/stm32cubeide/plugins/com.st.stm32cube.ide.mcu.externaltools.gnu-tools-for-stm32.7-2018-q2-update.win32_1.4.0.202007081208/tools/bin/../lib/gcc/arm-none-eabi/7.3.1/thumb/v7e-m/fpv4-sp/hard/crtbegin.o
                [!provide]                        PROVIDE (__fini_array_end = .)
                0x0000000008003050                . = ALIGN (0x4)
                0x0000000008003050                _sidata = LOADADDR (.data)

.data           0x0000000020000000        0x8 load address 0x0000000008003050
                0x0000000020000000                . = ALIGN (0x4)
                0x0000000020000000                _sdata = .
 *(.data)
 *(.data*)
 .data.uxCriticalNesting
                0x0000000020000000        0x4 FreeRTOS_Source/portable/GCC/ARM_CM4F/port.o
 .data.adcCoeff.7554
                0x0000000020000004        0x4 Main/scr/main.o
                0x0000000020000008                . = ALIGN (0x4)
                0x0000000020000008                _edata = .

.igot.plt       0x0000000020000008        0x0 load address 0x0000000008003058
 .igot.plt      0x0000000020000008        0x0 c:/st/stm32cubeide_1.3.0/stm32cubeide/plugins/com.st.stm32cube.ide.mcu.externaltools.gnu-tools-for-stm32.7-2018-q2-update.win32_1.4.0.202007081208/tools/bin/../lib/gcc/arm-none-eabi/7.3.1/thumb/v7e-m/fpv4-sp/hard/crtbegin.o
                0x0000000020000008                . = ALIGN (0x4)

.bss            0x0000000020000008     0xc9e8 load address 0x0000000008003058
                0x0000000020000008                _sbss = .
                0x0000000020000008                __bss_start__ = _sbss
 *(.bss)
 .bss           0x0000000020000008       0x1c c:/st/stm32cubeide_1.3.0/stm32cubeide/plugins/com.st.stm32cube.ide.mcu.externaltools.gnu-tools-for-stm32.7-2018-q2-update.win32_1.4.0.202007081208/tools/bin/../lib/gcc/arm-none-eabi/7.3.1/thumb/v7e-m/fpv4-sp/hard/crtbegin.o
 *(.bss*)
 .bss.ucMaxSysCallPriority
                0x0000000020000024        0x1 FreeRTOS_Source/portable/GCC/ARM_CM4F/port.o
 *fill*         0x0000000020000025        0x3 
 .bss.ulMaxPRIGROUPValue
                0x0000000020000028        0x4 FreeRTOS_Source/portable/GCC/ARM_CM4F/port.o
 .bss.pxCurrentTCB
                0x000000002000002c        0x4 FreeRTOS_Source/portable/GCC/ARM_CM4F/tasks.o
                0x000000002000002c                pxCurrentTCB
 .bss.pxReadyTasksLists
                0x0000000020000030       0x64 FreeRTOS_Source/portable/GCC/ARM_CM4F/tasks.o
 .bss.xDelayedTaskList1
                0x0000000020000094       0x14 FreeRTOS_Source/portable/GCC/ARM_CM4F/tasks.o
 .bss.xDelayedTaskList2
                0x00000000200000a8       0x14 FreeRTOS_Source/portable/GCC/ARM_CM4F/tasks.o
 .bss.pxDelayedTaskList
                0x00000000200000bc        0x4 FreeRTOS_Source/portable/GCC/ARM_CM4F/tasks.o
 .bss.pxOverflowDelayedTaskList
                0x00000000200000c0        0x4 FreeRTOS_Source/portable/GCC/ARM_CM4F/tasks.o
 .bss.xPendingReadyList
                0x00000000200000c4       0x14 FreeRTOS_Source/portable/GCC/ARM_CM4F/tasks.o
 .bss.xTasksWaitingTermination
                0x00000000200000d8       0x14 FreeRTOS_Source/portable/GCC/ARM_CM4F/tasks.o
 .bss.uxDeletedTasksWaitingCleanUp
                0x00000000200000ec        0x4 FreeRTOS_Source/portable/GCC/ARM_CM4F/tasks.o
 .bss.xSuspendedTaskList
                0x00000000200000f0       0x14 FreeRTOS_Source/portable/GCC/ARM_CM4F/tasks.o
 .bss.uxCurrentNumberOfTasks
                0x0000000020000104        0x4 FreeRTOS_Source/portable/GCC/ARM_CM4F/tasks.o
 .bss.xTickCount
                0x0000000020000108        0x4 FreeRTOS_Source/portable/GCC/ARM_CM4F/tasks.o
 .bss.uxTopReadyPriority
                0x000000002000010c        0x4 FreeRTOS_Source/portable/GCC/ARM_CM4F/tasks.o
 .bss.xSchedulerRunning
                0x0000000020000110        0x4 FreeRTOS_Source/portable/GCC/ARM_CM4F/tasks.o
 .bss.xPendedTicks
                0x0000000020000114        0x4 FreeRTOS_Source/portable/GCC/ARM_CM4F/tasks.o
 .bss.xYieldPending
                0x0000000020000118        0x4 FreeRTOS_Source/portable/GCC/ARM_CM4F/tasks.o
 .bss.xNumOfOverflows
                0x000000002000011c        0x4 FreeRTOS_Source/portable/GCC/ARM_CM4F/tasks.o
 .bss.uxTaskNumber
                0x0000000020000120        0x4 FreeRTOS_Source/portable/GCC/ARM_CM4F/tasks.o
 .bss.xNextTaskUnblockTime
                0x0000000020000124        0x4 FreeRTOS_Source/portable/GCC/ARM_CM4F/tasks.o
 .bss.xIdleTaskHandle
                0x0000000020000128        0x4 FreeRTOS_Source/portable/GCC/ARM_CM4F/tasks.o
 .bss.uxSchedulerSuspended
                0x000000002000012c        0x4 FreeRTOS_Source/portable/GCC/ARM_CM4F/tasks.o
 .bss.xActiveTimerList1
                0x0000000020000130       0x14 FreeRTOS_Source/portable/GCC/ARM_CM4F/timers.o
 .bss.xActiveTimerList2
                0x0000000020000144       0x14 FreeRTOS_Source/portable/GCC/ARM_CM4F/timers.o
 .bss.pxCurrentTimerList
                0x0000000020000158        0x4 FreeRTOS_Source/portable/GCC/ARM_CM4F/timers.o
 .bss.pxOverflowTimerList
                0x000000002000015c        0x4 FreeRTOS_Source/portable/GCC/ARM_CM4F/timers.o
 .bss.xTimerQueue
                0x0000000020000160        0x4 FreeRTOS_Source/portable/GCC/ARM_CM4F/timers.o
 .bss.xTimerTaskHandle
                0x0000000020000164        0x4 FreeRTOS_Source/portable/GCC/ARM_CM4F/timers.o
 .bss.xLastTime.6727
                0x0000000020000168        0x4 FreeRTOS_Source/portable/GCC/ARM_CM4F/timers.o
 .bss.ucHeap    0x000000002000016c     0xc800 FreeRTOS_Source/portable/MemMang/heap_1.o
 .bss.xNextFreeByte
                0x000000002000c96c        0x4 FreeRTOS_Source/portable/MemMang/heap_1.o
 .bss.pucAlignedHeap.6404
                0x000000002000c970        0x4 FreeRTOS_Source/portable/MemMang/heap_1.o
 .bss.voltage.7557
                0x000000002000c974        0x4 Main/scr/main.o
 .bss.temperature.7558
                0x000000002000c978        0x4 Main/scr/main.o
 .bss.adcResultStr.7559
                0x000000002000c97c        0x4 Main/scr/main.o
 .bss.VoltageStr.7560
                0x000000002000c980        0x4 Main/scr/main.o
 .bss.TemperatureStr.7561
                0x000000002000c984        0x4 Main/scr/main.o
 .bss.adcResultStr.7569
                0x000000002000c988        0x5 Main/scr/main.o
 *(COMMON)
 *fill*         0x000000002000c98d        0x3 
 COMMON         0x000000002000c990       0x50 FreeRTOS_Source/portable/GCC/ARM_CM4F/queue.o
                0x000000002000c990                xQueueRegistry
 COMMON         0x000000002000c9e0       0x10 Main/scr/main.o
                0x000000002000c9e0                TaskConvADCHandle
                0x000000002000c9e4                SendDataADC
                0x000000002000c9e8                TaskSendUSARTHandle
                0x000000002000c9ec                TaskLEDHandle
                0x000000002000c9f0                . = ALIGN (0x4)
                0x000000002000c9f0                _ebss = .
                0x000000002000c9f0                __bss_end__ = _ebss

._user_heap_stack
                0x000000002000c9f0      0x600 load address 0x0000000008003058
                0x000000002000c9f0                . = ALIGN (0x8)
                [!provide]                        PROVIDE (end = .)
                0x000000002000c9f0                PROVIDE (_end = .)
                0x000000002000cbf0                . = (. + _Min_Heap_Size)
 *fill*         0x000000002000c9f0      0x200 
                0x000000002000cff0                . = (. + _Min_Stack_Size)
 *fill*         0x000000002000cbf0      0x400 
                0x000000002000cff0                . = ALIGN (0x8)

/DISCARD/
 libc.a(*)
 libm.a(*)
 libgcc.a(*)

.ARM.attributes
                0x0000000000000000       0x30
 *(.ARM.attributes)
 .ARM.attributes
                0x0000000000000000       0x22 c:/st/stm32cubeide_1.3.0/stm32cubeide/plugins/com.st.stm32cube.ide.mcu.externaltools.gnu-tools-for-stm32.7-2018-q2-update.win32_1.4.0.202007081208/tools/bin/../lib/gcc/arm-none-eabi/7.3.1/thumb/v7e-m/fpv4-sp/hard/crti.o
 .ARM.attributes
                0x0000000000000022       0x34 c:/st/stm32cubeide_1.3.0/stm32cubeide/plugins/com.st.stm32cube.ide.mcu.externaltools.gnu-tools-for-stm32.7-2018-q2-update.win32_1.4.0.202007081208/tools/bin/../lib/gcc/arm-none-eabi/7.3.1/thumb/v7e-m/fpv4-sp/hard/crtbegin.o
 .ARM.attributes
                0x0000000000000056       0x39 Analog/src/adc.o
 .ARM.attributes
                0x000000000000008f       0x39 CMSIS/src/system_stm32g4xx.o
 .ARM.attributes
                0x00000000000000c8       0x39 FreeRTOS_Source/portable/GCC/ARM_CM4F/list.o
 .ARM.attributes
                0x0000000000000101       0x39 FreeRTOS_Source/portable/GCC/ARM_CM4F/port.o
 .ARM.attributes
                0x000000000000013a       0x39 FreeRTOS_Source/portable/GCC/ARM_CM4F/queue.o
 .ARM.attributes
                0x0000000000000173       0x39 FreeRTOS_Source/portable/GCC/ARM_CM4F/tasks.o
 .ARM.attributes
                0x00000000000001ac       0x39 FreeRTOS_Source/portable/GCC/ARM_CM4F/timers.o
 .ARM.attributes
                0x00000000000001e5       0x39 FreeRTOS_Source/portable/MemMang/heap_1.o
 .ARM.attributes
                0x000000000000021e       0x21 Main/Startup/startup_stm32g473cetx.o
 .ARM.attributes
                0x000000000000023f       0x39 Main/scr/main.o
 .ARM.attributes
                0x0000000000000278       0x39 Main/scr/sysinit.o
 .ARM.attributes
                0x00000000000002b1       0x39 Peripheral/src/LED.o
 .ARM.attributes
                0x00000000000002ea       0x39 Peripheral/src/UART.o
 .ARM.attributes
                0x0000000000000323       0x39 SW_Fucntions/src/conversions.o
 .ARM.attributes
                0x000000000000035c       0x34 c:/st/stm32cubeide_1.3.0/stm32cubeide/plugins/com.st.stm32cube.ide.mcu.externaltools.gnu-tools-for-stm32.7-2018-q2-update.win32_1.4.0.202007081208/tools/bin/../lib/gcc/arm-none-eabi/7.3.1/../../../../arm-none-eabi/lib/thumb/v7e-m/fpv4-sp/hard\libc_nano.a(lib_a-init.o)
 .ARM.attributes
                0x0000000000000390       0x34 c:/st/stm32cubeide_1.3.0/stm32cubeide/plugins/com.st.stm32cube.ide.mcu.externaltools.gnu-tools-for-stm32.7-2018-q2-update.win32_1.4.0.202007081208/tools/bin/../lib/gcc/arm-none-eabi/7.3.1/../../../../arm-none-eabi/lib/thumb/v7e-m/fpv4-sp/hard\libc_nano.a(lib_a-memcpy-stub.o)
 .ARM.attributes
                0x00000000000003c4       0x34 c:/st/stm32cubeide_1.3.0/stm32cubeide/plugins/com.st.stm32cube.ide.mcu.externaltools.gnu-tools-for-stm32.7-2018-q2-update.win32_1.4.0.202007081208/tools/bin/../lib/gcc/arm-none-eabi/7.3.1/../../../../arm-none-eabi/lib/thumb/v7e-m/fpv4-sp/hard\libc_nano.a(lib_a-memset.o)
 .ARM.attributes
                0x00000000000003f8       0x22 c:/st/stm32cubeide_1.3.0/stm32cubeide/plugins/com.st.stm32cube.ide.mcu.externaltools.gnu-tools-for-stm32.7-2018-q2-update.win32_1.4.0.202007081208/tools/bin/../lib/gcc/arm-none-eabi/7.3.1/thumb/v7e-m/fpv4-sp/hard/crtn.o
OUTPUT(ESC_firmware.elf elf32-littlearm)

.debug_info     0x0000000000000000     0x9548
 .debug_info    0x0000000000000000      0x6a7 Analog/src/adc.o
 .debug_info    0x00000000000006a7      0x56d CMSIS/src/system_stm32g4xx.o
 .debug_info    0x0000000000000c14      0xac0 FreeRTOS_Source/portable/GCC/ARM_CM4F/list.o
 .debug_info    0x00000000000016d4      0x528 FreeRTOS_Source/portable/GCC/ARM_CM4F/port.o
 .debug_info    0x0000000000001bfc     0x1d3f FreeRTOS_Source/portable/GCC/ARM_CM4F/queue.o
 .debug_info    0x000000000000393b     0x27ad FreeRTOS_Source/portable/GCC/ARM_CM4F/tasks.o
 .debug_info    0x00000000000060e8     0x14be FreeRTOS_Source/portable/GCC/ARM_CM4F/timers.o
 .debug_info    0x00000000000075a6      0x9ca FreeRTOS_Source/portable/MemMang/heap_1.o
 .debug_info    0x0000000000007f70       0x22 Main/Startup/startup_stm32g473cetx.o
 .debug_info    0x0000000000007f92      0x390 Main/scr/main.o
 .debug_info    0x0000000000008322      0x6ac Main/scr/sysinit.o
 .debug_info    0x00000000000089ce      0x4e4 Peripheral/src/LED.o
 .debug_info    0x0000000000008eb2      0x52a Peripheral/src/UART.o
 .debug_info    0x00000000000093dc      0x16c SW_Fucntions/src/conversions.o

.debug_abbrev   0x0000000000000000     0x16e6
 .debug_abbrev  0x0000000000000000      0x120 Analog/src/adc.o
 .debug_abbrev  0x0000000000000120      0x111 CMSIS/src/system_stm32g4xx.o
 .debug_abbrev  0x0000000000000231      0x1cf FreeRTOS_Source/portable/GCC/ARM_CM4F/list.o
 .debug_abbrev  0x0000000000000400      0x1ff FreeRTOS_Source/portable/GCC/ARM_CM4F/port.o
 .debug_abbrev  0x00000000000005ff      0x2d7 FreeRTOS_Source/portable/GCC/ARM_CM4F/queue.o
 .debug_abbrev  0x00000000000008d6      0x34e FreeRTOS_Source/portable/GCC/ARM_CM4F/tasks.o
 .debug_abbrev  0x0000000000000c24      0x2c8 FreeRTOS_Source/portable/GCC/ARM_CM4F/timers.o
 .debug_abbrev  0x0000000000000eec      0x237 FreeRTOS_Source/portable/MemMang/heap_1.o
 .debug_abbrev  0x0000000000001123       0x12 Main/Startup/startup_stm32g473cetx.o
 .debug_abbrev  0x0000000000001135      0x13c Main/scr/main.o
 .debug_abbrev  0x0000000000001271      0x138 Main/scr/sysinit.o
 .debug_abbrev  0x00000000000013a9      0x157 Peripheral/src/LED.o
 .debug_abbrev  0x0000000000001500      0x136 Peripheral/src/UART.o
 .debug_abbrev  0x0000000000001636       0xb0 SW_Fucntions/src/conversions.o

.debug_aranges  0x0000000000000000      0x640
 .debug_aranges
                0x0000000000000000       0x28 Analog/src/adc.o
 .debug_aranges
                0x0000000000000028       0x28 CMSIS/src/system_stm32g4xx.o
 .debug_aranges
                0x0000000000000050       0x40 FreeRTOS_Source/portable/GCC/ARM_CM4F/list.o
 .debug_aranges
                0x0000000000000090       0x80 FreeRTOS_Source/portable/GCC/ARM_CM4F/port.o
 .debug_aranges
                0x0000000000000110      0x100 FreeRTOS_Source/portable/GCC/ARM_CM4F/queue.o
 .debug_aranges
                0x0000000000000210      0x1e0 FreeRTOS_Source/portable/GCC/ARM_CM4F/tasks.o
 .debug_aranges
                0x00000000000003f0       0xd8 FreeRTOS_Source/portable/GCC/ARM_CM4F/timers.o
 .debug_aranges
                0x00000000000004c8       0x38 FreeRTOS_Source/portable/MemMang/heap_1.o
 .debug_aranges
                0x0000000000000500       0x28 Main/Startup/startup_stm32g473cetx.o
 .debug_aranges
                0x0000000000000528       0x38 Main/scr/main.o
 .debug_aranges
                0x0000000000000560       0x50 Main/scr/sysinit.o
 .debug_aranges
                0x00000000000005b0       0x38 Peripheral/src/LED.o
 .debug_aranges
                0x00000000000005e8       0x38 Peripheral/src/UART.o
 .debug_aranges
                0x0000000000000620       0x20 SW_Fucntions/src/conversions.o

.debug_ranges   0x0000000000000000      0x568
 .debug_ranges  0x0000000000000000       0x18 Analog/src/adc.o
 .debug_ranges  0x0000000000000018       0x18 CMSIS/src/system_stm32g4xx.o
 .debug_ranges  0x0000000000000030       0x30 FreeRTOS_Source/portable/GCC/ARM_CM4F/list.o
 .debug_ranges  0x0000000000000060       0x70 FreeRTOS_Source/portable/GCC/ARM_CM4F/port.o
 .debug_ranges  0x00000000000000d0       0xf0 FreeRTOS_Source/portable/GCC/ARM_CM4F/queue.o
 .debug_ranges  0x00000000000001c0      0x1d0 FreeRTOS_Source/portable/GCC/ARM_CM4F/tasks.o
 .debug_ranges  0x0000000000000390       0xc8 FreeRTOS_Source/portable/GCC/ARM_CM4F/timers.o
 .debug_ranges  0x0000000000000458       0x28 FreeRTOS_Source/portable/MemMang/heap_1.o
 .debug_ranges  0x0000000000000480       0x20 Main/Startup/startup_stm32g473cetx.o
 .debug_ranges  0x00000000000004a0       0x28 Main/scr/main.o
 .debug_ranges  0x00000000000004c8       0x40 Main/scr/sysinit.o
 .debug_ranges  0x0000000000000508       0x28 Peripheral/src/LED.o
 .debug_ranges  0x0000000000000530       0x28 Peripheral/src/UART.o
 .debug_ranges  0x0000000000000558       0x10 SW_Fucntions/src/conversions.o

.debug_macro    0x0000000000000000    0x16b69
 .debug_macro   0x0000000000000000       0xd1 Analog/src/adc.o
 .debug_macro   0x00000000000000d1      0xa60 Analog/src/adc.o
 .debug_macro   0x0000000000000b31       0x2e Analog/src/adc.o
 .debug_macro   0x0000000000000b5f       0x28 Analog/src/adc.o
 .debug_macro   0x0000000000000b87       0x22 Analog/src/adc.o
 .debug_macro   0x0000000000000ba9       0x8e Analog/src/adc.o
 .debug_macro   0x0000000000000c37       0x51 Analog/src/adc.o
 .debug_macro   0x0000000000000c88       0xef Analog/src/adc.o
 .debug_macro   0x0000000000000d77       0x6a Analog/src/adc.o
 .debug_macro   0x0000000000000de1      0x1df Analog/src/adc.o
 .debug_macro   0x0000000000000fc0       0x1c Analog/src/adc.o
 .debug_macro   0x0000000000000fdc       0x22 Analog/src/adc.o
 .debug_macro   0x0000000000000ffe      0x101 Analog/src/adc.o
 .debug_macro   0x00000000000010ff     0x1011 Analog/src/adc.o
 .debug_macro   0x0000000000002110      0x11f Analog/src/adc.o
 .debug_macro   0x000000000000222f    0x130df Analog/src/adc.o
 .debug_macro   0x000000000001530e       0x43 Analog/src/adc.o
 .debug_macro   0x0000000000015351       0xdf CMSIS/src/system_stm32g4xx.o
 .debug_macro   0x0000000000015430      0x186 FreeRTOS_Source/portable/GCC/ARM_CM4F/list.o
 .debug_macro   0x00000000000155b6      0x196 FreeRTOS_Source/portable/GCC/ARM_CM4F/port.o
 .debug_macro   0x000000000001574c      0x20f FreeRTOS_Source/portable/GCC/ARM_CM4F/queue.o
 .debug_macro   0x000000000001595b       0x16 FreeRTOS_Source/portable/GCC/ARM_CM4F/queue.o
 .debug_macro   0x0000000000015971       0x35 FreeRTOS_Source/portable/GCC/ARM_CM4F/queue.o
 .debug_macro   0x00000000000159a6       0x20 FreeRTOS_Source/portable/GCC/ARM_CM4F/queue.o
 .debug_macro   0x00000000000159c6       0x80 FreeRTOS_Source/portable/GCC/ARM_CM4F/queue.o
 .debug_macro   0x0000000000015a46      0x337 FreeRTOS_Source/portable/GCC/ARM_CM4F/tasks.o
 .debug_macro   0x0000000000015d7d       0x10 FreeRTOS_Source/portable/GCC/ARM_CM4F/tasks.o
 .debug_macro   0x0000000000015d8d       0x1c FreeRTOS_Source/portable/GCC/ARM_CM4F/tasks.o
 .debug_macro   0x0000000000015da9       0x10 FreeRTOS_Source/portable/GCC/ARM_CM4F/tasks.o
 .debug_macro   0x0000000000015db9       0x10 FreeRTOS_Source/portable/GCC/ARM_CM4F/tasks.o
 .debug_macro   0x0000000000015dc9       0x1c FreeRTOS_Source/portable/GCC/ARM_CM4F/tasks.o
 .debug_macro   0x0000000000015de5       0x52 FreeRTOS_Source/portable/GCC/ARM_CM4F/tasks.o
 .debug_macro   0x0000000000015e37       0x40 FreeRTOS_Source/portable/GCC/ARM_CM4F/tasks.o
 .debug_macro   0x0000000000015e77       0x10 FreeRTOS_Source/portable/GCC/ARM_CM4F/tasks.o
 .debug_macro   0x0000000000015e87       0x40 FreeRTOS_Source/portable/GCC/ARM_CM4F/tasks.o
 .debug_macro   0x0000000000015ec7       0xd7 FreeRTOS_Source/portable/GCC/ARM_CM4F/tasks.o
 .debug_macro   0x0000000000015f9e       0x1c FreeRTOS_Source/portable/GCC/ARM_CM4F/tasks.o
 .debug_macro   0x0000000000015fba       0x3d FreeRTOS_Source/portable/GCC/ARM_CM4F/tasks.o
 .debug_macro   0x0000000000015ff7       0x16 FreeRTOS_Source/portable/GCC/ARM_CM4F/tasks.o
 .debug_macro   0x000000000001600d      0x145 FreeRTOS_Source/portable/GCC/ARM_CM4F/tasks.o
 .debug_macro   0x0000000000016152      0x1cf FreeRTOS_Source/portable/GCC/ARM_CM4F/timers.o
 .debug_macro   0x0000000000016321       0x97 FreeRTOS_Source/portable/GCC/ARM_CM4F/timers.o
 .debug_macro   0x00000000000163b8      0x19b FreeRTOS_Source/portable/MemMang/heap_1.o
 .debug_macro   0x0000000000016553      0x16b Main/scr/main.o
 .debug_macro   0x00000000000166be      0x130 Main/scr/main.o
 .debug_macro   0x00000000000167ee       0x10 Main/scr/main.o
 .debug_macro   0x00000000000167fe       0x22 Main/scr/main.o
 .debug_macro   0x0000000000016820       0xd6 Main/scr/sysinit.o
 .debug_macro   0x00000000000168f6       0xd1 Peripheral/src/LED.o
 .debug_macro   0x00000000000169c7       0xd1 Peripheral/src/UART.o
 .debug_macro   0x0000000000016a98       0xd1 SW_Fucntions/src/conversions.o

.debug_line     0x0000000000000000     0x643c
 .debug_line    0x0000000000000000      0x4d1 Analog/src/adc.o
 .debug_line    0x00000000000004d1      0x479 CMSIS/src/system_stm32g4xx.o
 .debug_line    0x000000000000094a      0x632 FreeRTOS_Source/portable/GCC/ARM_CM4F/list.o
 .debug_line    0x0000000000000f7c      0x693 FreeRTOS_Source/portable/GCC/ARM_CM4F/port.o
 .debug_line    0x000000000000160f      0xee6 FreeRTOS_Source/portable/GCC/ARM_CM4F/queue.o
 .debug_line    0x00000000000024f5     0x1430 FreeRTOS_Source/portable/GCC/ARM_CM4F/tasks.o
 .debug_line    0x0000000000003925      0x9cf FreeRTOS_Source/portable/GCC/ARM_CM4F/timers.o
 .debug_line    0x00000000000042f4      0x626 FreeRTOS_Source/portable/MemMang/heap_1.o
 .debug_line    0x000000000000491a       0x89 Main/Startup/startup_stm32g473cetx.o
 .debug_line    0x00000000000049a3      0x679 Main/scr/main.o
 .debug_line    0x000000000000501c      0x550 Main/scr/sysinit.o
 .debug_line    0x000000000000556c      0x532 Peripheral/src/LED.o
 .debug_line    0x0000000000005a9e      0x4e9 Peripheral/src/UART.o
 .debug_line    0x0000000000005f87      0x4b5 SW_Fucntions/src/conversions.o

.debug_str      0x0000000000000000    0x87d71
 .debug_str     0x0000000000000000    0x7b114 Analog/src/adc.o
                                      0x7b2cb (size before relaxing)
 .debug_str     0x000000000007b114       0xef CMSIS/src/system_stm32g4xx.o
                                      0x7b295 (size before relaxing)
 .debug_str     0x000000000007b203     0x6b75 FreeRTOS_Source/portable/GCC/ARM_CM4F/list.o
                                       0xa873 (size before relaxing)
 .debug_str     0x0000000000081d78     0x1a1e FreeRTOS_Source/portable/GCC/ARM_CM4F/port.o
                                       0x912e (size before relaxing)
 .debug_str     0x0000000000083796      0xf34 FreeRTOS_Source/portable/GCC/ARM_CM4F/queue.o
                                       0xc995 (size before relaxing)
 .debug_str     0x00000000000846ca     0x2c5d FreeRTOS_Source/portable/GCC/ARM_CM4F/tasks.o
                                       0xe87a (size before relaxing)
 .debug_str     0x0000000000087327      0x52f FreeRTOS_Source/portable/GCC/ARM_CM4F/timers.o
                                       0xcea4 (size before relaxing)
 .debug_str     0x0000000000087856       0xe7 FreeRTOS_Source/portable/MemMang/heap_1.o
                                       0xba03 (size before relaxing)
 .debug_str     0x000000000008793d       0x36 Main/Startup/startup_stm32g473cetx.o
                                         0x6b (size before relaxing)
 .debug_str     0x0000000000087973      0x1c5 Main/scr/main.o
                                      0x8060b (size before relaxing)
 .debug_str     0x0000000000087b38      0x14f Main/scr/sysinit.o
                                      0x7b365 (size before relaxing)
 .debug_str     0x0000000000087c87       0x54 Peripheral/src/LED.o
                                      0x7b26f (size before relaxing)
 .debug_str     0x0000000000087cdb       0x6d Peripheral/src/UART.o
                                      0x7b24a (size before relaxing)
 .debug_str     0x0000000000087d48       0x29 SW_Fucntions/src/conversions.o
                                      0x7b0a6 (size before relaxing)

.comment        0x0000000000000000       0x7b
 .comment       0x0000000000000000       0x7b Analog/src/adc.o
                                         0x7c (size before relaxing)
 .comment       0x000000000000007b       0x7c CMSIS/src/system_stm32g4xx.o
 .comment       0x000000000000007b       0x7c FreeRTOS_Source/portable/GCC/ARM_CM4F/list.o
 .comment       0x000000000000007b       0x7c FreeRTOS_Source/portable/GCC/ARM_CM4F/port.o
 .comment       0x000000000000007b       0x7c FreeRTOS_Source/portable/GCC/ARM_CM4F/queue.o
 .comment       0x000000000000007b       0x7c FreeRTOS_Source/portable/GCC/ARM_CM4F/tasks.o
 .comment       0x000000000000007b       0x7c FreeRTOS_Source/portable/GCC/ARM_CM4F/timers.o
 .comment       0x000000000000007b       0x7c FreeRTOS_Source/portable/MemMang/heap_1.o
 .comment       0x000000000000007b       0x7c Main/scr/main.o
 .comment       0x000000000000007b       0x7c Main/scr/sysinit.o
 .comment       0x000000000000007b       0x7c Peripheral/src/LED.o
 .comment       0x000000000000007b       0x7c Peripheral/src/UART.o
 .comment       0x000000000000007b       0x7c SW_Fucntions/src/conversions.o

.debug_frame    0x0000000000000000     0x175c
 .debug_frame   0x0000000000000000       0x58 Analog/src/adc.o
 .debug_frame   0x0000000000000058       0x58 CMSIS/src/system_stm32g4xx.o
 .debug_frame   0x00000000000000b0       0xd8 FreeRTOS_Source/portable/GCC/ARM_CM4F/list.o
 .debug_frame   0x0000000000000188      0x1a8 FreeRTOS_Source/portable/GCC/ARM_CM4F/port.o
 .debug_frame   0x0000000000000330      0x44c FreeRTOS_Source/portable/GCC/ARM_CM4F/queue.o
 .debug_frame   0x000000000000077c      0x82c FreeRTOS_Source/portable/GCC/ARM_CM4F/tasks.o
 .debug_frame   0x0000000000000fa8      0x38c FreeRTOS_Source/portable/GCC/ARM_CM4F/timers.o
 .debug_frame   0x0000000000001334       0x9c FreeRTOS_Source/portable/MemMang/heap_1.o
 .debug_frame   0x00000000000013d0       0x90 Main/scr/main.o
 .debug_frame   0x0000000000001460      0x108 Main/scr/sysinit.o
 .debug_frame   0x0000000000001568       0xa4 Peripheral/src/LED.o
 .debug_frame   0x000000000000160c       0xa4 Peripheral/src/UART.o
 .debug_frame   0x00000000000016b0       0x38 SW_Fucntions/src/conversions.o
 .debug_frame   0x00000000000016e8       0x2c c:/st/stm32cubeide_1.3.0/stm32cubeide/plugins/com.st.stm32cube.ide.mcu.externaltools.gnu-tools-for-stm32.7-2018-q2-update.win32_1.4.0.202007081208/tools/bin/../lib/gcc/arm-none-eabi/7.3.1/../../../../arm-none-eabi/lib/thumb/v7e-m/fpv4-sp/hard\libc_nano.a(lib_a-init.o)
 .debug_frame   0x0000000000001714       0x28 c:/st/stm32cubeide_1.3.0/stm32cubeide/plugins/com.st.stm32cube.ide.mcu.externaltools.gnu-tools-for-stm32.7-2018-q2-update.win32_1.4.0.202007081208/tools/bin/../lib/gcc/arm-none-eabi/7.3.1/../../../../arm-none-eabi/lib/thumb/v7e-m/fpv4-sp/hard\libc_nano.a(lib_a-memcpy-stub.o)
 .debug_frame   0x000000000000173c       0x20 c:/st/stm32cubeide_1.3.0/stm32cubeide/plugins/com.st.stm32cube.ide.mcu.externaltools.gnu-tools-for-stm32.7-2018-q2-update.win32_1.4.0.202007081208/tools/bin/../lib/gcc/arm-none-eabi/7.3.1/../../../../arm-none-eabi/lib/thumb/v7e-m/fpv4-sp/hard\libc_nano.a(lib_a-memset.o)
