Archive member included to satisfy reference by file (symbol)

c:/st/stm32cubeide_1.3.0/stm32cubeide/plugins/com.st.stm32cube.ide.mcu.externaltools.gnu-tools-for-stm32.7-2018-q2-update.win32_1.5.0.202011040924/tools/bin/../lib/gcc/arm-none-eabi/7.3.1/../../../../arm-none-eabi/lib/thumb/v7e-m/fpv4-sp/hard\libc_nano.a(lib_a-errno.o)
                              Main/scr/syscalls.o (__errno)
c:/st/stm32cubeide_1.3.0/stm32cubeide/plugins/com.st.stm32cube.ide.mcu.externaltools.gnu-tools-for-stm32.7-2018-q2-update.win32_1.5.0.202011040924/tools/bin/../lib/gcc/arm-none-eabi/7.3.1/../../../../arm-none-eabi/lib/thumb/v7e-m/fpv4-sp/hard\libc_nano.a(lib_a-exit.o)
                              c:/st/stm32cubeide_1.3.0/stm32cubeide/plugins/com.st.stm32cube.ide.mcu.externaltools.gnu-tools-for-stm32.7-2018-q2-update.win32_1.5.0.202011040924/tools/bin/../lib/gcc/arm-none-eabi/7.3.1/../../../../arm-none-eabi/lib/thumb/v7e-m/fpv4-sp/hard/crt0.o (exit)
c:/st/stm32cubeide_1.3.0/stm32cubeide/plugins/com.st.stm32cube.ide.mcu.externaltools.gnu-tools-for-stm32.7-2018-q2-update.win32_1.5.0.202011040924/tools/bin/../lib/gcc/arm-none-eabi/7.3.1/../../../../arm-none-eabi/lib/thumb/v7e-m/fpv4-sp/hard\libc_nano.a(lib_a-impure.o)
                              c:/st/stm32cubeide_1.3.0/stm32cubeide/plugins/com.st.stm32cube.ide.mcu.externaltools.gnu-tools-for-stm32.7-2018-q2-update.win32_1.5.0.202011040924/tools/bin/../lib/gcc/arm-none-eabi/7.3.1/../../../../arm-none-eabi/lib/thumb/v7e-m/fpv4-sp/hard\libc_nano.a(lib_a-exit.o) (_global_impure_ptr)
c:/st/stm32cubeide_1.3.0/stm32cubeide/plugins/com.st.stm32cube.ide.mcu.externaltools.gnu-tools-for-stm32.7-2018-q2-update.win32_1.5.0.202011040924/tools/bin/../lib/gcc/arm-none-eabi/7.3.1/../../../../arm-none-eabi/lib/thumb/v7e-m/fpv4-sp/hard\libc_nano.a(lib_a-init.o)
                              c:/st/stm32cubeide_1.3.0/stm32cubeide/plugins/com.st.stm32cube.ide.mcu.externaltools.gnu-tools-for-stm32.7-2018-q2-update.win32_1.5.0.202011040924/tools/bin/../lib/gcc/arm-none-eabi/7.3.1/../../../../arm-none-eabi/lib/thumb/v7e-m/fpv4-sp/hard/crt0.o (__libc_init_array)
c:/st/stm32cubeide_1.3.0/stm32cubeide/plugins/com.st.stm32cube.ide.mcu.externaltools.gnu-tools-for-stm32.7-2018-q2-update.win32_1.5.0.202011040924/tools/bin/../lib/gcc/arm-none-eabi/7.3.1/../../../../arm-none-eabi/lib/thumb/v7e-m/fpv4-sp/hard\libc_nano.a(lib_a-memcpy-stub.o)
                              FreeRTOS_Source/portable/GCC/ARM_CM4F/queue.o (memcpy)
c:/st/stm32cubeide_1.3.0/stm32cubeide/plugins/com.st.stm32cube.ide.mcu.externaltools.gnu-tools-for-stm32.7-2018-q2-update.win32_1.5.0.202011040924/tools/bin/../lib/gcc/arm-none-eabi/7.3.1/../../../../arm-none-eabi/lib/thumb/v7e-m/fpv4-sp/hard\libc_nano.a(lib_a-memset.o)
                              c:/st/stm32cubeide_1.3.0/stm32cubeide/plugins/com.st.stm32cube.ide.mcu.externaltools.gnu-tools-for-stm32.7-2018-q2-update.win32_1.5.0.202011040924/tools/bin/../lib/gcc/arm-none-eabi/7.3.1/../../../../arm-none-eabi/lib/thumb/v7e-m/fpv4-sp/hard/crt0.o (memset)
c:/st/stm32cubeide_1.3.0/stm32cubeide/plugins/com.st.stm32cube.ide.mcu.externaltools.gnu-tools-for-stm32.7-2018-q2-update.win32_1.5.0.202011040924/tools/bin/../lib/gcc/arm-none-eabi/7.3.1/../../../../arm-none-eabi/lib/thumb/v7e-m/fpv4-sp/hard\libc_nano.a(lib_a-sprintf.o)
                              FreeRTOS_Source/portable/GCC/ARM_CM4F/tasks.o (sprintf)
c:/st/stm32cubeide_1.3.0/stm32cubeide/plugins/com.st.stm32cube.ide.mcu.externaltools.gnu-tools-for-stm32.7-2018-q2-update.win32_1.5.0.202011040924/tools/bin/../lib/gcc/arm-none-eabi/7.3.1/../../../../arm-none-eabi/lib/thumb/v7e-m/fpv4-sp/hard\libc_nano.a(lib_a-strcpy.o)
                              FreeRTOS_Source/portable/GCC/ARM_CM4F/tasks.o (strcpy)
c:/st/stm32cubeide_1.3.0/stm32cubeide/plugins/com.st.stm32cube.ide.mcu.externaltools.gnu-tools-for-stm32.7-2018-q2-update.win32_1.5.0.202011040924/tools/bin/../lib/gcc/arm-none-eabi/7.3.1/../../../../arm-none-eabi/lib/thumb/v7e-m/fpv4-sp/hard\libc_nano.a(lib_a-strlen.o)
                              FreeRTOS_Source/portable/GCC/ARM_CM4F/tasks.o (strlen)
c:/st/stm32cubeide_1.3.0/stm32cubeide/plugins/com.st.stm32cube.ide.mcu.externaltools.gnu-tools-for-stm32.7-2018-q2-update.win32_1.5.0.202011040924/tools/bin/../lib/gcc/arm-none-eabi/7.3.1/../../../../arm-none-eabi/lib/thumb/v7e-m/fpv4-sp/hard\libc_nano.a(lib_a-nano-svfprintf.o)
                              c:/st/stm32cubeide_1.3.0/stm32cubeide/plugins/com.st.stm32cube.ide.mcu.externaltools.gnu-tools-for-stm32.7-2018-q2-update.win32_1.5.0.202011040924/tools/bin/../lib/gcc/arm-none-eabi/7.3.1/../../../../arm-none-eabi/lib/thumb/v7e-m/fpv4-sp/hard\libc_nano.a(lib_a-sprintf.o) (_svfprintf_r)
c:/st/stm32cubeide_1.3.0/stm32cubeide/plugins/com.st.stm32cube.ide.mcu.externaltools.gnu-tools-for-stm32.7-2018-q2-update.win32_1.5.0.202011040924/tools/bin/../lib/gcc/arm-none-eabi/7.3.1/../../../../arm-none-eabi/lib/thumb/v7e-m/fpv4-sp/hard\libc_nano.a(lib_a-nano-vfprintf_i.o)
[...]
Memory Configuration

Name             Origin             Length             Attributes
RAM              0x0000000020000000 0x0000000000018000 xrw
ROM              0x0000000008000000 0x0000000000080000 xr
*default*        0x0000000000000000 0xffffffffffffffff

Linker script and memory map

LOAD c:/st/stm32cubeide_1.3.0/stm32cubeide/plugins/com.st.stm32cube.ide.mcu.externaltools.gnu-tools-for-stm32.7-2018-q2-update.win32_1.5.0.202011040924/tools/bin/../lib/gcc/arm-none-eabi/7.3.1/thumb/v7e-m/fpv4-sp/hard/crti.o
LOAD c:/st/stm32cubeide_1.3.0/stm32cubeide/plugins/com.st.stm32cube.ide.mcu.externaltools.gnu-tools-for-stm32.7-2018-q2-update.win32_1.5.0.202011040924/tools/bin/../lib/gcc/arm-none-eabi/7.3.1/thumb/v7e-m/fpv4-sp/hard/crtbegin.o
LOAD c:/st/stm32cubeide_1.3.0/stm32cubeide/plugins/com.st.stm32cube.ide.mcu.externaltools.gnu-tools-for-stm32.7-2018-q2-update.win32_1.5.0.202011040924/tools/bin/../lib/gcc/arm-none-eabi/7.3.1/../../../../arm-none-eabi/lib/thumb/v7e-m/fpv4-sp/hard/crt0.o
LOAD Analog/src/adc.o
LOAD Analog/src/opamp.o
LOAD Analog/src/vrefbuf.o
LOAD CMSIS/src/system_stm32g4xx.o
LOAD FreeRTOS_Source/portable/GCC/ARM_CM4F/croutine.o
LOAD FreeRTOS_Source/portable/GCC/ARM_CM4F/event_groups.o
LOAD FreeRTOS_Source/portable/GCC/ARM_CM4F/list.o
LOAD FreeRTOS_Source/portable/GCC/ARM_CM4F/port.o
LOAD FreeRTOS_Source/portable/GCC/ARM_CM4F/queue.o
LOAD FreeRTOS_Source/portable/GCC/ARM_CM4F/stream_buffer.o
LOAD FreeRTOS_Source/portable/GCC/ARM_CM4F/tasks.o
LOAD FreeRTOS_Source/portable/GCC/ARM_CM4F/timers.o
LOAD FreeRTOS_Source/portable/MemMang/heap_1.o
LOAD Main/Startup/startup_stm32g473cetx.o
LOAD Main/scr/main.o
LOAD Main/scr/syscalls.o
LOAD Main/scr/sysinit.o
LOAD Main/scr/sysmem.o
LOAD Peripheral/src/FDCAN.o
LOAD Peripheral/src/LED.o
LOAD Peripheral/src/UART.o
LOAD Peripheral/src/cordic.o
LOAD Peripheral/src/dma.o
LOAD Peripheral/src/fmac.o
LOAD Peripheral/src/init_timers.o
LOAD Peripheral/src/watchdog.o
LOAD SW_Fucntions/src/conversions.o
START GROUP
LOAD c:/st/stm32cubeide_1.3.0/stm32cubeide/plugins/com.st.stm32cube.ide.mcu.externaltools.gnu-tools-for-stm32.7-2018-q2-update.win32_1.5.0.202011040924/tools/bin/../lib/gcc/arm-none-eabi/7.3.1/../../../../arm-none-eabi/lib/thumb/v7e-m/fpv4-sp/hard\libc_nano.a
LOAD c:/st/stm32cubeide_1.3.0/stm32cubeide/plugins/com.st.stm32cube.ide.mcu.externaltools.gnu-tools-for-stm32.7-2018-q2-update.win32_1.5.0.202011040924/tools/bin/../lib/gcc/arm-none-eabi/7.3.1/../../../../arm-none-eabi/lib/thumb/v7e-m/fpv4-sp/hard\libm.a
END GROUP
START GROUP
LOAD c:/st/stm32cubeide_1.3.0/stm32cubeide/plugins/com.st.stm32cube.ide.mcu.externaltools.gnu-tools-for-stm32.7-2018-q2-update.win32_1.5.0.202011040924/tools/bin/../lib/gcc/arm-none-eabi/7.3.1/thumb/v7e-m/fpv4-sp/hard\libgcc.a
LOAD c:/st/stm32cubeide_1.3.0/stm32cubeide/plugins/com.st.stm32cube.ide.mcu.externaltools.gnu-tools-for-stm32.7-2018-q2-update.win32_1.5.0.202011040924/tools/bin/../lib/gcc/arm-none-eabi/7.3.1/../../../../arm-none-eabi/lib/thumb/v7e-m/fpv4-sp/hard\libc_nano.a
END GROUP
START GROUP
LOAD c:/st/stm32cubeide_1.3.0/stm32cubeide/plugins/com.st.stm32cube.ide.mcu.externaltools.gnu-tools-for-stm32.7-2018-q2-update.win32_1.5.0.202011040924/tools/bin/../lib/gcc/arm-none-eabi/7.3.1/thumb/v7e-m/fpv4-sp/hard\libgcc.a
LOAD c:/st/stm32cubeide_1.3.0/stm32cubeide/plugins/com.st.stm32cube.ide.mcu.externaltools.gnu-tools-for-stm32.7-2018-q2-update.win32_1.5.0.202011040924/tools/bin/../lib/gcc/arm-none-eabi/7.3.1/../../../../arm-none-eabi/lib/thumb/v7e-m/fpv4-sp/hard\libc_nano.a
LOAD c:/st/stm32cubeide_1.3.0/stm32cubeide/plugins/com.st.stm32cube.ide.mcu.externaltools.gnu-tools-for-stm32.7-2018-q2-update.win32_1.5.0.202011040924/tools/bin/../lib/gcc/arm-none-eabi/7.3.1/../../../../arm-none-eabi/lib/thumb/v7e-m/fpv4-sp/hard\libnosys.a
END GROUP
START GROUP
LOAD c:/st/stm32cubeide_1.3.0/stm32cubeide/plugins/com.st.stm32cube.ide.mcu.externaltools.gnu-tools-for-stm32.7-2018-q2-update.win32_1.5.0.202011040924/tools/bin/../lib/gcc/arm-none-eabi/7.3.1/thumb/v7e-m/fpv4-sp/hard\libgcc.a
LOAD c:/st/stm32cubeide_1.3.0/stm32cubeide/plugins/com.st.stm32cube.ide.mcu.externaltools.gnu-tools-for-stm32.7-2018-q2-update.win32_1.5.0.202011040924/tools/bin/../lib/gcc/arm-none-eabi/7.3.1/../../../../arm-none-eabi/lib/thumb/v7e-m/fpv4-sp/hard\libc_nano.a
LOAD c:/st/stm32cubeide_1.3.0/stm32cubeide/plugins/com.st.stm32cube.ide.mcu.externaltools.gnu-tools-for-stm32.7-2018-q2-update.win32_1.5.0.202011040924/tools/bin/../lib/gcc/arm-none-eabi/7.3.1/../../../../arm-none-eabi/lib/thumb/v7e-m/fpv4-sp/hard\libnosys.a
END GROUP
LOAD c:/st/stm32cubeide_1.3.0/stm32cubeide/plugins/com.st.stm32cube.ide.mcu.externaltools.gnu-tools-for-stm32.7-2018-q2-update.win32_1.5.0.202011040924/tools/bin/../lib/gcc/arm-none-eabi/7.3.1/thumb/v7e-m/fpv4-sp/hard/crtend.o
LOAD c:/st/stm32cubeide_1.3.0/stm32cubeide/plugins/com.st.stm32cube.ide.mcu.externaltools.gnu-tools-for-stm32.7-2018-q2-update.win32_1.5.0.202011040924/tools/bin/../lib/gcc/arm-none-eabi/7.3.1/thumb/v7e-m/fpv4-sp/hard/crtn.o
                0x0000000020018000                _estack = (ORIGIN (RAM) + LENGTH (RAM))
                0x0000000000000200                _Min_Heap_Size = 0x200
                0x0000000000000400                _Min_Stack_Size = 0x400

.isr_vector     0x0000000008000000      0x1d8
                0x0000000008000000                . = ALIGN (0x4)
 *(.isr_vector)
 .isr_vector    0x0000000008000000      0x1d8 Main/Startup/startup_stm32g473cetx.o
                0x0000000008000000                g_pfnVectors
                0x00000000080001d8                . = ALIGN (0x4)

.text           0x00000000080001e0     0x3bec
                0x00000000080001e0                . = ALIGN (0x4)
 *(.text)
 .text          0x00000000080001e0       0x40 c:/st/stm32cubeide_1.3.0/stm32cubeide/plugins/com.st.stm32cube.ide.mcu.externaltools.gnu-tools-for-stm32.7-2018-q2-update.win32_1.5.0.202011040924/tools/bin/../lib/gcc/arm-none-eabi/7.3.1/thumb/v7e-m/fpv4-sp/hard/crtbegin.o
 .text          0x0000000008000220       0x10 c:/st/stm32cubeide_1.3.0/stm32cubeide/plugins/com.st.stm32cube.ide.mcu.externaltools.gnu-tools-for-stm32.7-2018-q2-update.win32_1.5.0.202011040924/tools/bin/../lib/gcc/arm-none-eabi/7.3.1/../../../../arm-none-eabi/lib/thumb/v7e-m/fpv4-sp/hard\libc_nano.a(lib_a-strlen.o)
                0x0000000008000220                strlen
 *(.text*)
 .text.__NVIC_EnableIRQ
                0x0000000008000230       0x3c Analog/src/adc.o
 .text.__NVIC_SetPriority
                0x000000000800026c       0x54 Analog/src/adc.o
 .text.InitADC12
                0x00000000080002c0      0x198 Analog/src/adc.o
                0x00000000080002c0                InitADC12
 .text.InitOpamp1
                0x0000000008000458      0x24c Analog/src/opamp.o
                0x0000000008000458                InitOpamp1
 .text.InitOpamp2
                0x00000000080006a4      0x24c Analog/src/opamp.o
                0x00000000080006a4                InitOpamp2
 .text.InitOpamp3
                0x00000000080008f0      0x244 Analog/src/opamp.o
                0x00000000080008f0                InitOpamp3
 .text.InitVrefbuf
                0x0000000008000b34       0x54 Analog/src/vrefbuf.o
                0x0000000008000b34                InitVrefbuf
 .text.SystemInit
                0x0000000008000b88       0x2c CMSIS/src/system_stm32g4xx.o
                0x0000000008000b88                SystemInit
 .text.vListInitialise
                0x0000000008000bb4       0x40 FreeRTOS_Source/portable/GCC/ARM_CM4F/list.o
                0x0000000008000bb4                vListInitialise
 .text.vListInitialiseItem
                0x0000000008000bf4       0x1a FreeRTOS_Source/portable/GCC/ARM_CM4F/list.o
                0x0000000008000bf4                vListInitialiseItem
 .text.vListInsertEnd
                0x0000000008000c0e       0x48 FreeRTOS_Source/portable/GCC/ARM_CM4F/list.o
                0x0000000008000c0e                vListInsertEnd
 .text.vListInsert
                0x0000000008000c56       0x72 FreeRTOS_Source/portable/GCC/ARM_CM4F/list.o
                0x0000000008000c56                vListInsert
 .text.uxListRemove
                0x0000000008000cc8       0x54 FreeRTOS_Source/portable/GCC/ARM_CM4F/list.o
                0x0000000008000cc8                uxListRemove
 .text.pxPortInitialiseStack
                0x0000000008000d1c       0x68 FreeRTOS_Source/portable/GCC/ARM_CM4F/port.o
                0x0000000008000d1c                pxPortInitialiseStack
 .text.prvTaskExitError
                0x0000000008000d84       0x54 FreeRTOS_Source/portable/GCC/ARM_CM4F/port.o
 *fill*         0x0000000008000dd8        0x8 
 .text.SVC_Handler
                0x0000000008000de0       0x28 FreeRTOS_Source/portable/GCC/ARM_CM4F/port.o
                0x0000000008000de0                SVC_Handler
 .text.prvPortStartFirstTask
                0x0000000008000e08       0x2c FreeRTOS_Source/portable/GCC/ARM_CM4F/port.o
 .text.xPortStartScheduler
                0x0000000008000e34      0x13c FreeRTOS_Source/portable/GCC/ARM_CM4F/port.o
                0x0000000008000e34                xPortStartScheduler
 .text.vPortEnterCritical
                0x0000000008000f70       0x5c FreeRTOS_Source/portable/GCC/ARM_CM4F/port.o
                0x0000000008000f70                vPortEnterCritical
 .text.vPortExitCritical
                0x0000000008000fcc       0x50 FreeRTOS_Source/portable/GCC/ARM_CM4F/port.o
                0x0000000008000fcc                vPortExitCritical
 *fill*         0x000000000800101c        0x4 
 .text.PendSV_Handler
                0x0000000008001020       0x68 FreeRTOS_Source/portable/GCC/ARM_CM4F/port.o
                0x0000000008001020                PendSV_Handler
 .text.SysTick_Handler
                0x0000000008001088       0x40 FreeRTOS_Source/portable/GCC/ARM_CM4F/port.o
                0x0000000008001088                SysTick_Handler
 .text.vPortSetupTimerInterrupt
                0x00000000080010c8       0x38 FreeRTOS_Source/portable/GCC/ARM_CM4F/port.o
                0x00000000080010c8                vPortSetupTimerInterrupt
 .text.vPortEnableVFP
                0x0000000008001100       0x18 FreeRTOS_Source/portable/GCC/ARM_CM4F/port.o
 .text.vPortValidateInterruptPriority
                0x0000000008001118       0x7c FreeRTOS_Source/portable/GCC/ARM_CM4F/port.o
                0x0000000008001118                vPortValidateInterruptPriority
 .text.xQueueGenericReset
                0x0000000008001194       0xd0 FreeRTOS_Source/portable/GCC/ARM_CM4F/queue.o
                0x0000000008001194                xQueueGenericReset
 .text.xQueueGenericCreate
                0x0000000008001264       0x9c FreeRTOS_Source/portable/GCC/ARM_CM4F/queue.o
                0x0000000008001264                xQueueGenericCreate
 .text.prvInitialiseNewQueue
                0x0000000008001300       0x46 FreeRTOS_Source/portable/GCC/ARM_CM4F/queue.o
 *fill*         0x0000000008001346        0x2 
 .text.xQueueGenericSend
                0x0000000008001348      0x1f4 FreeRTOS_Source/portable/GCC/ARM_CM4F/queue.o
                0x0000000008001348                xQueueGenericSend
 .text.xQueueGenericSendFromISR
                0x000000000800153c      0x14a FreeRTOS_Source/portable/GCC/ARM_CM4F/queue.o
                0x000000000800153c                xQueueGenericSendFromISR
 *fill*         0x0000000008001686        0x2 
 .text.xQueueReceive
                0x0000000008001688      0x1b8 FreeRTOS_Source/portable/GCC/ARM_CM4F/queue.o
                0x0000000008001688                xQueueReceive
 .text.xQueueReceiveFromISR
                0x0000000008001840      0x116 FreeRTOS_Source/portable/GCC/ARM_CM4F/queue.o
                0x0000000008001840                xQueueReceiveFromISR
 .text.uxQueueMessagesWaiting
                0x0000000008001956       0x3a FreeRTOS_Source/portable/GCC/ARM_CM4F/queue.o
                0x0000000008001956                uxQueueMessagesWaiting
 .text.prvCopyDataToQueue
                0x0000000008001990       0xb8 FreeRTOS_Source/portable/GCC/ARM_CM4F/queue.o
 .text.prvCopyDataFromQueue
                0x0000000008001a48       0x4c FreeRTOS_Source/portable/GCC/ARM_CM4F/queue.o
 .text.prvUnlockQueue
                0x0000000008001a94       0xa4 FreeRTOS_Source/portable/GCC/ARM_CM4F/queue.o
 .text.prvIsQueueEmpty
                0x0000000008001b38       0x2c FreeRTOS_Source/portable/GCC/ARM_CM4F/queue.o
 .text.prvIsQueueFull
                0x0000000008001b64       0x30 FreeRTOS_Source/portable/GCC/ARM_CM4F/queue.o
 .text.vQueueAddToRegistry
                0x0000000008001b94       0x50 FreeRTOS_Source/portable/GCC/ARM_CM4F/queue.o
                0x0000000008001b94                vQueueAddToRegistry
 .text.vQueueWaitForMessageRestricted
                0x0000000008001be4       0x68 FreeRTOS_Source/portable/GCC/ARM_CM4F/queue.o
                0x0000000008001be4                vQueueWaitForMessageRestricted
 .text.xTaskCreate
                0x0000000008001c4c       0x82 FreeRTOS_Source/portable/GCC/ARM_CM4F/tasks.o
                0x0000000008001c4c                xTaskCreate
 .text.prvInitialiseNewTask
                0x0000000008001cce      0x124 FreeRTOS_Source/portable/GCC/ARM_CM4F/tasks.o
 *fill*         0x0000000008001df2        0x2 
 .text.prvAddNewTaskToReadyList
                0x0000000008001df4       0xe0 FreeRTOS_Source/portable/GCC/ARM_CM4F/tasks.o
 .text.vTaskDelay
                0x0000000008001ed4       0x68 FreeRTOS_Source/portable/GCC/ARM_CM4F/tasks.o
                0x0000000008001ed4                vTaskDelay
 .text.vTaskStartScheduler
                0x0000000008001f3c       0x98 FreeRTOS_Source/portable/GCC/ARM_CM4F/tasks.o
                0x0000000008001f3c                vTaskStartScheduler
 .text.vTaskSuspendAll
                0x0000000008001fd4       0x1c FreeRTOS_Source/portable/GCC/ARM_CM4F/tasks.o
                0x0000000008001fd4                vTaskSuspendAll
 .text.xTaskResumeAll
                0x0000000008001ff0      0x138 FreeRTOS_Source/portable/GCC/ARM_CM4F/tasks.o
                0x0000000008001ff0                xTaskResumeAll
 .text.xTaskGetTickCount
                0x0000000008002128       0x20 FreeRTOS_Source/portable/GCC/ARM_CM4F/tasks.o
                0x0000000008002128                xTaskGetTickCount
 .text.xTaskIncrementTick
                0x0000000008002148      0x170 FreeRTOS_Source/portable/GCC/ARM_CM4F/tasks.o
                0x0000000008002148                xTaskIncrementTick
 .text.vTaskSwitchContext
                0x00000000080022b8       0xb8 FreeRTOS_Source/portable/GCC/ARM_CM4F/tasks.o
                0x00000000080022b8                vTaskSwitchContext
 .text.vTaskPlaceOnEventList
                0x0000000008002370       0x48 FreeRTOS_Source/portable/GCC/ARM_CM4F/tasks.o
                0x0000000008002370                vTaskPlaceOnEventList
 .text.vTaskPlaceOnEventListRestricted
                0x00000000080023b8       0x54 FreeRTOS_Source/portable/GCC/ARM_CM4F/tasks.o
                0x00000000080023b8                vTaskPlaceOnEventListRestricted
 .text.xTaskRemoveFromEventList
                0x000000000800240c       0xc4 FreeRTOS_Source/portable/GCC/ARM_CM4F/tasks.o
                0x000000000800240c                xTaskRemoveFromEventList
 .text.vTaskInternalSetTimeOutState
                0x00000000080024d0       0x2c FreeRTOS_Source/portable/GCC/ARM_CM4F/tasks.o
                0x00000000080024d0                vTaskInternalSetTimeOutState
 .text.xTaskCheckForTimeOut
                0x00000000080024fc       0xc8 FreeRTOS_Source/portable/GCC/ARM_CM4F/tasks.o
                0x00000000080024fc                xTaskCheckForTimeOut
 .text.vTaskMissedYield
                0x00000000080025c4       0x18 FreeRTOS_Source/portable/GCC/ARM_CM4F/tasks.o
                0x00000000080025c4                vTaskMissedYield
 .text.prvIdleTask
                0x00000000080025dc       0x30 FreeRTOS_Source/portable/GCC/ARM_CM4F/tasks.o
 .text.prvInitialiseTaskLists
                0x000000000800260c       0x80 FreeRTOS_Source/portable/GCC/ARM_CM4F/tasks.o
 .text.prvCheckTasksWaitingTermination
                0x000000000800268c       0x58 FreeRTOS_Source/portable/GCC/ARM_CM4F/tasks.o
 .text.prvDeleteTCB
                0x00000000080026e4       0x20 FreeRTOS_Source/portable/GCC/ARM_CM4F/tasks.o
 .text.prvResetNextTaskUnblockTime
                0x0000000008002704       0x38 FreeRTOS_Source/portable/GCC/ARM_CM4F/tasks.o
 .text.xTaskGetSchedulerState
                0x000000000800273c       0x3c FreeRTOS_Source/portable/GCC/ARM_CM4F/tasks.o
                0x000000000800273c                xTaskGetSchedulerState
 .text.prvAddCurrentTaskToDelayedList
                0x0000000008002778       0xa8 FreeRTOS_Source/portable/GCC/ARM_CM4F/tasks.o
 .text.xTimerCreateTimerTask
                0x0000000008002820       0x60 FreeRTOS_Source/portable/GCC/ARM_CM4F/timers.o
                0x0000000008002820                xTimerCreateTimerTask
 .text.xTimerGenericCommand
                0x0000000008002880       0x98 FreeRTOS_Source/portable/GCC/ARM_CM4F/timers.o
                0x0000000008002880                xTimerGenericCommand
 .text.prvProcessExpiredTimer
                0x0000000008002918       0x98 FreeRTOS_Source/portable/GCC/ARM_CM4F/timers.o
 .text.prvTimerTask
                0x00000000080029b0       0x24 FreeRTOS_Source/portable/GCC/ARM_CM4F/timers.o
 .text.prvProcessTimerOrBlockTask
                0x00000000080029d4       0x9c FreeRTOS_Source/portable/GCC/ARM_CM4F/timers.o
 .text.prvGetNextExpireTime
                0x0000000008002a70       0x48 FreeRTOS_Source/portable/GCC/ARM_CM4F/timers.o
 .text.prvSampleTimeNow
                0x0000000008002ab8       0x40 FreeRTOS_Source/portable/GCC/ARM_CM4F/timers.o
 .text.prvInsertTimerInActiveList
                0x0000000008002af8       0x84 FreeRTOS_Source/portable/GCC/ARM_CM4F/timers.o
 .text.prvProcessReceivedCommands
                0x0000000008002b7c      0x188 FreeRTOS_Source/portable/GCC/ARM_CM4F/timers.o
 .text.prvSwitchTimerLists
                0x0000000008002d04       0xc8 FreeRTOS_Source/portable/GCC/ARM_CM4F/timers.o
 .text.prvCheckForValidListAndQueue
                0x0000000008002dcc       0x6c FreeRTOS_Source/portable/GCC/ARM_CM4F/timers.o
 .text.pvPortMalloc
                0x0000000008002e38       0x8c FreeRTOS_Source/portable/MemMang/heap_1.o
                0x0000000008002e38                pvPortMalloc
 .text.vPortFree
                0x0000000008002ec4       0x2e FreeRTOS_Source/portable/MemMang/heap_1.o
                0x0000000008002ec4                vPortFree
 *fill*         0x0000000008002ef2        0x2 
 .text.Reset_Handler
                0x0000000008002ef4       0x50 Main/Startup/startup_stm32g473cetx.o
                0x0000000008002ef4                Reset_Handler
 .text.Default_Handler
                0x0000000008002f44        0x2 Main/Startup/startup_stm32g473cetx.o
                0x0000000008002f44                EXTI2_IRQHandler
                0x0000000008002f44                TIM8_TRG_COM_IRQHandler
                0x0000000008002f44                TIM8_CC_IRQHandler
                0x0000000008002f44                DMA2_CH8_IRQHandler
                0x0000000008002f44                DebugMon_Handler
                0x0000000008002f44                DMA1_CH4_IRQHandler
                0x0000000008002f44                SPI4_IRQHandler
                0x0000000008002f44                FDCAN3_intr1_IRQHandler
                0x0000000008002f44                TIM1_CC_IRQHandler
                0x0000000008002f44                Cordic_IRQHandler
                0x0000000008002f44                HardFault_Handler
                0x0000000008002f44                USB_HP_IRQHandler
                0x0000000008002f44                EXTI3_IRQHandler
                0x0000000008002f44                I2C3_ER_IRQHandler
                0x0000000008002f44                DMA1_CH8_IRQHandler
                0x0000000008002f44                TIM6_DACUNDER_IRQHandler
                0x0000000008002f44                EXTI0_IRQHandler
                0x0000000008002f44                I2C2_EV_IRQHandler
                0x0000000008002f44                DMA2_CH1_IRQHandler
                0x0000000008002f44                FPU_IRQHandler
                0x0000000008002f44                TIM1_UP_TIM16_IRQHandler
                0x0000000008002f44                DMA2_CH7_IRQHandler
                0x0000000008002f44                UsageFault_Handler
                0x0000000008002f44                SPI1_IRQHandler
                0x0000000008002f44                TIM8_UP_IRQHandler
                0x0000000008002f44                USBWakeUP_IRQHandler
                0x0000000008002f44                RTC_ALARM_IRQHandler
                0x0000000008002f44                DMA1_CH6_IRQHandler
                0x0000000008002f44                TIM20_TRG_COM_IRQHandler
                0x0000000008002f44                USART3_IRQHandler
                0x0000000008002f44                LPUART_IRQHandler
                0x0000000008002f44                UART5_IRQHandler
                0x0000000008002f44                ADC3_IRQHandler
                0x0000000008002f44                TIM4_IRQHandler
                0x0000000008002f44                QUADSPI_IRQHandler
                0x0000000008002f44                I2C1_EV_IRQHandler
                0x0000000008002f44                DMA2_CH5_IRQHandler
                0x0000000008002f44                UART4_IRQHandler
                0x0000000008002f44                DMA1_CH3_IRQHandler
                0x0000000008002f44                TIM3_IRQHandler
                0x0000000008002f44                RCC_IRQHandler
                0x0000000008002f44                TIM20_UP_IRQHandler
                0x0000000008002f44                TIM1_TRG_COM_IRQHandler
                0x0000000008002f44                Default_Handler
                0x0000000008002f44                EXTI15_10_IRQHandler
                0x0000000008002f44                TIM7_IRQHandler
                0x0000000008002f44                TIM5_IRQHandler
                0x0000000008002f44                UCPD1_IRQHandler
                0x0000000008002f44                I2C3_EV_IRQHandler
                0x0000000008002f44                EXTI9_5_IRQHandler
                0x0000000008002f44                DMA1_CH2_IRQHandler
                0x0000000008002f44                RTC_WKUP_IRQHandler
                0x0000000008002f44                SAI_IRQHandler
                0x0000000008002f44                PVD_PVM_IRQHandler
                0x0000000008002f44                fdcan1_intr1_it_IRQHandler
                0x0000000008002f44                SPI2_IRQHandler
                0x0000000008002f44                DMA1_CH1_IRQHandler
                0x0000000008002f44                MemManage_Handler
                0x0000000008002f44                ADC5_IRQHandler
                0x0000000008002f44                CRS_IRQHandler
                0x0000000008002f44                USB_LP_IRQHandler
                0x0000000008002f44                EXTI4_IRQHandler
                0x0000000008002f44                RNG_IRQHandler
                0x0000000008002f44                ADC4_IRQHandler
                0x0000000008002f44                FDCAN2_intr0_IRQHandler
                0x0000000008002f44                WWDG_IRQHandler
                0x0000000008002f44                I2C4_EV_IRQHandler
                0x0000000008002f44                TIM2_IRQHandler
                0x0000000008002f44                COMP7_IRQHandler
                0x0000000008002f44                COMP1_2_3_IRQHandler
                0x0000000008002f44                EXTI1_IRQHandler
                0x0000000008002f44                AES_IRQHandler
                0x0000000008002f44                fdcan1_intr0_it_IRQHandler
                0x0000000008002f44                USART2_IRQHandler
                0x0000000008002f44                COMP4_5_6_IRQHandler
                0x0000000008002f44                TIM20_BRK_IRQHandler
                0x0000000008002f44                I2C2_ER_IRQHandler
                0x0000000008002f44                FDCAN2_intr1_IRQHandler
                0x0000000008002f44                FDCAN3_intr0_IRQHandler
                0x0000000008002f44                TIM8_BRK_IRQHandler
                0x0000000008002f44                FLASH_IRQHandler
                0x0000000008002f44                TIM20_CC_IRQHandler
                0x0000000008002f44                BusFault_Handler
                0x0000000008002f44                SPI3_IRQHandler
                0x0000000008002f44                DMA2_CH6_IRQHandler
                0x0000000008002f44                DMA2_CH3_IRQHandler
                0x0000000008002f44                DMA2_CH2_IRQHandler
                0x0000000008002f44                I2C1_ER_IRQHandler
                0x0000000008002f44                FMC_IRQHandler
                0x0000000008002f44                DMA1_CH5_IRQHandler
                0x0000000008002f44                DMA2_CH4_IRQHandler
                0x0000000008002f44                LPTIM1_IRQHandler
                0x0000000008002f44                DMAMUX_OVR_IRQHandler
                0x0000000008002f44                I2C4_ER_IRQHandler
                0x0000000008002f44                RTC_TAMP_CSS_LSE_IRQHandler
                0x0000000008002f44                TIM1_BRK_TIM15_IRQHandler
 *fill*         0x0000000008002f46        0x2 
 .text.main     0x0000000008002f48       0xe4 Main/scr/main.o
                0x0000000008002f48                main
 .text.vTaskLED
                0x000000000800302c       0x12 Main/scr/main.o
                0x000000000800302c                vTaskLED
 *fill*         0x000000000800303e        0x2 
 .text.vTaskSendUSART
                0x0000000008003040       0xe8 Main/scr/main.o
                0x0000000008003040                vTaskSendUSART
 .text.ADC1_2_IRQHandler
                0x0000000008003128       0x58 Main/scr/main.o
                0x0000000008003128                ADC1_2_IRQHandler
 .text.FMAC_IRQHandler
                0x0000000008003180       0x4c Main/scr/main.o
                0x0000000008003180                FMAC_IRQHandler
 .text.InitRCC  0x00000000080031cc      0x1cc Main/scr/sysinit.o
                0x00000000080031cc                InitRCC
 .text.NMI_Handler
                0x0000000008003398       0x2c Main/scr/sysinit.o
                0x0000000008003398                NMI_Handler
 .text.InitLedGPIO
                0x00000000080033c4       0xac Peripheral/src/LED.o
                0x00000000080033c4                InitLedGPIO
 .text.SetLED   0x0000000008003470      0x114 Peripheral/src/LED.o
                0x0000000008003470                SetLED
 .text.ToggleLED
                0x0000000008003584       0x78 Peripheral/src/LED.o
                0x0000000008003584                ToggleLED
 .text.BlinkLED
                0x00000000080035fc       0x28 Peripheral/src/LED.o
                0x00000000080035fc                BlinkLED
 .text.__NVIC_EnableIRQ
                0x0000000008003624       0x3c Peripheral/src/UART.o
 .text.InitUSART1
                0x0000000008003660       0xf0 Peripheral/src/UART.o
                0x0000000008003660                InitUSART1
 .text.InitDMAusart1
                0x0000000008003750      0x100 Peripheral/src/UART.o
                0x0000000008003750                InitDMAusart1
 .text.WriteStrDMAusart1
                0x0000000008003850       0x5c Peripheral/src/UART.o
                0x0000000008003850                WriteStrDMAusart1
 .text.USART1_IRQHandler
                0x00000000080038ac       0x2c Peripheral/src/UART.o
                0x00000000080038ac                USART1_IRQHandler
 .text.DMA1_CH7_IRQHandler
                0x00000000080038d8       0x20 Peripheral/src/UART.o
                0x00000000080038d8                DMA1_CH7_IRQHandler
 .text.__NVIC_EnableIRQ
                0x00000000080038f8       0x3c Peripheral/src/fmac.o
 .text.__NVIC_SetPriority
                0x0000000008003934       0x54 Peripheral/src/fmac.o
 .text.InitFmac
                0x0000000008003988       0x38 Peripheral/src/fmac.o
                0x0000000008003988                InitFmac
 .text.ConfigFmacX1buff
                0x00000000080039c0       0x74 Peripheral/src/fmac.o
                0x00000000080039c0                ConfigFmacX1buff
 .text.ConfigFmacX2Buff
                0x0000000008003a34       0x54 Peripheral/src/fmac.o
                0x0000000008003a34                ConfigFmacX2Buff
 .text.ConfigFmacYBuff
                0x0000000008003a88       0x74 Peripheral/src/fmac.o
                0x0000000008003a88                ConfigFmacYBuff
 .text.ConfigFmacRQP
                0x0000000008003afc       0x50 Peripheral/src/fmac.o
                0x0000000008003afc                ConfigFmacRQP
 .text.ExecuteFmacFunction
                0x0000000008003b4c       0x20 Peripheral/src/fmac.o
                0x0000000008003b4c                ExecuteFmacFunction
 .text.WriteFmacData
                0x0000000008003b6c       0x28 Peripheral/src/fmac.o
                0x0000000008003b6c                WriteFmacData
 .text.SelectFmacPreloadFmacX2
                0x0000000008003b94       0x4c Peripheral/src/fmac.o
                0x0000000008003b94                SelectFmacPreloadFmacX2
 .text.SelectFmacIir
                0x0000000008003be0       0x78 Peripheral/src/fmac.o
                0x0000000008003be0                SelectFmacIir
 .text.WriteFmacIirCoefficients
                0x0000000008003c58       0x84 Peripheral/src/fmac.o
                0x0000000008003c58                WriteFmacIirCoefficients
 .text.UtoaBuiltinDiv
                0x0000000008003cdc       0x68 SW_Fucntions/src/conversions.o
                0x0000000008003cdc                UtoaBuiltinDiv
 .text.__libc_init_array
                0x0000000008003d44       0x48 c:/st/stm32cubeide_1.3.0/stm32cubeide/plugins/com.st.stm32cube.ide.mcu.externaltools.gnu-tools-for-stm32.7-2018-q2-update.win32_1.5.0.202011040924/tools/bin/../lib/gcc/arm-none-eabi/7.3.1/../../../../arm-none-eabi/lib/thumb/v7e-m/fpv4-sp/hard\libc_nano.a(lib_a-init.o)
                0x0000000008003d44                __libc_init_array
 .text.memcpy   0x0000000008003d8c       0x16 c:/st/stm32cubeide_1.3.0/stm32cubeide/plugins/com.st.stm32cube.ide.mcu.externaltools.gnu-tools-for-stm32.7-2018-q2-update.win32_1.5.0.202011040924/tools/bin/../lib/gcc/arm-none-eabi/7.3.1/../../../../arm-none-eabi/lib/thumb/v7e-m/fpv4-sp/hard\libc_nano.a(lib_a-memcpy-stub.o)
                0x0000000008003d8c                memcpy
 .text.memset   0x0000000008003da2       0x10 c:/st/stm32cubeide_1.3.0/stm32cubeide/plugins/com.st.stm32cube.ide.mcu.externaltools.gnu-tools-for-stm32.7-2018-q2-update.win32_1.5.0.202011040924/tools/bin/../lib/gcc/arm-none-eabi/7.3.1/../../../../arm-none-eabi/lib/thumb/v7e-m/fpv4-sp/hard\libc_nano.a(lib_a-memset.o)
                0x0000000008003da2                memset
 *(.glue_7)
 .glue_7        0x0000000008003db2        0x0 linker stubs
 *(.glue_7t)
 .glue_7t       0x0000000008003db2        0x0 linker stubs
 *(.eh_frame)
 *fill*         0x0000000008003db2        0x2 
 .eh_frame      0x0000000008003db4        0x0 c:/st/stm32cubeide_1.3.0/stm32cubeide/plugins/com.st.stm32cube.ide.mcu.externaltools.gnu-tools-for-stm32.7-2018-q2-update.win32_1.5.0.202011040924/tools/bin/../lib/gcc/arm-none-eabi/7.3.1/thumb/v7e-m/fpv4-sp/hard/crtbegin.o
 *(.init)
 .init          0x0000000008003db4        0x4 c:/st/stm32cubeide_1.3.0/stm32cubeide/plugins/com.st.stm32cube.ide.mcu.externaltools.gnu-tools-for-stm32.7-2018-q2-update.win32_1.5.0.202011040924/tools/bin/../lib/gcc/arm-none-eabi/7.3.1/thumb/v7e-m/fpv4-sp/hard/crti.o
                0x0000000008003db4                _init
 .init          0x0000000008003db8        0x8 c:/st/stm32cubeide_1.3.0/stm32cubeide/plugins/com.st.stm32cube.ide.mcu.externaltools.gnu-tools-for-stm32.7-2018-q2-update.win32_1.5.0.202011040924/tools/bin/../lib/gcc/arm-none-eabi/7.3.1/thumb/v7e-m/fpv4-sp/hard/crtn.o
 *(.fini)
 .fini          0x0000000008003dc0        0x4 c:/st/stm32cubeide_1.3.0/stm32cubeide/plugins/com.st.stm32cube.ide.mcu.externaltools.gnu-tools-for-stm32.7-2018-q2-update.win32_1.5.0.202011040924/tools/bin/../lib/gcc/arm-none-eabi/7.3.1/thumb/v7e-m/fpv4-sp/hard/crti.o
                0x0000000008003dc0                _fini
 .fini          0x0000000008003dc4        0x8 c:/st/stm32cubeide_1.3.0/stm32cubeide/plugins/com.st.stm32cube.ide.mcu.externaltools.gnu-tools-for-stm32.7-2018-q2-update.win32_1.5.0.202011040924/tools/bin/../lib/gcc/arm-none-eabi/7.3.1/thumb/v7e-m/fpv4-sp/hard/crtn.o
                0x0000000008003dcc                . = ALIGN (0x4)
                0x0000000008003dcc                _etext = .

.vfp11_veneer   0x0000000008003dcc        0x0
 .vfp11_veneer  0x0000000008003dcc        0x0 linker stubs

.v4_bx          0x0000000008003dcc        0x0
 .v4_bx         0x0000000008003dcc        0x0 linker stubs

.iplt           0x0000000008003dcc        0x0
 .iplt          0x0000000008003dcc        0x0 c:/st/stm32cubeide_1.3.0/stm32cubeide/plugins/com.st.stm32cube.ide.mcu.externaltools.gnu-tools-for-stm32.7-2018-q2-update.win32_1.5.0.202011040924/tools/bin/../lib/gcc/arm-none-eabi/7.3.1/thumb/v7e-m/fpv4-sp/hard/crtbegin.o

.rodata         0x0000000008003dcc       0xb4
                0x0000000008003dcc                . = ALIGN (0x4)
 *(.rodata)
 .rodata        0x0000000008003dcc       0x17 FreeRTOS_Source/portable/GCC/ARM_CM4F/tasks.o
 *fill*         0x0000000008003de3        0x1 
 .rodata        0x0000000008003de4        0xd FreeRTOS_Source/portable/GCC/ARM_CM4F/timers.o
 *fill*         0x0000000008003df1        0x3 
 .rodata        0x0000000008003df4       0x7d Main/scr/main.o
 *fill*         0x0000000008003e71        0x3 
 .rodata        0x0000000008003e74        0xa Peripheral/src/UART.o
 *(.rodata*)
                0x0000000008003e80                . = ALIGN (0x4)
 *fill*         0x0000000008003e7e        0x2 

.rel.dyn        0x0000000008003e80        0x0
 .rel.iplt      0x0000000008003e80        0x0 c:/st/stm32cubeide_1.3.0/stm32cubeide/plugins/com.st.stm32cube.ide.mcu.externaltools.gnu-tools-for-stm32.7-2018-q2-update.win32_1.5.0.202011040924/tools/bin/../lib/gcc/arm-none-eabi/7.3.1/thumb/v7e-m/fpv4-sp/hard/crtbegin.o

.ARM.extab      0x0000000008003e80        0x0
                0x0000000008003e80                . = ALIGN (0x4)
 *(.ARM.extab* .gnu.linkonce.armextab.*)
                0x0000000008003e80                . = ALIGN (0x4)

.ARM            0x0000000008003e80        0x0
                0x0000000008003e80                . = ALIGN (0x4)
                0x0000000008003e80                __exidx_start = .
 *(.ARM.exidx*)
                0x0000000008003e80                __exidx_end = .
                0x0000000008003e80                . = ALIGN (0x4)

.preinit_array  0x0000000008003e80        0x0
                0x0000000008003e80                . = ALIGN (0x4)
                0x0000000008003e80                PROVIDE (__preinit_array_start = .)
 *(.preinit_array*)
                0x0000000008003e80                PROVIDE (__preinit_array_end = .)
                0x0000000008003e80                . = ALIGN (0x4)

.init_array     0x0000000008003e80        0x4
                0x0000000008003e80                . = ALIGN (0x4)
                0x0000000008003e80                PROVIDE (__init_array_start = .)
 *(SORT_BY_NAME(.init_array.*))
 *(.init_array*)
 .init_array    0x0000000008003e80        0x4 c:/st/stm32cubeide_1.3.0/stm32cubeide/plugins/com.st.stm32cube.ide.mcu.externaltools.gnu-tools-for-stm32.7-2018-q2-update.win32_1.5.0.202011040924/tools/bin/../lib/gcc/arm-none-eabi/7.3.1/thumb/v7e-m/fpv4-sp/hard/crtbegin.o
                0x0000000008003e84                PROVIDE (__init_array_end = .)
                0x0000000008003e84                . = ALIGN (0x4)

.fini_array     0x0000000008003e84        0x4
                0x0000000008003e84                . = ALIGN (0x4)
                [!provide]                        PROVIDE (__fini_array_start = .)
 *(SORT_BY_NAME(.fini_array.*))
 *(.fini_array*)
 .fini_array    0x0000000008003e84        0x4 c:/st/stm32cubeide_1.3.0/stm32cubeide/plugins/com.st.stm32cube.ide.mcu.externaltools.gnu-tools-for-stm32.7-2018-q2-update.win32_1.5.0.202011040924/tools/bin/../lib/gcc/arm-none-eabi/7.3.1/thumb/v7e-m/fpv4-sp/hard/crtbegin.o
                [!provide]                        PROVIDE (__fini_array_end = .)
                0x0000000008003e88                . = ALIGN (0x4)
                0x0000000008003e88                _sidata = LOADADDR (.data)

.data           0x0000000020000000       0x14 load address 0x0000000008003e88
                0x0000000020000000                . = ALIGN (0x4)
                0x0000000020000000                _sdata = .
 *(.data)
 *(.data*)
 .data.uxCriticalNesting
                0x0000000020000000        0x4 FreeRTOS_Source/portable/GCC/ARM_CM4F/port.o
 .data.coeff_a  0x0000000020000004        0x6 Main/scr/main.o
                0x0000000020000004                coeff_a
 *fill*         0x000000002000000a        0x2 
 .data.coeff_b  0x000000002000000c        0x6 Main/scr/main.o
                0x000000002000000c                coeff_b
 .data.coeff_gain
                0x0000000020000012        0x1 Main/scr/main.o
                0x0000000020000012                coeff_gain
                0x0000000020000014                . = ALIGN (0x4)
 *fill*         0x0000000020000013        0x1 
                0x0000000020000014                _edata = .

.igot.plt       0x0000000020000014        0x0 load address 0x0000000008003e9c
 .igot.plt      0x0000000020000014        0x0 c:/st/stm32cubeide_1.3.0/stm32cubeide/plugins/com.st.stm32cube.ide.mcu.externaltools.gnu-tools-for-stm32.7-2018-q2-update.win32_1.5.0.202011040924/tools/bin/../lib/gcc/arm-none-eabi/7.3.1/thumb/v7e-m/fpv4-sp/hard/crtbegin.o
                0x0000000020000014                . = ALIGN (0x4)

.bss            0x0000000020000014     0xc9dc load address 0x0000000008003e9c
                0x0000000020000014                _sbss = .
                0x0000000020000014                __bss_start__ = _sbss
 *(.bss)
 .bss           0x0000000020000014       0x1c c:/st/stm32cubeide_1.3.0/stm32cubeide/plugins/com.st.stm32cube.ide.mcu.externaltools.gnu-tools-for-stm32.7-2018-q2-update.win32_1.5.0.202011040924/tools/bin/../lib/gcc/arm-none-eabi/7.3.1/thumb/v7e-m/fpv4-sp/hard/crtbegin.o
 *(.bss*)
 .bss.ucMaxSysCallPriority
                0x0000000020000030        0x1 FreeRTOS_Source/portable/GCC/ARM_CM4F/port.o
 *fill*         0x0000000020000031        0x3 
 .bss.ulMaxPRIGROUPValue
                0x0000000020000034        0x4 FreeRTOS_Source/portable/GCC/ARM_CM4F/port.o
 .bss.pxCurrentTCB
                0x0000000020000038        0x4 FreeRTOS_Source/portable/GCC/ARM_CM4F/tasks.o
                0x0000000020000038                pxCurrentTCB
 .bss.pxReadyTasksLists
                0x000000002000003c       0x64 FreeRTOS_Source/portable/GCC/ARM_CM4F/tasks.o
 .bss.xDelayedTaskList1
                0x00000000200000a0       0x14 FreeRTOS_Source/portable/GCC/ARM_CM4F/tasks.o
 .bss.xDelayedTaskList2
                0x00000000200000b4       0x14 FreeRTOS_Source/portable/GCC/ARM_CM4F/tasks.o
 .bss.pxDelayedTaskList
                0x00000000200000c8        0x4 FreeRTOS_Source/portable/GCC/ARM_CM4F/tasks.o
 .bss.pxOverflowDelayedTaskList
                0x00000000200000cc        0x4 FreeRTOS_Source/portable/GCC/ARM_CM4F/tasks.o
 .bss.xPendingReadyList
                0x00000000200000d0       0x14 FreeRTOS_Source/portable/GCC/ARM_CM4F/tasks.o
 .bss.xTasksWaitingTermination
                0x00000000200000e4       0x14 FreeRTOS_Source/portable/GCC/ARM_CM4F/tasks.o
 .bss.uxDeletedTasksWaitingCleanUp
                0x00000000200000f8        0x4 FreeRTOS_Source/portable/GCC/ARM_CM4F/tasks.o
 .bss.xSuspendedTaskList
                0x00000000200000fc       0x14 FreeRTOS_Source/portable/GCC/ARM_CM4F/tasks.o
 .bss.uxCurrentNumberOfTasks
                0x0000000020000110        0x4 FreeRTOS_Source/portable/GCC/ARM_CM4F/tasks.o
 .bss.xTickCount
                0x0000000020000114        0x4 FreeRTOS_Source/portable/GCC/ARM_CM4F/tasks.o
 .bss.uxTopReadyPriority
                0x0000000020000118        0x4 FreeRTOS_Source/portable/GCC/ARM_CM4F/tasks.o
 .bss.xSchedulerRunning
                0x000000002000011c        0x4 FreeRTOS_Source/portable/GCC/ARM_CM4F/tasks.o
 .bss.xPendedTicks
                0x0000000020000120        0x4 FreeRTOS_Source/portable/GCC/ARM_CM4F/tasks.o
 .bss.xYieldPending
                0x0000000020000124        0x4 FreeRTOS_Source/portable/GCC/ARM_CM4F/tasks.o
 .bss.xNumOfOverflows
                0x0000000020000128        0x4 FreeRTOS_Source/portable/GCC/ARM_CM4F/tasks.o
 .bss.uxTaskNumber
                0x000000002000012c        0x4 FreeRTOS_Source/portable/GCC/ARM_CM4F/tasks.o
 .bss.xNextTaskUnblockTime
                0x0000000020000130        0x4 FreeRTOS_Source/portable/GCC/ARM_CM4F/tasks.o
 .bss.xIdleTaskHandle
                0x0000000020000134        0x4 FreeRTOS_Source/portable/GCC/ARM_CM4F/tasks.o
 .bss.uxSchedulerSuspended
                0x0000000020000138        0x4 FreeRTOS_Source/portable/GCC/ARM_CM4F/tasks.o
 .bss.xActiveTimerList1
                0x000000002000013c       0x14 FreeRTOS_Source/portable/GCC/ARM_CM4F/timers.o
 .bss.xActiveTimerList2
                0x0000000020000150       0x14 FreeRTOS_Source/portable/GCC/ARM_CM4F/timers.o
 .bss.pxCurrentTimerList
                0x0000000020000164        0x4 FreeRTOS_Source/portable/GCC/ARM_CM4F/timers.o
 .bss.pxOverflowTimerList
                0x0000000020000168        0x4 FreeRTOS_Source/portable/GCC/ARM_CM4F/timers.o
 .bss.xTimerQueue
                0x000000002000016c        0x4 FreeRTOS_Source/portable/GCC/ARM_CM4F/timers.o
 .bss.xTimerTaskHandle
                0x0000000020000170        0x4 FreeRTOS_Source/portable/GCC/ARM_CM4F/timers.o
 .bss.xLastTime.6727
                0x0000000020000174        0x4 FreeRTOS_Source/portable/GCC/ARM_CM4F/timers.o
 .bss.ucHeap    0x0000000020000178     0xc800 FreeRTOS_Source/portable/MemMang/heap_1.o
 .bss.xNextFreeByte
                0x000000002000c978        0x4 FreeRTOS_Source/portable/MemMang/heap_1.o
 .bss.pucAlignedHeap.6404
                0x000000002000c97c        0x4 FreeRTOS_Source/portable/MemMang/heap_1.o
 .bss.adcResultStr.7642
                0x000000002000c980        0x4 Main/scr/main.o
 .bss.fmacResultStr.7643
                0x000000002000c984        0x4 Main/scr/main.o
 .bss.temp.7655
                0x000000002000c988        0x2 Main/scr/main.o
 *(COMMON)
 *fill*         0x000000002000c98a        0x2 
 COMMON         0x000000002000c98c       0x50 FreeRTOS_Source/portable/GCC/ARM_CM4F/queue.o
                0x000000002000c98c                xQueueRegistry
 COMMON         0x000000002000c9dc       0x14 Main/scr/main.o
                0x000000002000c9dc                TaskConvADCHandle
                0x000000002000c9e0                SendDataFMAC
                0x000000002000c9e4                SendDataADC
                0x000000002000c9e8                TaskSendUSARTHandle
                0x000000002000c9ec                TaskLEDHandle
                0x000000002000c9f0                . = ALIGN (0x4)
                0x000000002000c9f0                _ebss = .
                0x000000002000c9f0                __bss_end__ = _ebss

._user_heap_stack
                0x000000002000c9f0      0x600 load address 0x0000000008003e9c
                0x000000002000c9f0                . = ALIGN (0x8)
                [!provide]                        PROVIDE (end = .)
                0x000000002000c9f0                PROVIDE (_end = .)
                0x000000002000cbf0                . = (. + _Min_Heap_Size)
 *fill*         0x000000002000c9f0      0x200 
                0x000000002000cff0                . = (. + _Min_Stack_Size)
 *fill*         0x000000002000cbf0      0x400 
                0x000000002000cff0                . = ALIGN (0x8)

/DISCARD/
 libc.a(*)
 libm.a(*)
 libgcc.a(*)

.ARM.attributes
                0x0000000000000000       0x30
 *(.ARM.attributes)
 .ARM.attributes
                0x0000000000000000       0x22 c:/st/stm32cubeide_1.3.0/stm32cubeide/plugins/com.st.stm32cube.ide.mcu.externaltools.gnu-tools-for-stm32.7-2018-q2-update.win32_1.5.0.202011040924/tools/bin/../lib/gcc/arm-none-eabi/7.3.1/thumb/v7e-m/fpv4-sp/hard/crti.o
 .ARM.attributes
                0x0000000000000022       0x34 c:/st/stm32cubeide_1.3.0/stm32cubeide/plugins/com.st.stm32cube.ide.mcu.externaltools.gnu-tools-for-stm32.7-2018-q2-update.win32_1.5.0.202011040924/tools/bin/../lib/gcc/arm-none-eabi/7.3.1/thumb/v7e-m/fpv4-sp/hard/crtbegin.o
 .ARM.attributes
                0x0000000000000056       0x39 Analog/src/adc.o
 .ARM.attributes
                0x000000000000008f       0x39 Analog/src/opamp.o
 .ARM.attributes
                0x00000000000000c8       0x39 Analog/src/vrefbuf.o
 .ARM.attributes
                0x0000000000000101       0x39 CMSIS/src/system_stm32g4xx.o
 .ARM.attributes
                0x000000000000013a       0x39 FreeRTOS_Source/portable/GCC/ARM_CM4F/list.o
 .ARM.attributes
                0x0000000000000173       0x39 FreeRTOS_Source/portable/GCC/ARM_CM4F/port.o
 .ARM.attributes
                0x00000000000001ac       0x39 FreeRTOS_Source/portable/GCC/ARM_CM4F/queue.o
 .ARM.attributes
                0x00000000000001e5       0x39 FreeRTOS_Source/portable/GCC/ARM_CM4F/tasks.o
 .ARM.attributes
                0x000000000000021e       0x39 FreeRTOS_Source/portable/GCC/ARM_CM4F/timers.o
 .ARM.attributes
                0x0000000000000257       0x39 FreeRTOS_Source/portable/MemMang/heap_1.o
 .ARM.attributes
                0x0000000000000290       0x21 Main/Startup/startup_stm32g473cetx.o
 .ARM.attributes
                0x00000000000002b1       0x39 Main/scr/main.o
 .ARM.attributes
                0x00000000000002ea       0x39 Main/scr/sysinit.o
 .ARM.attributes
                0x0000000000000323       0x39 Peripheral/src/LED.o
 .ARM.attributes
                0x000000000000035c       0x39 Peripheral/src/UART.o
 .ARM.attributes
                0x0000000000000395       0x39 Peripheral/src/fmac.o
 .ARM.attributes
                0x00000000000003ce       0x39 SW_Fucntions/src/conversions.o
 .ARM.attributes
                0x0000000000000407       0x34 c:/st/stm32cubeide_1.3.0/stm32cubeide/plugins/com.st.stm32cube.ide.mcu.externaltools.gnu-tools-for-stm32.7-2018-q2-update.win32_1.5.0.202011040924/tools/bin/../lib/gcc/arm-none-eabi/7.3.1/../../../../arm-none-eabi/lib/thumb/v7e-m/fpv4-sp/hard\libc_nano.a(lib_a-init.o)
 .ARM.attributes
                0x000000000000043b       0x34 c:/st/stm32cubeide_1.3.0/stm32cubeide/plugins/com.st.stm32cube.ide.mcu.externaltools.gnu-tools-for-stm32.7-2018-q2-update.win32_1.5.0.202011040924/tools/bin/../lib/gcc/arm-none-eabi/7.3.1/../../../../arm-none-eabi/lib/thumb/v7e-m/fpv4-sp/hard\libc_nano.a(lib_a-memcpy-stub.o)
 .ARM.attributes
                0x000000000000046f       0x34 c:/st/stm32cubeide_1.3.0/stm32cubeide/plugins/com.st.stm32cube.ide.mcu.externaltools.gnu-tools-for-stm32.7-2018-q2-update.win32_1.5.0.202011040924/tools/bin/../lib/gcc/arm-none-eabi/7.3.1/../../../../arm-none-eabi/lib/thumb/v7e-m/fpv4-sp/hard\libc_nano.a(lib_a-memset.o)
 .ARM.attributes
                0x00000000000004a3       0x1b c:/st/stm32cubeide_1.3.0/stm32cubeide/plugins/com.st.stm32cube.ide.mcu.externaltools.gnu-tools-for-stm32.7-2018-q2-update.win32_1.5.0.202011040924/tools/bin/../lib/gcc/arm-none-eabi/7.3.1/../../../../arm-none-eabi/lib/thumb/v7e-m/fpv4-sp/hard\libc_nano.a(lib_a-strlen.o)
 .ARM.attributes
                0x00000000000004be       0x22 c:/st/stm32cubeide_1.3.0/stm32cubeide/plugins/com.st.stm32cube.ide.mcu.externaltools.gnu-tools-for-stm32.7-2018-q2-update.win32_1.5.0.202011040924/tools/bin/../lib/gcc/arm-none-eabi/7.3.1/thumb/v7e-m/fpv4-sp/hard/crtn.o
OUTPUT(ESC_firmware.elf elf32-littlearm)

.debug_info     0x0000000000000000     0xb9c4
 .debug_info    0x0000000000000000      0xdae Analog/src/adc.o
 .debug_info    0x0000000000000dae      0x4c6 Analog/src/opamp.o
 .debug_info    0x0000000000001274      0x376 Analog/src/vrefbuf.o
 .debug_info    0x00000000000015ea      0x56d CMSIS/src/system_stm32g4xx.o
 .debug_info    0x0000000000001b57      0xac0 FreeRTOS_Source/portable/GCC/ARM_CM4F/list.o
 .debug_info    0x0000000000002617      0x528 FreeRTOS_Source/portable/GCC/ARM_CM4F/port.o
 .debug_info    0x0000000000002b3f     0x1d3f FreeRTOS_Source/portable/GCC/ARM_CM4F/queue.o
 .debug_info    0x000000000000487e     0x27ad FreeRTOS_Source/portable/GCC/ARM_CM4F/tasks.o
 .debug_info    0x000000000000702b     0x14be FreeRTOS_Source/portable/GCC/ARM_CM4F/timers.o
 .debug_info    0x00000000000084e9      0x9ca FreeRTOS_Source/portable/MemMang/heap_1.o
 .debug_info    0x0000000000008eb3       0x22 Main/Startup/startup_stm32g473cetx.o
 .debug_info    0x0000000000008ed5      0x60e Main/scr/main.o
 .debug_info    0x00000000000094e3      0x6ac Main/scr/sysinit.o
 .debug_info    0x0000000000009b8f      0x4e4 Peripheral/src/LED.o
 .debug_info    0x000000000000a073      0xa72 Peripheral/src/UART.o
 .debug_info    0x000000000000aae5      0xd73 Peripheral/src/fmac.o
 .debug_info    0x000000000000b858      0x16c SW_Fucntions/src/conversions.o

.debug_abbrev   0x0000000000000000     0x1c4a
 .debug_abbrev  0x0000000000000000      0x19c Analog/src/adc.o
 .debug_abbrev  0x000000000000019c       0xf5 Analog/src/opamp.o
 .debug_abbrev  0x0000000000000291       0xcc Analog/src/vrefbuf.o
 .debug_abbrev  0x000000000000035d      0x111 CMSIS/src/system_stm32g4xx.o
 .debug_abbrev  0x000000000000046e      0x1cf FreeRTOS_Source/portable/GCC/ARM_CM4F/list.o
 .debug_abbrev  0x000000000000063d      0x1ff FreeRTOS_Source/portable/GCC/ARM_CM4F/port.o
 .debug_abbrev  0x000000000000083c      0x2d7 FreeRTOS_Source/portable/GCC/ARM_CM4F/queue.o
 .debug_abbrev  0x0000000000000b13      0x34e FreeRTOS_Source/portable/GCC/ARM_CM4F/tasks.o
 .debug_abbrev  0x0000000000000e61      0x2c8 FreeRTOS_Source/portable/GCC/ARM_CM4F/timers.o
 .debug_abbrev  0x0000000000001129      0x237 FreeRTOS_Source/portable/MemMang/heap_1.o
 .debug_abbrev  0x0000000000001360       0x12 Main/Startup/startup_stm32g473cetx.o
 .debug_abbrev  0x0000000000001372      0x1aa Main/scr/main.o
 .debug_abbrev  0x000000000000151c      0x138 Main/scr/sysinit.o
 .debug_abbrev  0x0000000000001654      0x157 Peripheral/src/LED.o
 .debug_abbrev  0x00000000000017ab      0x1f3 Peripheral/src/UART.o
 .debug_abbrev  0x000000000000199e      0x1fc Peripheral/src/fmac.o
 .debug_abbrev  0x0000000000001b9a       0xb0 SW_Fucntions/src/conversions.o

.debug_aranges  0x0000000000000000      0x780
 .debug_aranges
                0x0000000000000000       0x30 Analog/src/adc.o
 .debug_aranges
                0x0000000000000030       0x30 Analog/src/opamp.o
 .debug_aranges
                0x0000000000000060       0x20 Analog/src/vrefbuf.o
 .debug_aranges
                0x0000000000000080       0x28 CMSIS/src/system_stm32g4xx.o
 .debug_aranges
                0x00000000000000a8       0x40 FreeRTOS_Source/portable/GCC/ARM_CM4F/list.o
 .debug_aranges
                0x00000000000000e8       0x80 FreeRTOS_Source/portable/GCC/ARM_CM4F/port.o
 .debug_aranges
                0x0000000000000168      0x100 FreeRTOS_Source/portable/GCC/ARM_CM4F/queue.o
 .debug_aranges
                0x0000000000000268      0x1e0 FreeRTOS_Source/portable/GCC/ARM_CM4F/tasks.o
 .debug_aranges
                0x0000000000000448       0xd8 FreeRTOS_Source/portable/GCC/ARM_CM4F/timers.o
 .debug_aranges
                0x0000000000000520       0x38 FreeRTOS_Source/portable/MemMang/heap_1.o
 .debug_aranges
                0x0000000000000558       0x28 Main/Startup/startup_stm32g473cetx.o
 .debug_aranges
                0x0000000000000580       0x40 Main/scr/main.o
 .debug_aranges
                0x00000000000005c0       0x50 Main/scr/sysinit.o
 .debug_aranges
                0x0000000000000610       0x38 Peripheral/src/LED.o
 .debug_aranges
                0x0000000000000648       0x68 Peripheral/src/UART.o
 .debug_aranges
                0x00000000000006b0       0xb0 Peripheral/src/fmac.o
 .debug_aranges
                0x0000000000000760       0x20 SW_Fucntions/src/conversions.o

.debug_ranges   0x0000000000000000      0x678
 .debug_ranges  0x0000000000000000       0x20 Analog/src/adc.o
 .debug_ranges  0x0000000000000020       0x20 Analog/src/opamp.o
 .debug_ranges  0x0000000000000040       0x10 Analog/src/vrefbuf.o
 .debug_ranges  0x0000000000000050       0x18 CMSIS/src/system_stm32g4xx.o
 .debug_ranges  0x0000000000000068       0x30 FreeRTOS_Source/portable/GCC/ARM_CM4F/list.o
 .debug_ranges  0x0000000000000098       0x70 FreeRTOS_Source/portable/GCC/ARM_CM4F/port.o
 .debug_ranges  0x0000000000000108       0xf0 FreeRTOS_Source/portable/GCC/ARM_CM4F/queue.o
 .debug_ranges  0x00000000000001f8      0x1d0 FreeRTOS_Source/portable/GCC/ARM_CM4F/tasks.o
 .debug_ranges  0x00000000000003c8       0xc8 FreeRTOS_Source/portable/GCC/ARM_CM4F/timers.o
 .debug_ranges  0x0000000000000490       0x28 FreeRTOS_Source/portable/MemMang/heap_1.o
 .debug_ranges  0x00000000000004b8       0x20 Main/Startup/startup_stm32g473cetx.o
 .debug_ranges  0x00000000000004d8       0x30 Main/scr/main.o
 .debug_ranges  0x0000000000000508       0x40 Main/scr/sysinit.o
 .debug_ranges  0x0000000000000548       0x28 Peripheral/src/LED.o
 .debug_ranges  0x0000000000000570       0x58 Peripheral/src/UART.o
 .debug_ranges  0x00000000000005c8       0xa0 Peripheral/src/fmac.o
 .debug_ranges  0x0000000000000668       0x10 SW_Fucntions/src/conversions.o

.debug_macro    0x0000000000000000    0x16e08
 .debug_macro   0x0000000000000000       0xd1 Analog/src/adc.o
 .debug_macro   0x00000000000000d1      0xa60 Analog/src/adc.o
 .debug_macro   0x0000000000000b31       0x2e Analog/src/adc.o
 .debug_macro   0x0000000000000b5f       0x28 Analog/src/adc.o
 .debug_macro   0x0000000000000b87       0x22 Analog/src/adc.o
 .debug_macro   0x0000000000000ba9       0x8e Analog/src/adc.o
 .debug_macro   0x0000000000000c37       0x51 Analog/src/adc.o
 .debug_macro   0x0000000000000c88       0xef Analog/src/adc.o
 .debug_macro   0x0000000000000d77       0x6a Analog/src/adc.o
 .debug_macro   0x0000000000000de1      0x1df Analog/src/adc.o
 .debug_macro   0x0000000000000fc0       0x1c Analog/src/adc.o
 .debug_macro   0x0000000000000fdc       0x22 Analog/src/adc.o
 .debug_macro   0x0000000000000ffe      0x101 Analog/src/adc.o
 .debug_macro   0x00000000000010ff     0x1011 Analog/src/adc.o
 .debug_macro   0x0000000000002110      0x11f Analog/src/adc.o
 .debug_macro   0x000000000000222f    0x130df Analog/src/adc.o
 .debug_macro   0x000000000001530e       0x43 Analog/src/adc.o
 .debug_macro   0x0000000000015351       0xd1 Analog/src/opamp.o
 .debug_macro   0x0000000000015422       0xd1 Analog/src/vrefbuf.o
 .debug_macro   0x00000000000154f3       0xdf CMSIS/src/system_stm32g4xx.o
 .debug_macro   0x00000000000155d2      0x186 FreeRTOS_Source/portable/GCC/ARM_CM4F/list.o
 .debug_macro   0x0000000000015758      0x196 FreeRTOS_Source/portable/GCC/ARM_CM4F/port.o
 .debug_macro   0x00000000000158ee      0x20f FreeRTOS_Source/portable/GCC/ARM_CM4F/queue.o
 .debug_macro   0x0000000000015afd       0x16 FreeRTOS_Source/portable/GCC/ARM_CM4F/queue.o
 .debug_macro   0x0000000000015b13       0x35 FreeRTOS_Source/portable/GCC/ARM_CM4F/queue.o
 .debug_macro   0x0000000000015b48       0x20 FreeRTOS_Source/portable/GCC/ARM_CM4F/queue.o
 .debug_macro   0x0000000000015b68       0x80 FreeRTOS_Source/portable/GCC/ARM_CM4F/queue.o
 .debug_macro   0x0000000000015be8      0x337 FreeRTOS_Source/portable/GCC/ARM_CM4F/tasks.o
 .debug_macro   0x0000000000015f1f       0x10 FreeRTOS_Source/portable/GCC/ARM_CM4F/tasks.o
 .debug_macro   0x0000000000015f2f       0x1c FreeRTOS_Source/portable/GCC/ARM_CM4F/tasks.o
 .debug_macro   0x0000000000015f4b       0x10 FreeRTOS_Source/portable/GCC/ARM_CM4F/tasks.o
 .debug_macro   0x0000000000015f5b       0x10 FreeRTOS_Source/portable/GCC/ARM_CM4F/tasks.o
 .debug_macro   0x0000000000015f6b       0x1c FreeRTOS_Source/portable/GCC/ARM_CM4F/tasks.o
 .debug_macro   0x0000000000015f87       0x52 FreeRTOS_Source/portable/GCC/ARM_CM4F/tasks.o
 .debug_macro   0x0000000000015fd9       0x40 FreeRTOS_Source/portable/GCC/ARM_CM4F/tasks.o
 .debug_macro   0x0000000000016019       0x10 FreeRTOS_Source/portable/GCC/ARM_CM4F/tasks.o
 .debug_macro   0x0000000000016029       0x40 FreeRTOS_Source/portable/GCC/ARM_CM4F/tasks.o
 .debug_macro   0x0000000000016069       0xd7 FreeRTOS_Source/portable/GCC/ARM_CM4F/tasks.o
 .debug_macro   0x0000000000016140       0x1c FreeRTOS_Source/portable/GCC/ARM_CM4F/tasks.o
 .debug_macro   0x000000000001615c       0x3d FreeRTOS_Source/portable/GCC/ARM_CM4F/tasks.o
 .debug_macro   0x0000000000016199       0x16 FreeRTOS_Source/portable/GCC/ARM_CM4F/tasks.o
 .debug_macro   0x00000000000161af      0x145 FreeRTOS_Source/portable/GCC/ARM_CM4F/tasks.o
 .debug_macro   0x00000000000162f4      0x1cf FreeRTOS_Source/portable/GCC/ARM_CM4F/timers.o
 .debug_macro   0x00000000000164c3       0x97 FreeRTOS_Source/portable/GCC/ARM_CM4F/timers.o
 .debug_macro   0x000000000001655a      0x19b FreeRTOS_Source/portable/MemMang/heap_1.o
 .debug_macro   0x00000000000166f5      0x17c Main/scr/main.o
 .debug_macro   0x0000000000016871      0x130 Main/scr/main.o
 .debug_macro   0x00000000000169a1       0x22 Main/scr/main.o
 .debug_macro   0x00000000000169c3       0x10 Main/scr/main.o
 .debug_macro   0x00000000000169d3       0x16 Main/scr/main.o
 .debug_macro   0x00000000000169e9       0xd6 Main/scr/sysinit.o
 .debug_macro   0x0000000000016abf       0xd1 Peripheral/src/LED.o
 .debug_macro   0x0000000000016b90       0xd1 Peripheral/src/UART.o
 .debug_macro   0x0000000000016c61       0xd6 Peripheral/src/fmac.o
 .debug_macro   0x0000000000016d37       0xd1 SW_Fucntions/src/conversions.o

.debug_line     0x0000000000000000     0x759f
 .debug_line    0x0000000000000000      0x4df Analog/src/adc.o
 .debug_line    0x00000000000004df      0x566 Analog/src/opamp.o
 .debug_line    0x0000000000000a45      0x49a Analog/src/vrefbuf.o
 .debug_line    0x0000000000000edf      0x479 CMSIS/src/system_stm32g4xx.o
 .debug_line    0x0000000000001358      0x632 FreeRTOS_Source/portable/GCC/ARM_CM4F/list.o
 .debug_line    0x000000000000198a      0x693 FreeRTOS_Source/portable/GCC/ARM_CM4F/port.o
 .debug_line    0x000000000000201d      0xee6 FreeRTOS_Source/portable/GCC/ARM_CM4F/queue.o
 .debug_line    0x0000000000002f03     0x1430 FreeRTOS_Source/portable/GCC/ARM_CM4F/tasks.o
 .debug_line    0x0000000000004333      0x9cf FreeRTOS_Source/portable/GCC/ARM_CM4F/timers.o
 .debug_line    0x0000000000004d02      0x626 FreeRTOS_Source/portable/MemMang/heap_1.o
 .debug_line    0x0000000000005328       0x89 Main/Startup/startup_stm32g473cetx.o
 .debug_line    0x00000000000053b1      0x6b5 Main/scr/main.o
 .debug_line    0x0000000000005a66      0x552 Main/scr/sysinit.o
 .debug_line    0x0000000000005fb8      0x532 Peripheral/src/LED.o
 .debug_line    0x00000000000064ea      0x5a6 Peripheral/src/UART.o
 .debug_line    0x0000000000006a90      0x65a Peripheral/src/fmac.o
 .debug_line    0x00000000000070ea      0x4b5 SW_Fucntions/src/conversions.o

.debug_str      0x0000000000000000    0x8880c
 .debug_str     0x0000000000000000    0x7b787 Analog/src/adc.o
                                      0x7b967 (size before relaxing)
 .debug_str     0x000000000007b787       0x58 Analog/src/opamp.o
                                      0x7b236 (size before relaxing)
 .debug_str     0x000000000007b7df       0x34 Analog/src/vrefbuf.o
                                      0x7b1da (size before relaxing)
 .debug_str     0x000000000007b813       0x9b CMSIS/src/system_stm32g4xx.o
                                      0x7b295 (size before relaxing)
 .debug_str     0x000000000007b8ae     0x6b6d FreeRTOS_Source/portable/GCC/ARM_CM4F/list.o
                                       0xa873 (size before relaxing)
 .debug_str     0x000000000008241b     0x1a1e FreeRTOS_Source/portable/GCC/ARM_CM4F/port.o
                                       0x912e (size before relaxing)
 .debug_str     0x0000000000083e39      0xf34 FreeRTOS_Source/portable/GCC/ARM_CM4F/queue.o
                                       0xc995 (size before relaxing)
 .debug_str     0x0000000000084d6d     0x2c5d FreeRTOS_Source/portable/GCC/ARM_CM4F/tasks.o
                                       0xe87a (size before relaxing)
 .debug_str     0x00000000000879ca      0x52f FreeRTOS_Source/portable/GCC/ARM_CM4F/timers.o
                                       0xcea4 (size before relaxing)
 .debug_str     0x0000000000087ef9       0xe7 FreeRTOS_Source/portable/MemMang/heap_1.o
                                       0xba03 (size before relaxing)
 .debug_str     0x0000000000087fe0       0x36 Main/Startup/startup_stm32g473cetx.o
                                         0x6b (size before relaxing)
 .debug_str     0x0000000000088016      0x320 Main/scr/main.o
                                      0x8085c (size before relaxing)
 .debug_str     0x0000000000088336      0x146 Main/scr/sysinit.o
                                      0x7b365 (size before relaxing)
 .debug_str     0x000000000008847c       0x54 Peripheral/src/LED.o
                                      0x7b26f (size before relaxing)
 .debug_str     0x00000000000884d0      0x119 Peripheral/src/UART.o
                                      0x7b8f6 (size before relaxing)
 .debug_str     0x00000000000885e9      0x1fa Peripheral/src/fmac.o
                                      0x7bb8a (size before relaxing)
 .debug_str     0x00000000000887e3       0x29 SW_Fucntions/src/conversions.o
                                      0x7b0a6 (size before relaxing)

.comment        0x0000000000000000       0x7b
 .comment       0x0000000000000000       0x7b Analog/src/adc.o
                                         0x7c (size before relaxing)
 .comment       0x000000000000007b       0x7c Analog/src/opamp.o
 .comment       0x000000000000007b       0x7c Analog/src/vrefbuf.o
 .comment       0x000000000000007b       0x7c CMSIS/src/system_stm32g4xx.o
 .comment       0x000000000000007b       0x7c FreeRTOS_Source/portable/GCC/ARM_CM4F/list.o
 .comment       0x000000000000007b       0x7c FreeRTOS_Source/portable/GCC/ARM_CM4F/port.o
 .comment       0x000000000000007b       0x7c FreeRTOS_Source/portable/GCC/ARM_CM4F/queue.o
 .comment       0x000000000000007b       0x7c FreeRTOS_Source/portable/GCC/ARM_CM4F/tasks.o
 .comment       0x000000000000007b       0x7c FreeRTOS_Source/portable/GCC/ARM_CM4F/timers.o
 .comment       0x000000000000007b       0x7c FreeRTOS_Source/portable/MemMang/heap_1.o
 .comment       0x000000000000007b       0x7c Main/scr/main.o
 .comment       0x000000000000007b       0x7c Main/scr/sysinit.o
 .comment       0x000000000000007b       0x7c Peripheral/src/LED.o
 .comment       0x000000000000007b       0x7c Peripheral/src/UART.o
 .comment       0x000000000000007b       0x7c Peripheral/src/fmac.o
 .comment       0x000000000000007b       0x7c SW_Fucntions/src/conversions.o

.debug_frame    0x0000000000000000     0x1c00
 .debug_frame   0x0000000000000000       0x84 Analog/src/adc.o
 .debug_frame   0x0000000000000084       0x88 Analog/src/opamp.o
 .debug_frame   0x000000000000010c       0x30 Analog/src/vrefbuf.o
 .debug_frame   0x000000000000013c       0x58 CMSIS/src/system_stm32g4xx.o
 .debug_frame   0x0000000000000194       0xd8 FreeRTOS_Source/portable/GCC/ARM_CM4F/list.o
 .debug_frame   0x000000000000026c      0x1a8 FreeRTOS_Source/portable/GCC/ARM_CM4F/port.o
 .debug_frame   0x0000000000000414      0x44c FreeRTOS_Source/portable/GCC/ARM_CM4F/queue.o
 .debug_frame   0x0000000000000860      0x82c FreeRTOS_Source/portable/GCC/ARM_CM4F/tasks.o
 .debug_frame   0x000000000000108c      0x38c FreeRTOS_Source/portable/GCC/ARM_CM4F/timers.o
 .debug_frame   0x0000000000001418       0x9c FreeRTOS_Source/portable/MemMang/heap_1.o
 .debug_frame   0x00000000000014b4       0xb0 Main/scr/main.o
 .debug_frame   0x0000000000001564      0x108 Main/scr/sysinit.o
 .debug_frame   0x000000000000166c       0xa4 Peripheral/src/LED.o
 .debug_frame   0x0000000000001710      0x17c Peripheral/src/UART.o
 .debug_frame   0x000000000000188c      0x2c8 Peripheral/src/fmac.o
 .debug_frame   0x0000000000001b54       0x38 SW_Fucntions/src/conversions.o
 .debug_frame   0x0000000000001b8c       0x2c c:/st/stm32cubeide_1.3.0/stm32cubeide/plugins/com.st.stm32cube.ide.mcu.externaltools.gnu-tools-for-stm32.7-2018-q2-update.win32_1.5.0.202011040924/tools/bin/../lib/gcc/arm-none-eabi/7.3.1/../../../../arm-none-eabi/lib/thumb/v7e-m/fpv4-sp/hard\libc_nano.a(lib_a-init.o)
 .debug_frame   0x0000000000001bb8       0x28 c:/st/stm32cubeide_1.3.0/stm32cubeide/plugins/com.st.stm32cube.ide.mcu.externaltools.gnu-tools-for-stm32.7-2018-q2-update.win32_1.5.0.202011040924/tools/bin/../lib/gcc/arm-none-eabi/7.3.1/../../../../arm-none-eabi/lib/thumb/v7e-m/fpv4-sp/hard\libc_nano.a(lib_a-memcpy-stub.o)
 .debug_frame   0x0000000000001be0       0x20 c:/st/stm32cubeide_1.3.0/stm32cubeide/plugins/com.st.stm32cube.ide.mcu.externaltools.gnu-tools-for-stm32.7-2018-q2-update.win32_1.5.0.202011040924/tools/bin/../lib/gcc/arm-none-eabi/7.3.1/../../../../arm-none-eabi/lib/thumb/v7e-m/fpv4-sp/hard\libc_nano.a(lib_a-memset.o)
