core_cm4.h:1679:22:__NVIC_EnableIRQ	16	static,ignoring_inline_asm
core_cm4.h:1809:22:__NVIC_SetPriority	16	static
fmac.c:7:6:InitFmac	8	static
fmac.c:18:6:ConfigFmacX1buff	16	static
fmac.c:29:6:ConfigFmacX2Buff	16	static
fmac.c:39:6:ConfigFmacYBuff	16	static
fmac.c:50:6:ConfigFmacRQP	16	static
fmac.c:59:6:ExecuteFmacFunction	4	static
fmac.c:64:6:StopFmacFunction	4	static
fmac.c:69:6:ResetFmac	4	static
fmac.c:74:6:WriteFmacData	16	static
fmac.c:79:6:WriteFmacBuffer	24	static
fmac.c:89:10:ReadFmacDataY	4	static
fmac.c:97:6:SelectFmacPreloadFmacX1	16	static
fmac.c:107:6:SelectFmacPreloadFmacX2	16	static
fmac.c:117:6:SelectFmacPreloadFmacY	16	static
fmac.c:127:6:SelectFmacConvFir	24	static
fmac.c:142:6:SelectFmacIir	24	static
fmac.c:158:6:WriteFmacIirCoefficients	32	static
