Archive member included to satisfy reference by file (symbol)

c:/st/stm32cubeide_1.3.0/stm32cubeide/plugins/com.st.stm32cube.ide.mcu.externaltools.gnu-tools-for-stm32.7-2018-q2-update.win32_1.4.0.202007081208/tools/bin/../lib/gcc/arm-none-eabi/7.3.1/../../../../arm-none-eabi/lib/thumb/v7e-m/fpv4-sp/hard\libc_nano.a(lib_a-exit.o)
                              c:/st/stm32cubeide_1.3.0/stm32cubeide/plugins/com.st.stm32cube.ide.mcu.externaltools.gnu-tools-for-stm32.7-2018-q2-update.win32_1.4.0.202007081208/tools/bin/../lib/gcc/arm-none-eabi/7.3.1/../../../../arm-none-eabi/lib/thumb/v7e-m/fpv4-sp/hard/crt0.o (exit)
c:/st/stm32cubeide_1.3.0/stm32cubeide/plugins/com.st.stm32cube.ide.mcu.externaltools.gnu-tools-for-stm32.7-2018-q2-update.win32_1.4.0.202007081208/tools/bin/../lib/gcc/arm-none-eabi/7.3.1/../../../../arm-none-eabi/lib/thumb/v7e-m/fpv4-sp/hard\libc_nano.a(lib_a-impure.o)
                              c:/st/stm32cubeide_1.3.0/stm32cubeide/plugins/com.st.stm32cube.ide.mcu.externaltools.gnu-tools-for-stm32.7-2018-q2-update.win32_1.4.0.202007081208/tools/bin/../lib/gcc/arm-none-eabi/7.3.1/../../../../arm-none-eabi/lib/thumb/v7e-m/fpv4-sp/hard\libc_nano.a(lib_a-exit.o) (_global_impure_ptr)
c:/st/stm32cubeide_1.3.0/stm32cubeide/plugins/com.st.stm32cube.ide.mcu.externaltools.gnu-tools-for-stm32.7-2018-q2-update.win32_1.4.0.202007081208/tools/bin/../lib/gcc/arm-none-eabi/7.3.1/../../../../arm-none-eabi/lib/thumb/v7e-m/fpv4-sp/hard\libc_nano.a(lib_a-init.o)
                              c:/st/stm32cubeide_1.3.0/stm32cubeide/plugins/com.st.stm32cube.ide.mcu.externaltools.gnu-tools-for-stm32.7-2018-q2-update.win32_1.4.0.202007081208/tools/bin/../lib/gcc/arm-none-eabi/7.3.1/../../../../arm-none-eabi/lib/thumb/v7e-m/fpv4-sp/hard/crt0.o (__libc_init_array)
c:/st/stm32cubeide_1.3.0/stm32cubeide/plugins/com.st.stm32cube.ide.mcu.externaltools.gnu-tools-for-stm32.7-2018-q2-update.win32_1.4.0.202007081208/tools/bin/../lib/gcc/arm-none-eabi/7.3.1/../../../../arm-none-eabi/lib/thumb/v7e-m/fpv4-sp/hard\libc_nano.a(lib_a-memset.o)
                              c:/st/stm32cubeide_1.3.0/stm32cubeide/plugins/com.st.stm32cube.ide.mcu.externaltools.gnu-tools-for-stm32.7-2018-q2-update.win32_1.4.0.202007081208/tools/bin/../lib/gcc/arm-none-eabi/7.3.1/../../../../arm-none-eabi/lib/thumb/v7e-m/fpv4-sp/hard/crt0.o (memset)
c:/st/stm32cubeide_1.3.0/stm32cubeide/plugins/com.st.stm32cube.ide.mcu.externaltools.gnu-tools-for-stm32.7-2018-q2-update.win32_1.4.0.202007081208/tools/bin/../lib/gcc/arm-none-eabi/7.3.1/../../../../arm-none-eabi/lib/thumb/v7e-m/fpv4-sp/hard\libnosys.a(_exit.o)
                              c:/st/stm32cubeide_1.3.0/stm32cubeide/plugins/com.st.stm32cube.ide.mcu.externaltools.gnu-tools-for-stm32.7-2018-q2-update.win32_1.4.0.202007081208/tools/bin/../lib/gcc/arm-none-eabi/7.3.1/../../../../arm-none-eabi/lib/thumb/v7e-m/fpv4-sp/hard\libc_nano.a(lib_a-exit.o) (_exit)

Discarded input sections

 .text          0x0000000000000000        0x0 c:/st/stm32cubeide_1.3.0/stm32cubeide/plugins/com.st.stm32cube.ide.mcu.externaltools.gnu-tools-for-stm32.7-2018-q2-update.win32_1.4.0.202007081208/tools/bin/../lib/gcc/arm-none-eabi/7.3.1/thumb/v7e-m/fpv4-sp/hard/crti.o
 .data          0x0000000000000000        0x0 c:/st/stm32cubeide_1.3.0/stm32cubeide/plugins/com.st.stm32cube.ide.mcu.externaltools.gnu-tools-for-stm32.7-2018-q2-update.win32_1.4.0.202007081208/tools/bin/../lib/gcc/arm-none-eabi/7.3.1/thumb/v7e-m/fpv4-sp/hard/crti.o
 .bss           0x0000000000000000        0x0 c:/st/stm32cubeide_1.3.0/stm32cubeide/plugins/com.st.stm32cube.ide.mcu.externaltools.gnu-tools-for-stm32.7-2018-q2-update.win32_1.4.0.202007081208/tools/bin/../lib/gcc/arm-none-eabi/7.3.1/thumb/v7e-m/fpv4-sp/hard/crti.o
 .data          0x0000000000000000        0x4 c:/st/stm32cubeide_1.3.0/stm32cubeide/plugins/com.st.stm32cube.ide.mcu.externaltools.gnu-tools-for-stm32.7-2018-q2-update.win32_1.4.0.202007081208/tools/bin/../lib/gcc/arm-none-eabi/7.3.1/thumb/v7e-m/fpv4-sp/hard/crtbegin.o
 .text          0x0000000000000000       0x74 c:/st/stm32cubeide_1.3.0/stm32cubeide/plugins/com.st.stm32cube.ide.mcu.externaltools.gnu-tools-for-stm32.7-2018-q2-update.win32_1.4.0.202007081208/tools/bin/../lib/gcc/arm-none-eabi/7.3.1/../../../../arm-none-eabi/lib/thumb/v7e-m/fpv4-sp/hard/crt0.o
 .data          0x0000000000000000        0x0 c:/st/stm32cubeide_1.3.0/stm32cubeide/plugins/com.st.stm32cube.ide.mcu.externaltools.gnu-tools-for-stm32.7-2018-q2-update.win32_1.4.0.202007081208/tools/bin/../lib/gcc/arm-none-eabi/7.3.1/../../../../arm-none-eabi/lib/thumb/v7e-m/fpv4-sp/hard/crt0.o
 .bss           0x0000000000000000        0x0 c:/st/stm32cubeide_1.3.0/stm32cubeide/plugins/com.st.stm32cube.ide.mcu.externaltools.gnu-tools-for-stm32.7-2018-q2-update.win32_1.4.0.202007081208/tools/bin/../lib/gcc/arm-none-eabi/7.3.1/../../../../arm-none-eabi/lib/thumb/v7e-m/fpv4-sp/hard/crt0.o
 .ARM.extab     0x0000000000000000        0x0 c:/st/stm32cubeide_1.3.0/stm32cubeide/plugins/com.st.stm32cube.ide.mcu.externaltools.gnu-tools-for-stm32.7-2018-q2-update.win32_1.4.0.202007081208/tools/bin/../lib/gcc/arm-none-eabi/7.3.1/../../../../arm-none-eabi/lib/thumb/v7e-m/fpv4-sp/hard/crt0.o
 .ARM.exidx     0x0000000000000000        0x8 c:/st/stm32cubeide_1.3.0/stm32cubeide/plugins/com.st.stm32cube.ide.mcu.externaltools.gnu-tools-for-stm32.7-2018-q2-update.win32_1.4.0.202007081208/tools/bin/../lib/gcc/arm-none-eabi/7.3.1/../../../../arm-none-eabi/lib/thumb/v7e-m/fpv4-sp/hard/crt0.o
 .ARM.attributes
                0x0000000000000000       0x20 c:/st/stm32cubeide_1.3.0/stm32cubeide/plugins/com.st.stm32cube.ide.mcu.externaltools.gnu-tools-for-stm32.7-2018-q2-update.win32_1.4.0.202007081208/tools/bin/../lib/gcc/arm-none-eabi/7.3.1/../../../../arm-none-eabi/lib/thumb/v7e-m/fpv4-sp/hard/crt0.o
 .group         0x0000000000000000        0xc CMSIS/src/system_stm32f3xx.o
 .group         0x0000000000000000        0xc CMSIS/src/system_stm32f3xx.o
 .group         0x0000000000000000        0xc CMSIS/src/system_stm32f3xx.o
 .group         0x0000000000000000        0xc CMSIS/src/system_stm32f3xx.o
 .group         0x0000000000000000        0xc CMSIS/src/system_stm32f3xx.o
 .group         0x0000000000000000        0xc CMSIS/src/system_stm32f3xx.o
 .group         0x0000000000000000        0xc CMSIS/src/system_stm32f3xx.o
 .group         0x0000000000000000        0xc CMSIS/src/system_stm32f3xx.o
 .group         0x0000000000000000        0xc CMSIS/src/system_stm32f3xx.o
 .group         0x0000000000000000        0xc CMSIS/src/system_stm32f3xx.o
 .group         0x0000000000000000        0xc CMSIS/src/system_stm32f3xx.o
 .group         0x0000000000000000        0xc CMSIS/src/system_stm32f3xx.o
 .group         0x0000000000000000        0xc CMSIS/src/system_stm32f3xx.o
 .group         0x0000000000000000        0xc CMSIS/src/system_stm32f3xx.o
 .group         0x0000000000000000        0xc CMSIS/src/system_stm32f3xx.o
 .text          0x0000000000000000        0x0 CMSIS/src/system_stm32f3xx.o
 .data          0x0000000000000000        0x0 CMSIS/src/system_stm32f3xx.o
 .bss           0x0000000000000000        0x0 CMSIS/src/system_stm32f3xx.o
 .data.SystemCoreClock
                0x0000000000000000        0x4 CMSIS/src/system_stm32f3xx.o
 .rodata.AHBPrescTable
                0x0000000000000000       0x10 CMSIS/src/system_stm32f3xx.o
 .rodata.APBPrescTable
                0x0000000000000000        0x8 CMSIS/src/system_stm32f3xx.o
 .text.SystemCoreClockUpdate
                0x0000000000000000       0xd4 CMSIS/src/system_stm32f3xx.o
 .group         0x0000000000000000        0xc Code/src/libPWM.o
 .group         0x0000000000000000        0xc Code/src/libPWM.o
 .group         0x0000000000000000        0xc Code/src/libPWM.o
 .group         0x0000000000000000        0xc Code/src/libPWM.o
 .group         0x0000000000000000        0xc Code/src/libPWM.o
 .group         0x0000000000000000        0xc Code/src/libPWM.o
 .group         0x0000000000000000        0xc Code/src/libPWM.o
 .group         0x0000000000000000        0xc Code/src/libPWM.o
 .group         0x0000000000000000        0xc Code/src/libPWM.o
 .group         0x0000000000000000        0xc Code/src/libPWM.o
 .group         0x0000000000000000        0xc Code/src/libPWM.o
 .group         0x0000000000000000        0xc Code/src/libPWM.o
 .group         0x0000000000000000        0xc Code/src/libPWM.o
 .group         0x0000000000000000        0xc Code/src/libPWM.o
 .group         0x0000000000000000        0xc Code/src/libPWM.o
 .text          0x0000000000000000        0x0 Code/src/libPWM.o
 .data          0x0000000000000000        0x0 Code/src/libPWM.o
 .bss           0x0000000000000000        0x0 Code/src/libPWM.o
 .debug_macro   0x0000000000000000      0xa60 Code/src/libPWM.o
 .debug_macro   0x0000000000000000       0x2e Code/src/libPWM.o
 .debug_macro   0x0000000000000000       0x28 Code/src/libPWM.o
 .debug_macro   0x0000000000000000       0x22 Code/src/libPWM.o
 .debug_macro   0x0000000000000000       0x8e Code/src/libPWM.o
 .debug_macro   0x0000000000000000       0x51 Code/src/libPWM.o
 .debug_macro   0x0000000000000000       0xef Code/src/libPWM.o
 .debug_macro   0x0000000000000000       0x6a Code/src/libPWM.o
 .debug_macro   0x0000000000000000      0x1df Code/src/libPWM.o
 .debug_macro   0x0000000000000000       0x1c Code/src/libPWM.o
 .debug_macro   0x0000000000000000       0x22 Code/src/libPWM.o
 .debug_macro   0x0000000000000000       0xdf Code/src/libPWM.o
 .debug_macro   0x0000000000000000      0xf07 Code/src/libPWM.o
 .debug_macro   0x0000000000000000    0x110e1 Code/src/libPWM.o
 .debug_macro   0x0000000000000000       0x43 Code/src/libPWM.o
 .group         0x0000000000000000        0xc Code/src/libUART.o
 .group         0x0000000000000000        0xc Code/src/libUART.o
 .group         0x0000000000000000        0xc Code/src/libUART.o
 .group         0x0000000000000000        0xc Code/src/libUART.o
 .group         0x0000000000000000        0xc Code/src/libUART.o
 .group         0x0000000000000000        0xc Code/src/libUART.o
 .group         0x0000000000000000        0xc Code/src/libUART.o
 .group         0x0000000000000000        0xc Code/src/libUART.o
 .group         0x0000000000000000        0xc Code/src/libUART.o
 .group         0x0000000000000000        0xc Code/src/libUART.o
 .group         0x0000000000000000        0xc Code/src/libUART.o
 .group         0x0000000000000000        0xc Code/src/libUART.o
 .group         0x0000000000000000        0xc Code/src/libUART.o
 .group         0x0000000000000000        0xc Code/src/libUART.o
 .group         0x0000000000000000        0xc Code/src/libUART.o
 .text          0x0000000000000000        0x0 Code/src/libUART.o
 .data          0x0000000000000000        0x0 Code/src/libUART.o
 .bss           0x0000000000000000        0x0 Code/src/libUART.o
 .text.SendDataUSART2
                0x0000000000000000       0x3c Code/src/libUART.o
 .debug_macro   0x0000000000000000      0xa60 Code/src/libUART.o
 .debug_macro   0x0000000000000000       0x2e Code/src/libUART.o
 .debug_macro   0x0000000000000000       0x28 Code/src/libUART.o
 .debug_macro   0x0000000000000000       0x22 Code/src/libUART.o
 .debug_macro   0x0000000000000000       0x8e Code/src/libUART.o
 .debug_macro   0x0000000000000000       0x51 Code/src/libUART.o
 .debug_macro   0x0000000000000000       0xef Code/src/libUART.o
 .debug_macro   0x0000000000000000       0x6a Code/src/libUART.o
 .debug_macro   0x0000000000000000      0x1df Code/src/libUART.o
 .debug_macro   0x0000000000000000       0x1c Code/src/libUART.o
 .debug_macro   0x0000000000000000       0x22 Code/src/libUART.o
 .debug_macro   0x0000000000000000       0xdf Code/src/libUART.o
 .debug_macro   0x0000000000000000      0xf07 Code/src/libUART.o
 .debug_macro   0x0000000000000000    0x110e1 Code/src/libUART.o
 .debug_macro   0x0000000000000000       0x43 Code/src/libUART.o
 .group         0x0000000000000000        0xc Code/src/main.o
 .group         0x0000000000000000        0xc Code/src/main.o
 .group         0x0000000000000000        0xc Code/src/main.o
 .group         0x0000000000000000        0xc Code/src/main.o
 .group         0x0000000000000000        0xc Code/src/main.o
 .group         0x0000000000000000        0xc Code/src/main.o
 .group         0x0000000000000000        0xc Code/src/main.o
 .group         0x0000000000000000        0xc Code/src/main.o
 .group         0x0000000000000000        0xc Code/src/main.o
 .group         0x0000000000000000        0xc Code/src/main.o
 .group         0x0000000000000000        0xc Code/src/main.o
 .group         0x0000000000000000        0xc Code/src/main.o
 .group         0x0000000000000000        0xc Code/src/main.o
 .group         0x0000000000000000        0xc Code/src/main.o
 .group         0x0000000000000000        0xc Code/src/main.o
 .text          0x0000000000000000        0x0 Code/src/main.o
 .data          0x0000000000000000        0x0 Code/src/main.o
 .bss           0x0000000000000000        0x0 Code/src/main.o
 .debug_macro   0x0000000000000000      0xa60 Code/src/main.o
 .debug_macro   0x0000000000000000       0x2e Code/src/main.o
 .debug_macro   0x0000000000000000       0x28 Code/src/main.o
 .debug_macro   0x0000000000000000       0x22 Code/src/main.o
 .debug_macro   0x0000000000000000       0x8e Code/src/main.o
 .debug_macro   0x0000000000000000       0x51 Code/src/main.o
 .debug_macro   0x0000000000000000       0xef Code/src/main.o
 .debug_macro   0x0000000000000000       0x6a Code/src/main.o
 .debug_macro   0x0000000000000000      0x1df Code/src/main.o
 .debug_macro   0x0000000000000000       0x1c Code/src/main.o
 .debug_macro   0x0000000000000000       0x22 Code/src/main.o
 .debug_macro   0x0000000000000000       0xdf Code/src/main.o
 .debug_macro   0x0000000000000000      0xf07 Code/src/main.o
 .debug_macro   0x0000000000000000    0x110e1 Code/src/main.o
 .debug_macro   0x0000000000000000       0x43 Code/src/main.o
 .group         0x0000000000000000        0xc Code/src/sysinit.o
 .group         0x0000000000000000        0xc Code/src/sysinit.o
 .group         0x0000000000000000        0xc Code/src/sysinit.o
 .group         0x0000000000000000        0xc Code/src/sysinit.o
 .group         0x0000000000000000        0xc Code/src/sysinit.o
 .group         0x0000000000000000        0xc Code/src/sysinit.o
 .group         0x0000000000000000        0xc Code/src/sysinit.o
 .group         0x0000000000000000        0xc Code/src/sysinit.o
 .group         0x0000000000000000        0xc Code/src/sysinit.o
 .group         0x0000000000000000        0xc Code/src/sysinit.o
 .group         0x0000000000000000        0xc Code/src/sysinit.o
 .group         0x0000000000000000        0xc Code/src/sysinit.o
 .group         0x0000000000000000        0xc Code/src/sysinit.o
 .group         0x0000000000000000        0xc Code/src/sysinit.o
 .group         0x0000000000000000        0xc Code/src/sysinit.o
 .text          0x0000000000000000        0x0 Code/src/sysinit.o
 .data          0x0000000000000000        0x0 Code/src/sysinit.o
 .bss           0x0000000000000000        0x0 Code/src/sysinit.o
 .text.GenMCO   0x0000000000000000       0x5c Code/src/sysinit.o
 .debug_macro   0x0000000000000000      0xa60 Code/src/sysinit.o
 .debug_macro   0x0000000000000000       0x2e Code/src/sysinit.o
 .debug_macro   0x0000000000000000       0x28 Code/src/sysinit.o
 .debug_macro   0x0000000000000000       0x22 Code/src/sysinit.o
 .debug_macro   0x0000000000000000       0x8e Code/src/sysinit.o
 .debug_macro   0x0000000000000000       0x51 Code/src/sysinit.o
 .debug_macro   0x0000000000000000       0xef Code/src/sysinit.o
 .debug_macro   0x0000000000000000       0x6a Code/src/sysinit.o
 .debug_macro   0x0000000000000000      0x1df Code/src/sysinit.o
 .debug_macro   0x0000000000000000       0x1c Code/src/sysinit.o
 .debug_macro   0x0000000000000000       0x22 Code/src/sysinit.o
 .debug_macro   0x0000000000000000       0xdf Code/src/sysinit.o
 .debug_macro   0x0000000000000000      0xf07 Code/src/sysinit.o
 .debug_macro   0x0000000000000000    0x110e1 Code/src/sysinit.o
 .debug_macro   0x0000000000000000       0x43 Code/src/sysinit.o
 .text          0x0000000000000000       0x14 Startup/startup_stm32f302x8.o
 .data          0x0000000000000000        0x0 Startup/startup_stm32f302x8.o
 .bss           0x0000000000000000        0x0 Startup/startup_stm32f302x8.o
 .text          0x0000000000000000        0x0 c:/st/stm32cubeide_1.3.0/stm32cubeide/plugins/com.st.stm32cube.ide.mcu.externaltools.gnu-tools-for-stm32.7-2018-q2-update.win32_1.4.0.202007081208/tools/bin/../lib/gcc/arm-none-eabi/7.3.1/../../../../arm-none-eabi/lib/thumb/v7e-m/fpv4-sp/hard\libc_nano.a(lib_a-exit.o)
 .data          0x0000000000000000        0x0 c:/st/stm32cubeide_1.3.0/stm32cubeide/plugins/com.st.stm32cube.ide.mcu.externaltools.gnu-tools-for-stm32.7-2018-q2-update.win32_1.4.0.202007081208/tools/bin/../lib/gcc/arm-none-eabi/7.3.1/../../../../arm-none-eabi/lib/thumb/v7e-m/fpv4-sp/hard\libc_nano.a(lib_a-exit.o)
 .bss           0x0000000000000000        0x0 c:/st/stm32cubeide_1.3.0/stm32cubeide/plugins/com.st.stm32cube.ide.mcu.externaltools.gnu-tools-for-stm32.7-2018-q2-update.win32_1.4.0.202007081208/tools/bin/../lib/gcc/arm-none-eabi/7.3.1/../../../../arm-none-eabi/lib/thumb/v7e-m/fpv4-sp/hard\libc_nano.a(lib_a-exit.o)
 .text.exit     0x0000000000000000       0x28 c:/st/stm32cubeide_1.3.0/stm32cubeide/plugins/com.st.stm32cube.ide.mcu.externaltools.gnu-tools-for-stm32.7-2018-q2-update.win32_1.4.0.202007081208/tools/bin/../lib/gcc/arm-none-eabi/7.3.1/../../../../arm-none-eabi/lib/thumb/v7e-m/fpv4-sp/hard\libc_nano.a(lib_a-exit.o)
 .debug_frame   0x0000000000000000       0x28 c:/st/stm32cubeide_1.3.0/stm32cubeide/plugins/com.st.stm32cube.ide.mcu.externaltools.gnu-tools-for-stm32.7-2018-q2-update.win32_1.4.0.202007081208/tools/bin/../lib/gcc/arm-none-eabi/7.3.1/../../../../arm-none-eabi/lib/thumb/v7e-m/fpv4-sp/hard\libc_nano.a(lib_a-exit.o)
 .ARM.attributes
                0x0000000000000000       0x34 c:/st/stm32cubeide_1.3.0/stm32cubeide/plugins/com.st.stm32cube.ide.mcu.externaltools.gnu-tools-for-stm32.7-2018-q2-update.win32_1.4.0.202007081208/tools/bin/../lib/gcc/arm-none-eabi/7.3.1/../../../../arm-none-eabi/lib/thumb/v7e-m/fpv4-sp/hard\libc_nano.a(lib_a-exit.o)
 .text          0x0000000000000000        0x0 c:/st/stm32cubeide_1.3.0/stm32cubeide/plugins/com.st.stm32cube.ide.mcu.externaltools.gnu-tools-for-stm32.7-2018-q2-update.win32_1.4.0.202007081208/tools/bin/../lib/gcc/arm-none-eabi/7.3.1/../../../../arm-none-eabi/lib/thumb/v7e-m/fpv4-sp/hard\libc_nano.a(lib_a-impure.o)
 .data          0x0000000000000000        0x0 c:/st/stm32cubeide_1.3.0/stm32cubeide/plugins/com.st.stm32cube.ide.mcu.externaltools.gnu-tools-for-stm32.7-2018-q2-update.win32_1.4.0.202007081208/tools/bin/../lib/gcc/arm-none-eabi/7.3.1/../../../../arm-none-eabi/lib/thumb/v7e-m/fpv4-sp/hard\libc_nano.a(lib_a-impure.o)
 .bss           0x0000000000000000        0x0 c:/st/stm32cubeide_1.3.0/stm32cubeide/plugins/com.st.stm32cube.ide.mcu.externaltools.gnu-tools-for-stm32.7-2018-q2-update.win32_1.4.0.202007081208/tools/bin/../lib/gcc/arm-none-eabi/7.3.1/../../../../arm-none-eabi/lib/thumb/v7e-m/fpv4-sp/hard\libc_nano.a(lib_a-impure.o)
 .data._impure_ptr
                0x0000000000000000        0x4 c:/st/stm32cubeide_1.3.0/stm32cubeide/plugins/com.st.stm32cube.ide.mcu.externaltools.gnu-tools-for-stm32.7-2018-q2-update.win32_1.4.0.202007081208/tools/bin/../lib/gcc/arm-none-eabi/7.3.1/../../../../arm-none-eabi/lib/thumb/v7e-m/fpv4-sp/hard\libc_nano.a(lib_a-impure.o)
 .data.impure_data
                0x0000000000000000       0x60 c:/st/stm32cubeide_1.3.0/stm32cubeide/plugins/com.st.stm32cube.ide.mcu.externaltools.gnu-tools-for-stm32.7-2018-q2-update.win32_1.4.0.202007081208/tools/bin/../lib/gcc/arm-none-eabi/7.3.1/../../../../arm-none-eabi/lib/thumb/v7e-m/fpv4-sp/hard\libc_nano.a(lib_a-impure.o)
 .rodata._global_impure_ptr
                0x0000000000000000        0x4 c:/st/stm32cubeide_1.3.0/stm32cubeide/plugins/com.st.stm32cube.ide.mcu.externaltools.gnu-tools-for-stm32.7-2018-q2-update.win32_1.4.0.202007081208/tools/bin/../lib/gcc/arm-none-eabi/7.3.1/../../../../arm-none-eabi/lib/thumb/v7e-m/fpv4-sp/hard\libc_nano.a(lib_a-impure.o)
 .ARM.attributes
                0x0000000000000000       0x34 c:/st/stm32cubeide_1.3.0/stm32cubeide/plugins/com.st.stm32cube.ide.mcu.externaltools.gnu-tools-for-stm32.7-2018-q2-update.win32_1.4.0.202007081208/tools/bin/../lib/gcc/arm-none-eabi/7.3.1/../../../../arm-none-eabi/lib/thumb/v7e-m/fpv4-sp/hard\libc_nano.a(lib_a-impure.o)
 .text          0x0000000000000000        0x0 c:/st/stm32cubeide_1.3.0/stm32cubeide/plugins/com.st.stm32cube.ide.mcu.externaltools.gnu-tools-for-stm32.7-2018-q2-update.win32_1.4.0.202007081208/tools/bin/../lib/gcc/arm-none-eabi/7.3.1/../../../../arm-none-eabi/lib/thumb/v7e-m/fpv4-sp/hard\libc_nano.a(lib_a-init.o)
 .data          0x0000000000000000        0x0 c:/st/stm32cubeide_1.3.0/stm32cubeide/plugins/com.st.stm32cube.ide.mcu.externaltools.gnu-tools-for-stm32.7-2018-q2-update.win32_1.4.0.202007081208/tools/bin/../lib/gcc/arm-none-eabi/7.3.1/../../../../arm-none-eabi/lib/thumb/v7e-m/fpv4-sp/hard\libc_nano.a(lib_a-init.o)
 .bss           0x0000000000000000        0x0 c:/st/stm32cubeide_1.3.0/stm32cubeide/plugins/com.st.stm32cube.ide.mcu.externaltools.gnu-tools-for-stm32.7-2018-q2-update.win32_1.4.0.202007081208/tools/bin/../lib/gcc/arm-none-eabi/7.3.1/../../../../arm-none-eabi/lib/thumb/v7e-m/fpv4-sp/hard\libc_nano.a(lib_a-init.o)
 .text          0x0000000000000000        0x0 c:/st/stm32cubeide_1.3.0/stm32cubeide/plugins/com.st.stm32cube.ide.mcu.externaltools.gnu-tools-for-stm32.7-2018-q2-update.win32_1.4.0.202007081208/tools/bin/../lib/gcc/arm-none-eabi/7.3.1/../../../../arm-none-eabi/lib/thumb/v7e-m/fpv4-sp/hard\libc_nano.a(lib_a-memset.o)
 .data          0x0000000000000000        0x0 c:/st/stm32cubeide_1.3.0/stm32cubeide/plugins/com.st.stm32cube.ide.mcu.externaltools.gnu-tools-for-stm32.7-2018-q2-update.win32_1.4.0.202007081208/tools/bin/../lib/gcc/arm-none-eabi/7.3.1/../../../../arm-none-eabi/lib/thumb/v7e-m/fpv4-sp/hard\libc_nano.a(lib_a-memset.o)
 .bss           0x0000000000000000        0x0 c:/st/stm32cubeide_1.3.0/stm32cubeide/plugins/com.st.stm32cube.ide.mcu.externaltools.gnu-tools-for-stm32.7-2018-q2-update.win32_1.4.0.202007081208/tools/bin/../lib/gcc/arm-none-eabi/7.3.1/../../../../arm-none-eabi/lib/thumb/v7e-m/fpv4-sp/hard\libc_nano.a(lib_a-memset.o)
 .text.memset   0x0000000000000000       0x10 c:/st/stm32cubeide_1.3.0/stm32cubeide/plugins/com.st.stm32cube.ide.mcu.externaltools.gnu-tools-for-stm32.7-2018-q2-update.win32_1.4.0.202007081208/tools/bin/../lib/gcc/arm-none-eabi/7.3.1/../../../../arm-none-eabi/lib/thumb/v7e-m/fpv4-sp/hard\libc_nano.a(lib_a-memset.o)
 .debug_frame   0x0000000000000000       0x20 c:/st/stm32cubeide_1.3.0/stm32cubeide/plugins/com.st.stm32cube.ide.mcu.externaltools.gnu-tools-for-stm32.7-2018-q2-update.win32_1.4.0.202007081208/tools/bin/../lib/gcc/arm-none-eabi/7.3.1/../../../../arm-none-eabi/lib/thumb/v7e-m/fpv4-sp/hard\libc_nano.a(lib_a-memset.o)
 .ARM.attributes
                0x0000000000000000       0x34 c:/st/stm32cubeide_1.3.0/stm32cubeide/plugins/com.st.stm32cube.ide.mcu.externaltools.gnu-tools-for-stm32.7-2018-q2-update.win32_1.4.0.202007081208/tools/bin/../lib/gcc/arm-none-eabi/7.3.1/../../../../arm-none-eabi/lib/thumb/v7e-m/fpv4-sp/hard\libc_nano.a(lib_a-memset.o)
 .text          0x0000000000000000        0x0 c:/st/stm32cubeide_1.3.0/stm32cubeide/plugins/com.st.stm32cube.ide.mcu.externaltools.gnu-tools-for-stm32.7-2018-q2-update.win32_1.4.0.202007081208/tools/bin/../lib/gcc/arm-none-eabi/7.3.1/../../../../arm-none-eabi/lib/thumb/v7e-m/fpv4-sp/hard\libnosys.a(_exit.o)
 .data          0x0000000000000000        0x0 c:/st/stm32cubeide_1.3.0/stm32cubeide/plugins/com.st.stm32cube.ide.mcu.externaltools.gnu-tools-for-stm32.7-2018-q2-update.win32_1.4.0.202007081208/tools/bin/../lib/gcc/arm-none-eabi/7.3.1/../../../../arm-none-eabi/lib/thumb/v7e-m/fpv4-sp/hard\libnosys.a(_exit.o)
 .bss           0x0000000000000000        0x0 c:/st/stm32cubeide_1.3.0/stm32cubeide/plugins/com.st.stm32cube.ide.mcu.externaltools.gnu-tools-for-stm32.7-2018-q2-update.win32_1.4.0.202007081208/tools/bin/../lib/gcc/arm-none-eabi/7.3.1/../../../../arm-none-eabi/lib/thumb/v7e-m/fpv4-sp/hard\libnosys.a(_exit.o)
 .text._exit    0x0000000000000000        0x2 c:/st/stm32cubeide_1.3.0/stm32cubeide/plugins/com.st.stm32cube.ide.mcu.externaltools.gnu-tools-for-stm32.7-2018-q2-update.win32_1.4.0.202007081208/tools/bin/../lib/gcc/arm-none-eabi/7.3.1/../../../../arm-none-eabi/lib/thumb/v7e-m/fpv4-sp/hard\libnosys.a(_exit.o)
 .debug_frame   0x0000000000000000       0x20 c:/st/stm32cubeide_1.3.0/stm32cubeide/plugins/com.st.stm32cube.ide.mcu.externaltools.gnu-tools-for-stm32.7-2018-q2-update.win32_1.4.0.202007081208/tools/bin/../lib/gcc/arm-none-eabi/7.3.1/../../../../arm-none-eabi/lib/thumb/v7e-m/fpv4-sp/hard\libnosys.a(_exit.o)
 .ARM.attributes
                0x0000000000000000       0x34 c:/st/stm32cubeide_1.3.0/stm32cubeide/plugins/com.st.stm32cube.ide.mcu.externaltools.gnu-tools-for-stm32.7-2018-q2-update.win32_1.4.0.202007081208/tools/bin/../lib/gcc/arm-none-eabi/7.3.1/../../../../arm-none-eabi/lib/thumb/v7e-m/fpv4-sp/hard\libnosys.a(_exit.o)
 .text          0x0000000000000000        0x0 c:/st/stm32cubeide_1.3.0/stm32cubeide/plugins/com.st.stm32cube.ide.mcu.externaltools.gnu-tools-for-stm32.7-2018-q2-update.win32_1.4.0.202007081208/tools/bin/../lib/gcc/arm-none-eabi/7.3.1/thumb/v7e-m/fpv4-sp/hard/crtend.o
 .data          0x0000000000000000        0x0 c:/st/stm32cubeide_1.3.0/stm32cubeide/plugins/com.st.stm32cube.ide.mcu.externaltools.gnu-tools-for-stm32.7-2018-q2-update.win32_1.4.0.202007081208/tools/bin/../lib/gcc/arm-none-eabi/7.3.1/thumb/v7e-m/fpv4-sp/hard/crtend.o
 .bss           0x0000000000000000        0x0 c:/st/stm32cubeide_1.3.0/stm32cubeide/plugins/com.st.stm32cube.ide.mcu.externaltools.gnu-tools-for-stm32.7-2018-q2-update.win32_1.4.0.202007081208/tools/bin/../lib/gcc/arm-none-eabi/7.3.1/thumb/v7e-m/fpv4-sp/hard/crtend.o
 .eh_frame      0x0000000000000000        0x4 c:/st/stm32cubeide_1.3.0/stm32cubeide/plugins/com.st.stm32cube.ide.mcu.externaltools.gnu-tools-for-stm32.7-2018-q2-update.win32_1.4.0.202007081208/tools/bin/../lib/gcc/arm-none-eabi/7.3.1/thumb/v7e-m/fpv4-sp/hard/crtend.o
 .ARM.attributes
                0x0000000000000000       0x34 c:/st/stm32cubeide_1.3.0/stm32cubeide/plugins/com.st.stm32cube.ide.mcu.externaltools.gnu-tools-for-stm32.7-2018-q2-update.win32_1.4.0.202007081208/tools/bin/../lib/gcc/arm-none-eabi/7.3.1/thumb/v7e-m/fpv4-sp/hard/crtend.o
 .text          0x0000000000000000        0x0 c:/st/stm32cubeide_1.3.0/stm32cubeide/plugins/com.st.stm32cube.ide.mcu.externaltools.gnu-tools-for-stm32.7-2018-q2-update.win32_1.4.0.202007081208/tools/bin/../lib/gcc/arm-none-eabi/7.3.1/thumb/v7e-m/fpv4-sp/hard/crtn.o
 .data          0x0000000000000000        0x0 c:/st/stm32cubeide_1.3.0/stm32cubeide/plugins/com.st.stm32cube.ide.mcu.externaltools.gnu-tools-for-stm32.7-2018-q2-update.win32_1.4.0.202007081208/tools/bin/../lib/gcc/arm-none-eabi/7.3.1/thumb/v7e-m/fpv4-sp/hard/crtn.o
 .bss           0x0000000000000000        0x0 c:/st/stm32cubeide_1.3.0/stm32cubeide/plugins/com.st.stm32cube.ide.mcu.externaltools.gnu-tools-for-stm32.7-2018-q2-update.win32_1.4.0.202007081208/tools/bin/../lib/gcc/arm-none-eabi/7.3.1/thumb/v7e-m/fpv4-sp/hard/crtn.o

Memory Configuration

Name             Origin             Length             Attributes
RAM              0x0000000020000000 0x0000000000004000 xrw
ROM              0x0000000008000000 0x0000000000010000 xr
*default*        0x0000000000000000 0xffffffffffffffff

Linker script and memory map

LOAD c:/st/stm32cubeide_1.3.0/stm32cubeide/plugins/com.st.stm32cube.ide.mcu.externaltools.gnu-tools-for-stm32.7-2018-q2-update.win32_1.4.0.202007081208/tools/bin/../lib/gcc/arm-none-eabi/7.3.1/thumb/v7e-m/fpv4-sp/hard/crti.o
LOAD c:/st/stm32cubeide_1.3.0/stm32cubeide/plugins/com.st.stm32cube.ide.mcu.externaltools.gnu-tools-for-stm32.7-2018-q2-update.win32_1.4.0.202007081208/tools/bin/../lib/gcc/arm-none-eabi/7.3.1/thumb/v7e-m/fpv4-sp/hard/crtbegin.o
LOAD c:/st/stm32cubeide_1.3.0/stm32cubeide/plugins/com.st.stm32cube.ide.mcu.externaltools.gnu-tools-for-stm32.7-2018-q2-update.win32_1.4.0.202007081208/tools/bin/../lib/gcc/arm-none-eabi/7.3.1/../../../../arm-none-eabi/lib/thumb/v7e-m/fpv4-sp/hard/crt0.o
LOAD CMSIS/src/system_stm32f3xx.o
LOAD Code/src/libPWM.o
LOAD Code/src/libUART.o
LOAD Code/src/main.o
LOAD Code/src/sysinit.o
LOAD Startup/startup_stm32f302x8.o
START GROUP
LOAD c:/st/stm32cubeide_1.3.0/stm32cubeide/plugins/com.st.stm32cube.ide.mcu.externaltools.gnu-tools-for-stm32.7-2018-q2-update.win32_1.4.0.202007081208/tools/bin/../lib/gcc/arm-none-eabi/7.3.1/../../../../arm-none-eabi/lib/thumb/v7e-m/fpv4-sp/hard\libc_nano.a
LOAD c:/st/stm32cubeide_1.3.0/stm32cubeide/plugins/com.st.stm32cube.ide.mcu.externaltools.gnu-tools-for-stm32.7-2018-q2-update.win32_1.4.0.202007081208/tools/bin/../lib/gcc/arm-none-eabi/7.3.1/../../../../arm-none-eabi/lib/thumb/v7e-m/fpv4-sp/hard\libm.a
END GROUP
START GROUP
LOAD c:/st/stm32cubeide_1.3.0/stm32cubeide/plugins/com.st.stm32cube.ide.mcu.externaltools.gnu-tools-for-stm32.7-2018-q2-update.win32_1.4.0.202007081208/tools/bin/../lib/gcc/arm-none-eabi/7.3.1/thumb/v7e-m/fpv4-sp/hard\libgcc.a
LOAD c:/st/stm32cubeide_1.3.0/stm32cubeide/plugins/com.st.stm32cube.ide.mcu.externaltools.gnu-tools-for-stm32.7-2018-q2-update.win32_1.4.0.202007081208/tools/bin/../lib/gcc/arm-none-eabi/7.3.1/../../../../arm-none-eabi/lib/thumb/v7e-m/fpv4-sp/hard\libc_nano.a
END GROUP
START GROUP
LOAD c:/st/stm32cubeide_1.3.0/stm32cubeide/plugins/com.st.stm32cube.ide.mcu.externaltools.gnu-tools-for-stm32.7-2018-q2-update.win32_1.4.0.202007081208/tools/bin/../lib/gcc/arm-none-eabi/7.3.1/thumb/v7e-m/fpv4-sp/hard\libgcc.a
LOAD c:/st/stm32cubeide_1.3.0/stm32cubeide/plugins/com.st.stm32cube.ide.mcu.externaltools.gnu-tools-for-stm32.7-2018-q2-update.win32_1.4.0.202007081208/tools/bin/../lib/gcc/arm-none-eabi/7.3.1/../../../../arm-none-eabi/lib/thumb/v7e-m/fpv4-sp/hard\libc_nano.a
LOAD c:/st/stm32cubeide_1.3.0/stm32cubeide/plugins/com.st.stm32cube.ide.mcu.externaltools.gnu-tools-for-stm32.7-2018-q2-update.win32_1.4.0.202007081208/tools/bin/../lib/gcc/arm-none-eabi/7.3.1/../../../../arm-none-eabi/lib/thumb/v7e-m/fpv4-sp/hard\libnosys.a
END GROUP
START GROUP
LOAD c:/st/stm32cubeide_1.3.0/stm32cubeide/plugins/com.st.stm32cube.ide.mcu.externaltools.gnu-tools-for-stm32.7-2018-q2-update.win32_1.4.0.202007081208/tools/bin/../lib/gcc/arm-none-eabi/7.3.1/thumb/v7e-m/fpv4-sp/hard\libgcc.a
LOAD c:/st/stm32cubeide_1.3.0/stm32cubeide/plugins/com.st.stm32cube.ide.mcu.externaltools.gnu-tools-for-stm32.7-2018-q2-update.win32_1.4.0.202007081208/tools/bin/../lib/gcc/arm-none-eabi/7.3.1/../../../../arm-none-eabi/lib/thumb/v7e-m/fpv4-sp/hard\libc_nano.a
LOAD c:/st/stm32cubeide_1.3.0/stm32cubeide/plugins/com.st.stm32cube.ide.mcu.externaltools.gnu-tools-for-stm32.7-2018-q2-update.win32_1.4.0.202007081208/tools/bin/../lib/gcc/arm-none-eabi/7.3.1/../../../../arm-none-eabi/lib/thumb/v7e-m/fpv4-sp/hard\libnosys.a
END GROUP
LOAD c:/st/stm32cubeide_1.3.0/stm32cubeide/plugins/com.st.stm32cube.ide.mcu.externaltools.gnu-tools-for-stm32.7-2018-q2-update.win32_1.4.0.202007081208/tools/bin/../lib/gcc/arm-none-eabi/7.3.1/thumb/v7e-m/fpv4-sp/hard/crtend.o
LOAD c:/st/stm32cubeide_1.3.0/stm32cubeide/plugins/com.st.stm32cube.ide.mcu.externaltools.gnu-tools-for-stm32.7-2018-q2-update.win32_1.4.0.202007081208/tools/bin/../lib/gcc/arm-none-eabi/7.3.1/thumb/v7e-m/fpv4-sp/hard/crtn.o
                0x0000000020004000                _estack = (ORIGIN (RAM) + LENGTH (RAM))
                0x0000000000000200                _Min_Heap_Size = 0x200
                0x0000000000000400                _Min_Stack_Size = 0x400

.isr_vector     0x0000000008000000      0x188
                0x0000000008000000                . = ALIGN (0x4)
 *(.isr_vector)
 .isr_vector    0x0000000008000000      0x188 Startup/startup_stm32f302x8.o
                0x0000000008000000                g_pfnVectors
                0x0000000008000188                . = ALIGN (0x4)

.text           0x0000000008000188      0x610
                0x0000000008000188                . = ALIGN (0x4)
 *(.text)
 .text          0x0000000008000188       0x40 c:/st/stm32cubeide_1.3.0/stm32cubeide/plugins/com.st.stm32cube.ide.mcu.externaltools.gnu-tools-for-stm32.7-2018-q2-update.win32_1.4.0.202007081208/tools/bin/../lib/gcc/arm-none-eabi/7.3.1/thumb/v7e-m/fpv4-sp/hard/crtbegin.o
 *(.text*)
 .text.SystemInit
                0x00000000080001c8       0x2c CMSIS/src/system_stm32f3xx.o
                0x00000000080001c8                SystemInit
 .text.InitPWM  0x00000000080001f4      0x108 Code/src/libPWM.o
                0x00000000080001f4                InitPWM
 .text.__NVIC_EnableIRQ
                0x00000000080002fc       0x3c Code/src/libUART.o
 .text.InitUSART
                0x0000000008000338      0x118 Code/src/libUART.o
                0x0000000008000338                InitUSART
 .text.SendUSART2
                0x0000000008000450       0x3c Code/src/libUART.o
                0x0000000008000450                SendUSART2
 .text.SendStringUSART2
                0x000000000800048c       0x36 Code/src/libUART.o
                0x000000000800048c                SendStringUSART2
 .text.main     0x00000000080004c2       0x16 Code/src/main.o
                0x00000000080004c2                main
 .text.CalculateOCReg
                0x00000000080004d8       0x2c Code/src/main.o
 .text.USART2_IRQHandler
                0x0000000008000504       0x6c Code/src/main.o
                0x0000000008000504                USART2_IRQHandler
 .text.InitRCC  0x0000000008000570      0x104 Code/src/sysinit.o
                0x0000000008000570                InitRCC
 .text.InitGPIO
                0x0000000008000674       0x70 Code/src/sysinit.o
                0x0000000008000674                InitGPIO
 .text.Reset_Handler
                0x00000000080006e4       0x50 Startup/startup_stm32f302x8.o
                0x00000000080006e4                Reset_Handler
 .text.Default_Handler
                0x0000000008000734        0x2 Startup/startup_stm32f302x8.o
                0x0000000008000734                RTC_Alarm_IRQHandler
                0x0000000008000734                DebugMon_Handler
                0x0000000008000734                TIM1_CC_IRQHandler
                0x0000000008000734                HardFault_Handler
                0x0000000008000734                USB_HP_IRQHandler
                0x0000000008000734                SysTick_Handler
                0x0000000008000734                PVD_IRQHandler
                0x0000000008000734                TAMP_STAMP_IRQHandler
                0x0000000008000734                PendSV_Handler
                0x0000000008000734                NMI_Handler
                0x0000000008000734                EXTI3_IRQHandler
                0x0000000008000734                I2C3_ER_IRQHandler
                0x0000000008000734                USB_HP_CAN_TX_IRQHandler
                0x0000000008000734                EXTI0_IRQHandler
                0x0000000008000734                I2C2_EV_IRQHandler
                0x0000000008000734                FPU_IRQHandler
                0x0000000008000734                TIM1_UP_TIM16_IRQHandler
                0x0000000008000734                UsageFault_Handler
                0x0000000008000734                CAN_SCE_IRQHandler
                0x0000000008000734                TIM6_DAC_IRQHandler
                0x0000000008000734                DMA1_Channel4_IRQHandler
                0x0000000008000734                ADC1_IRQHandler
                0x0000000008000734                USART3_IRQHandler
                0x0000000008000734                DMA1_Channel7_IRQHandler
                0x0000000008000734                CAN_RX1_IRQHandler
                0x0000000008000734                I2C1_EV_IRQHandler
                0x0000000008000734                DMA1_Channel6_IRQHandler
                0x0000000008000734                RCC_IRQHandler
                0x0000000008000734                DMA1_Channel1_IRQHandler
                0x0000000008000734                Default_Handler
                0x0000000008000734                USBWakeUp_RMP_IRQHandler
                0x0000000008000734                EXTI15_10_IRQHandler
                0x0000000008000734                COMP2_IRQHandler
                0x0000000008000734                I2C3_EV_IRQHandler
                0x0000000008000734                EXTI9_5_IRQHandler
                0x0000000008000734                RTC_WKUP_IRQHandler
                0x0000000008000734                SPI2_IRQHandler
                0x0000000008000734                USB_LP_CAN_RX0_IRQHandler
                0x0000000008000734                MemManage_Handler
                0x0000000008000734                SVC_Handler
                0x0000000008000734                DMA1_Channel5_IRQHandler
                0x0000000008000734                USB_LP_IRQHandler
                0x0000000008000734                EXTI4_IRQHandler
                0x0000000008000734                TIM1_TRG_COM_TIM17_IRQHandler
                0x0000000008000734                DMA1_Channel3_IRQHandler
                0x0000000008000734                WWDG_IRQHandler
                0x0000000008000734                TIM2_IRQHandler
                0x0000000008000734                EXTI1_IRQHandler
                0x0000000008000734                COMP4_6_IRQHandler
                0x0000000008000734                I2C2_ER_IRQHandler
                0x0000000008000734                DMA1_Channel2_IRQHandler
                0x0000000008000734                FLASH_IRQHandler
                0x0000000008000734                BusFault_Handler
                0x0000000008000734                USART1_IRQHandler
                0x0000000008000734                SPI3_IRQHandler
                0x0000000008000734                I2C1_ER_IRQHandler
                0x0000000008000734                USBWakeUp_IRQHandler
                0x0000000008000734                EXTI2_TSC_IRQHandler
                0x0000000008000734                TIM1_BRK_TIM15_IRQHandler
 *fill*         0x0000000008000736        0x2 
 .text.__libc_init_array
                0x0000000008000738       0x48 c:/st/stm32cubeide_1.3.0/stm32cubeide/plugins/com.st.stm32cube.ide.mcu.externaltools.gnu-tools-for-stm32.7-2018-q2-update.win32_1.4.0.202007081208/tools/bin/../lib/gcc/arm-none-eabi/7.3.1/../../../../arm-none-eabi/lib/thumb/v7e-m/fpv4-sp/hard\libc_nano.a(lib_a-init.o)
                0x0000000008000738                __libc_init_array
 *(.glue_7)
 .glue_7        0x0000000008000780        0x0 linker stubs
 *(.glue_7t)
 .glue_7t       0x0000000008000780        0x0 linker stubs
 *(.eh_frame)
 .eh_frame      0x0000000008000780        0x0 c:/st/stm32cubeide_1.3.0/stm32cubeide/plugins/com.st.stm32cube.ide.mcu.externaltools.gnu-tools-for-stm32.7-2018-q2-update.win32_1.4.0.202007081208/tools/bin/../lib/gcc/arm-none-eabi/7.3.1/thumb/v7e-m/fpv4-sp/hard/crtbegin.o
 *(.init)
 .init          0x0000000008000780        0x4 c:/st/stm32cubeide_1.3.0/stm32cubeide/plugins/com.st.stm32cube.ide.mcu.externaltools.gnu-tools-for-stm32.7-2018-q2-update.win32_1.4.0.202007081208/tools/bin/../lib/gcc/arm-none-eabi/7.3.1/thumb/v7e-m/fpv4-sp/hard/crti.o
                0x0000000008000780                _init
 .init          0x0000000008000784        0x8 c:/st/stm32cubeide_1.3.0/stm32cubeide/plugins/com.st.stm32cube.ide.mcu.externaltools.gnu-tools-for-stm32.7-2018-q2-update.win32_1.4.0.202007081208/tools/bin/../lib/gcc/arm-none-eabi/7.3.1/thumb/v7e-m/fpv4-sp/hard/crtn.o
 *(.fini)
 .fini          0x000000000800078c        0x4 c:/st/stm32cubeide_1.3.0/stm32cubeide/plugins/com.st.stm32cube.ide.mcu.externaltools.gnu-tools-for-stm32.7-2018-q2-update.win32_1.4.0.202007081208/tools/bin/../lib/gcc/arm-none-eabi/7.3.1/thumb/v7e-m/fpv4-sp/hard/crti.o
                0x000000000800078c                _fini
 .fini          0x0000000008000790        0x8 c:/st/stm32cubeide_1.3.0/stm32cubeide/plugins/com.st.stm32cube.ide.mcu.externaltools.gnu-tools-for-stm32.7-2018-q2-update.win32_1.4.0.202007081208/tools/bin/../lib/gcc/arm-none-eabi/7.3.1/thumb/v7e-m/fpv4-sp/hard/crtn.o
                0x0000000008000798                . = ALIGN (0x4)
                0x0000000008000798                _etext = .

.vfp11_veneer   0x0000000008000798        0x0
 .vfp11_veneer  0x0000000008000798        0x0 linker stubs

.v4_bx          0x0000000008000798        0x0
 .v4_bx         0x0000000008000798        0x0 linker stubs

.iplt           0x0000000008000798        0x0
 .iplt          0x0000000008000798        0x0 c:/st/stm32cubeide_1.3.0/stm32cubeide/plugins/com.st.stm32cube.ide.mcu.externaltools.gnu-tools-for-stm32.7-2018-q2-update.win32_1.4.0.202007081208/tools/bin/../lib/gcc/arm-none-eabi/7.3.1/thumb/v7e-m/fpv4-sp/hard/crtbegin.o

.rodata         0x0000000008000798       0x20
                0x0000000008000798                . = ALIGN (0x4)
 *(.rodata)
 .rodata        0x0000000008000798       0x20 Code/src/main.o
 *(.rodata*)
                0x00000000080007b8                . = ALIGN (0x4)

.rel.dyn        0x00000000080007b8        0x0
 .rel.iplt      0x00000000080007b8        0x0 c:/st/stm32cubeide_1.3.0/stm32cubeide/plugins/com.st.stm32cube.ide.mcu.externaltools.gnu-tools-for-stm32.7-2018-q2-update.win32_1.4.0.202007081208/tools/bin/../lib/gcc/arm-none-eabi/7.3.1/thumb/v7e-m/fpv4-sp/hard/crtbegin.o

.ARM.extab      0x00000000080007b8        0x0
                0x00000000080007b8                . = ALIGN (0x4)
 *(.ARM.extab* .gnu.linkonce.armextab.*)
                0x00000000080007b8                . = ALIGN (0x4)

.ARM            0x00000000080007b8        0x0
                0x00000000080007b8                . = ALIGN (0x4)
                0x00000000080007b8                __exidx_start = .
 *(.ARM.exidx*)
                0x00000000080007b8                __exidx_end = .
                0x00000000080007b8                . = ALIGN (0x4)

.preinit_array  0x00000000080007b8        0x0
                0x00000000080007b8                . = ALIGN (0x4)
                0x00000000080007b8                PROVIDE (__preinit_array_start = .)
 *(.preinit_array*)
                0x00000000080007b8                PROVIDE (__preinit_array_end = .)
                0x00000000080007b8                . = ALIGN (0x4)

.init_array     0x00000000080007b8        0x4
                0x00000000080007b8                . = ALIGN (0x4)
                0x00000000080007b8                PROVIDE (__init_array_start = .)
 *(SORT_BY_NAME(.init_array.*))
 *(.init_array*)
 .init_array    0x00000000080007b8        0x4 c:/st/stm32cubeide_1.3.0/stm32cubeide/plugins/com.st.stm32cube.ide.mcu.externaltools.gnu-tools-for-stm32.7-2018-q2-update.win32_1.4.0.202007081208/tools/bin/../lib/gcc/arm-none-eabi/7.3.1/thumb/v7e-m/fpv4-sp/hard/crtbegin.o
                0x00000000080007bc                PROVIDE (__init_array_end = .)
                0x00000000080007bc                . = ALIGN (0x4)

.fini_array     0x00000000080007bc        0x4
                0x00000000080007bc                . = ALIGN (0x4)
                [!provide]                        PROVIDE (__fini_array_start = .)
 *(SORT_BY_NAME(.fini_array.*))
 *(.fini_array*)
 .fini_array    0x00000000080007bc        0x4 c:/st/stm32cubeide_1.3.0/stm32cubeide/plugins/com.st.stm32cube.ide.mcu.externaltools.gnu-tools-for-stm32.7-2018-q2-update.win32_1.4.0.202007081208/tools/bin/../lib/gcc/arm-none-eabi/7.3.1/thumb/v7e-m/fpv4-sp/hard/crtbegin.o
                [!provide]                        PROVIDE (__fini_array_end = .)
                0x00000000080007c0                . = ALIGN (0x4)
                0x00000000080007c0                _sidata = LOADADDR (.data)

.data           0x0000000020000000        0x0 load address 0x00000000080007c0
                0x0000000020000000                . = ALIGN (0x4)
                0x0000000020000000                _sdata = .
 *(.data)
 *(.data*)
                0x0000000020000000                . = ALIGN (0x4)
                0x0000000020000000                _edata = .

.igot.plt       0x0000000020000000        0x0 load address 0x00000000080007c0
 .igot.plt      0x0000000020000000        0x0 c:/st/stm32cubeide_1.3.0/stm32cubeide/plugins/com.st.stm32cube.ide.mcu.externaltools.gnu-tools-for-stm32.7-2018-q2-update.win32_1.4.0.202007081208/tools/bin/../lib/gcc/arm-none-eabi/7.3.1/thumb/v7e-m/fpv4-sp/hard/crtbegin.o
                0x0000000020000000                . = ALIGN (0x4)

.bss            0x0000000020000000       0x20 load address 0x00000000080007c0
                0x0000000020000000                _sbss = .
                0x0000000020000000                __bss_start__ = _sbss
 *(.bss)
 .bss           0x0000000020000000       0x1c c:/st/stm32cubeide_1.3.0/stm32cubeide/plugins/com.st.stm32cube.ide.mcu.externaltools.gnu-tools-for-stm32.7-2018-q2-update.win32_1.4.0.202007081208/tools/bin/../lib/gcc/arm-none-eabi/7.3.1/thumb/v7e-m/fpv4-sp/hard/crtbegin.o
 *(.bss*)
 .bss.DutyCycle.6669
                0x000000002000001c        0x2 Code/src/main.o
 *(COMMON)
                0x0000000020000020                . = ALIGN (0x4)
 *fill*         0x000000002000001e        0x2 
                0x0000000020000020                _ebss = .
                0x0000000020000020                __bss_end__ = _ebss

._user_heap_stack
                0x0000000020000020      0x600 load address 0x00000000080007c0
                0x0000000020000020                . = ALIGN (0x8)
                [!provide]                        PROVIDE (end = .)
                [!provide]                        PROVIDE (_end = .)
                0x0000000020000220                . = (. + _Min_Heap_Size)
 *fill*         0x0000000020000020      0x200 
                0x0000000020000620                . = (. + _Min_Stack_Size)
 *fill*         0x0000000020000220      0x400 
                0x0000000020000620                . = ALIGN (0x8)

/DISCARD/
 libc.a(*)
 libm.a(*)
 libgcc.a(*)

.ARM.attributes
                0x0000000000000000       0x30
 *(.ARM.attributes)
 .ARM.attributes
                0x0000000000000000       0x22 c:/st/stm32cubeide_1.3.0/stm32cubeide/plugins/com.st.stm32cube.ide.mcu.externaltools.gnu-tools-for-stm32.7-2018-q2-update.win32_1.4.0.202007081208/tools/bin/../lib/gcc/arm-none-eabi/7.3.1/thumb/v7e-m/fpv4-sp/hard/crti.o
 .ARM.attributes
                0x0000000000000022       0x34 c:/st/stm32cubeide_1.3.0/stm32cubeide/plugins/com.st.stm32cube.ide.mcu.externaltools.gnu-tools-for-stm32.7-2018-q2-update.win32_1.4.0.202007081208/tools/bin/../lib/gcc/arm-none-eabi/7.3.1/thumb/v7e-m/fpv4-sp/hard/crtbegin.o
 .ARM.attributes
                0x0000000000000056       0x39 CMSIS/src/system_stm32f3xx.o
 .ARM.attributes
                0x000000000000008f       0x39 Code/src/libPWM.o
 .ARM.attributes
                0x00000000000000c8       0x39 Code/src/libUART.o
 .ARM.attributes
                0x0000000000000101       0x39 Code/src/main.o
 .ARM.attributes
                0x000000000000013a       0x39 Code/src/sysinit.o
 .ARM.attributes
                0x0000000000000173       0x21 Startup/startup_stm32f302x8.o
 .ARM.attributes
                0x0000000000000194       0x34 c:/st/stm32cubeide_1.3.0/stm32cubeide/plugins/com.st.stm32cube.ide.mcu.externaltools.gnu-tools-for-stm32.7-2018-q2-update.win32_1.4.0.202007081208/tools/bin/../lib/gcc/arm-none-eabi/7.3.1/../../../../arm-none-eabi/lib/thumb/v7e-m/fpv4-sp/hard\libc_nano.a(lib_a-init.o)
 .ARM.attributes
                0x00000000000001c8       0x22 c:/st/stm32cubeide_1.3.0/stm32cubeide/plugins/com.st.stm32cube.ide.mcu.externaltools.gnu-tools-for-stm32.7-2018-q2-update.win32_1.4.0.202007081208/tools/bin/../lib/gcc/arm-none-eabi/7.3.1/thumb/v7e-m/fpv4-sp/hard/crtn.o
OUTPUT(testProj8.elf elf32-littlearm)

.debug_info     0x0000000000000000     0x15a8
 .debug_info    0x0000000000000000      0x400 CMSIS/src/system_stm32f3xx.o
 .debug_info    0x0000000000000400      0x3e0 Code/src/libPWM.o
 .debug_info    0x00000000000007e0      0x6b8 Code/src/libUART.o
 .debug_info    0x0000000000000e98      0x3b0 Code/src/main.o
 .debug_info    0x0000000000001248      0x33e Code/src/sysinit.o
 .debug_info    0x0000000000001586       0x22 Startup/startup_stm32f302x8.o

.debug_abbrev   0x0000000000000000      0x58d
 .debug_abbrev  0x0000000000000000      0x111 CMSIS/src/system_stm32f3xx.o
 .debug_abbrev  0x0000000000000111       0xcc Code/src/libPWM.o
 .debug_abbrev  0x00000000000001dd      0x1b2 Code/src/libUART.o
 .debug_abbrev  0x000000000000038f      0x120 Code/src/main.o
 .debug_abbrev  0x00000000000004af       0xcc Code/src/sysinit.o
 .debug_abbrev  0x000000000000057b       0x12 Startup/startup_stm32f302x8.o

.debug_aranges  0x0000000000000000      0x110
 .debug_aranges
                0x0000000000000000       0x28 CMSIS/src/system_stm32f3xx.o
 .debug_aranges
                0x0000000000000028       0x20 Code/src/libPWM.o
 .debug_aranges
                0x0000000000000048       0x40 Code/src/libUART.o
 .debug_aranges
                0x0000000000000088       0x30 Code/src/main.o
 .debug_aranges
                0x00000000000000b8       0x30 Code/src/sysinit.o
 .debug_aranges
                0x00000000000000e8       0x28 Startup/startup_stm32f302x8.o

.debug_ranges   0x0000000000000000       0xb8
 .debug_ranges  0x0000000000000000       0x18 CMSIS/src/system_stm32f3xx.o
 .debug_ranges  0x0000000000000018       0x10 Code/src/libPWM.o
 .debug_ranges  0x0000000000000028       0x30 Code/src/libUART.o
 .debug_ranges  0x0000000000000058       0x20 Code/src/main.o
 .debug_ranges  0x0000000000000078       0x20 Code/src/sysinit.o
 .debug_ranges  0x0000000000000098       0x20 Startup/startup_stm32f302x8.o

.debug_macro    0x0000000000000000    0x13416
 .debug_macro   0x0000000000000000       0xcf CMSIS/src/system_stm32f3xx.o
 .debug_macro   0x00000000000000cf      0xa60 CMSIS/src/system_stm32f3xx.o
 .debug_macro   0x0000000000000b2f       0x2e CMSIS/src/system_stm32f3xx.o
 .debug_macro   0x0000000000000b5d       0x28 CMSIS/src/system_stm32f3xx.o
 .debug_macro   0x0000000000000b85       0x22 CMSIS/src/system_stm32f3xx.o
 .debug_macro   0x0000000000000ba7       0x8e CMSIS/src/system_stm32f3xx.o
 .debug_macro   0x0000000000000c35       0x51 CMSIS/src/system_stm32f3xx.o
 .debug_macro   0x0000000000000c86       0xef CMSIS/src/system_stm32f3xx.o
 .debug_macro   0x0000000000000d75       0x6a CMSIS/src/system_stm32f3xx.o
 .debug_macro   0x0000000000000ddf      0x1df CMSIS/src/system_stm32f3xx.o
 .debug_macro   0x0000000000000fbe       0x1c CMSIS/src/system_stm32f3xx.o
 .debug_macro   0x0000000000000fda       0x22 CMSIS/src/system_stm32f3xx.o
 .debug_macro   0x0000000000000ffc       0xdf CMSIS/src/system_stm32f3xx.o
 .debug_macro   0x00000000000010db      0xf07 CMSIS/src/system_stm32f3xx.o
 .debug_macro   0x0000000000001fe2    0x110e1 CMSIS/src/system_stm32f3xx.o
 .debug_macro   0x00000000000130c3       0x43 CMSIS/src/system_stm32f3xx.o
 .debug_macro   0x0000000000013106       0xc1 Code/src/libPWM.o
 .debug_macro   0x00000000000131c7       0xc1 Code/src/libUART.o
 .debug_macro   0x0000000000013288       0xcd Code/src/main.o
 .debug_macro   0x0000000000013355       0xc1 Code/src/sysinit.o

.debug_line     0x0000000000000000     0x17ea
 .debug_line    0x0000000000000000      0x46b CMSIS/src/system_stm32f3xx.o
 .debug_line    0x000000000000046b      0x484 Code/src/libPWM.o
 .debug_line    0x00000000000008ef      0x4eb Code/src/libUART.o
 .debug_line    0x0000000000000dda      0x4c7 Code/src/main.o
 .debug_line    0x00000000000012a1      0x4cb Code/src/sysinit.o
 .debug_line    0x000000000000176c       0x7e Startup/startup_stm32f302x8.o

.debug_str      0x0000000000000000    0x66756
 .debug_str     0x0000000000000000    0x66296 CMSIS/src/system_stm32f3xx.o
                                      0x6640a (size before relaxing)
 .debug_str     0x0000000000066296       0xa4 Code/src/libPWM.o
                                      0x663a0 (size before relaxing)
 .debug_str     0x000000000006633a      0x34f Code/src/libUART.o
                                      0x66785 (size before relaxing)
 .debug_str     0x0000000000066689       0x4c Code/src/main.o
                                      0x66390 (size before relaxing)
 .debug_str     0x00000000000666d5       0x52 Code/src/sysinit.o
                                      0x66385 (size before relaxing)
 .debug_str     0x0000000000066727       0x2f Startup/startup_stm32f302x8.o
                                         0x61 (size before relaxing)

.comment        0x0000000000000000       0x7b
 .comment       0x0000000000000000       0x7b CMSIS/src/system_stm32f3xx.o
                                         0x7c (size before relaxing)
 .comment       0x000000000000007b       0x7c Code/src/libPWM.o
 .comment       0x000000000000007b       0x7c Code/src/libUART.o
 .comment       0x000000000000007b       0x7c Code/src/main.o
 .comment       0x000000000000007b       0x7c Code/src/sysinit.o

.debug_frame    0x0000000000000000      0x25c
 .debug_frame   0x0000000000000000       0x58 CMSIS/src/system_stm32f3xx.o
 .debug_frame   0x0000000000000058       0x30 Code/src/libPWM.o
 .debug_frame   0x0000000000000088       0xc8 Code/src/libUART.o
 .debug_frame   0x0000000000000150       0x70 Code/src/main.o
 .debug_frame   0x00000000000001c0       0x70 Code/src/sysinit.o
 .debug_frame   0x0000000000000230       0x2c c:/st/stm32cubeide_1.3.0/stm32cubeide/plugins/com.st.stm32cube.ide.mcu.externaltools.gnu-tools-for-stm32.7-2018-q2-update.win32_1.4.0.202007081208/tools/bin/../lib/gcc/arm-none-eabi/7.3.1/../../../../arm-none-eabi/lib/thumb/v7e-m/fpv4-sp/hard\libc_nano.a(lib_a-init.o)
