Archive member included to satisfy reference by file (symbol)

c:/st/stm32cubeide_1.3.0/stm32cubeide/plugins/com.st.stm32cube.ide.mcu.externaltools.gnu-tools-for-stm32.7-2018-q2-update.win32_1.4.0.202007081208/tools/bin/../lib/gcc/arm-none-eabi/7.3.1/../../../../arm-none-eabi/lib/thumb/v7e-m/fpv4-sp/hard\libc_nano.a(lib_a-exit.o)
                              c:/st/stm32cubeide_1.3.0/stm32cubeide/plugins/com.st.stm32cube.ide.mcu.externaltools.gnu-tools-for-stm32.7-2018-q2-update.win32_1.4.0.202007081208/tools/bin/../lib/gcc/arm-none-eabi/7.3.1/../../../../arm-none-eabi/lib/thumb/v7e-m/fpv4-sp/hard/crt0.o (exit)
c:/st/stm32cubeide_1.3.0/stm32cubeide/plugins/com.st.stm32cube.ide.mcu.externaltools.gnu-tools-for-stm32.7-2018-q2-update.win32_1.4.0.202007081208/tools/bin/../lib/gcc/arm-none-eabi/7.3.1/../../../../arm-none-eabi/lib/thumb/v7e-m/fpv4-sp/hard\libc_nano.a(lib_a-impure.o)
                              c:/st/stm32cubeide_1.3.0/stm32cubeide/plugins/com.st.stm32cube.ide.mcu.externaltools.gnu-tools-for-stm32.7-2018-q2-update.win32_1.4.0.202007081208/tools/bin/../lib/gcc/arm-none-eabi/7.3.1/../../../../arm-none-eabi/lib/thumb/v7e-m/fpv4-sp/hard\libc_nano.a(lib_a-exit.o) (_global_impure_ptr)
c:/st/stm32cubeide_1.3.0/stm32cubeide/plugins/com.st.stm32cube.ide.mcu.externaltools.gnu-tools-for-stm32.7-2018-q2-update.win32_1.4.0.202007081208/tools/bin/../lib/gcc/arm-none-eabi/7.3.1/../../../../arm-none-eabi/lib/thumb/v7e-m/fpv4-sp/hard\libc_nano.a(lib_a-init.o)
                              c:/st/stm32cubeide_1.3.0/stm32cubeide/plugins/com.st.stm32cube.ide.mcu.externaltools.gnu-tools-for-stm32.7-2018-q2-update.win32_1.4.0.202007081208/tools/bin/../lib/gcc/arm-none-eabi/7.3.1/../../../../arm-none-eabi/lib/thumb/v7e-m/fpv4-sp/hard/crt0.o (__libc_init_array)
c:/st/stm32cubeide_1.3.0/stm32cubeide/plugins/com.st.stm32cube.ide.mcu.externaltools.gnu-tools-for-stm32.7-2018-q2-update.win32_1.4.0.202007081208/tools/bin/../lib/gcc/arm-none-eabi/7.3.1/../../../../arm-none-eabi/lib/thumb/v7e-m/fpv4-sp/hard\libc_nano.a(lib_a-memcpy-stub.o)
                              FreeRTOS_Source/portable/GCC/ARM_CM4F/queue.o (memcpy)
c:/st/stm32cubeide_1.3.0/stm32cubeide/plugins/com.st.stm32cube.ide.mcu.externaltools.gnu-tools-for-stm32.7-2018-q2-update.win32_1.4.0.202007081208/tools/bin/../lib/gcc/arm-none-eabi/7.3.1/../../../../arm-none-eabi/lib/thumb/v7e-m/fpv4-sp/hard\libc_nano.a(lib_a-memset.o)
                              c:/st/stm32cubeide_1.3.0/stm32cubeide/plugins/com.st.stm32cube.ide.mcu.externaltools.gnu-tools-for-stm32.7-2018-q2-update.win32_1.4.0.202007081208/tools/bin/../lib/gcc/arm-none-eabi/7.3.1/../../../../arm-none-eabi/lib/thumb/v7e-m/fpv4-sp/hard/crt0.o (memset)
c:/st/stm32cubeide_1.3.0/stm32cubeide/plugins/com.st.stm32cube.ide.mcu.externaltools.gnu-tools-for-stm32.7-2018-q2-update.win32_1.4.0.202007081208/tools/bin/../lib/gcc/arm-none-eabi/7.3.1/../../../../arm-none-eabi/lib/thumb/v7e-m/fpv4-sp/hard\libnosys.a(_exit.o)
                              c:/st/stm32cubeide_1.3.0/stm32cubeide/plugins/com.st.stm32cube.ide.mcu.externaltools.gnu-tools-for-stm32.7-2018-q2-update.win32_1.4.0.202007081208/tools/bin/../lib/gcc/arm-none-eabi/7.3.1/../../../../arm-none-eabi/lib/thumb/v7e-m/fpv4-sp/hard\libc_nano.a(lib_a-exit.o) (_exit)

Discarded input sections

 .text          0x0000000000000000        0x0 c:/st/stm32cubeide_1.3.0/stm32cubeide/plugins/com.st.stm32cube.ide.mcu.externaltools.gnu-tools-for-stm32.7-2018-q2-update.win32_1.4.0.202007081208/tools/bin/../lib/gcc/arm-none-eabi/7.3.1/thumb/v7e-m/fpv4-sp/hard/crti.o
 .data          0x0000000000000000        0x0 c:/st/stm32cubeide_1.3.0/stm32cubeide/plugins/com.st.stm32cube.ide.mcu.externaltools.gnu-tools-for-stm32.7-2018-q2-update.win32_1.4.0.202007081208/tools/bin/../lib/gcc/arm-none-eabi/7.3.1/thumb/v7e-m/fpv4-sp/hard/crti.o
 .bss           0x0000000000000000        0x0 c:/st/stm32cubeide_1.3.0/stm32cubeide/plugins/com.st.stm32cube.ide.mcu.externaltools.gnu-tools-for-stm32.7-2018-q2-update.win32_1.4.0.202007081208/tools/bin/../lib/gcc/arm-none-eabi/7.3.1/thumb/v7e-m/fpv4-sp/hard/crti.o
 .data          0x0000000000000000        0x4 c:/st/stm32cubeide_1.3.0/stm32cubeide/plugins/com.st.stm32cube.ide.mcu.externaltools.gnu-tools-for-stm32.7-2018-q2-update.win32_1.4.0.202007081208/tools/bin/../lib/gcc/arm-none-eabi/7.3.1/thumb/v7e-m/fpv4-sp/hard/crtbegin.o
 .text          0x0000000000000000       0x74 c:/st/stm32cubeide_1.3.0/stm32cubeide/plugins/com.st.stm32cube.ide.mcu.externaltools.gnu-tools-for-stm32.7-2018-q2-update.win32_1.4.0.202007081208/tools/bin/../lib/gcc/arm-none-eabi/7.3.1/../../../../arm-none-eabi/lib/thumb/v7e-m/fpv4-sp/hard/crt0.o
 .data          0x0000000000000000        0x0 c:/st/stm32cubeide_1.3.0/stm32cubeide/plugins/com.st.stm32cube.ide.mcu.externaltools.gnu-tools-for-stm32.7-2018-q2-update.win32_1.4.0.202007081208/tools/bin/../lib/gcc/arm-none-eabi/7.3.1/../../../../arm-none-eabi/lib/thumb/v7e-m/fpv4-sp/hard/crt0.o
[...]
Memory Configuration

Name             Origin             Length             Attributes
RAM              0x0000000020000000 0x0000000000004000 xrw
ROM              0x0000000008000000 0x0000000000010000 xr
*default*        0x0000000000000000 0xffffffffffffffff

Linker script and memory map

LOAD c:/st/stm32cubeide_1.3.0/stm32cubeide/plugins/com.st.stm32cube.ide.mcu.externaltools.gnu-tools-for-stm32.7-2018-q2-update.win32_1.4.0.202007081208/tools/bin/../lib/gcc/arm-none-eabi/7.3.1/thumb/v7e-m/fpv4-sp/hard/crti.o
LOAD c:/st/stm32cubeide_1.3.0/stm32cubeide/plugins/com.st.stm32cube.ide.mcu.externaltools.gnu-tools-for-stm32.7-2018-q2-update.win32_1.4.0.202007081208/tools/bin/../lib/gcc/arm-none-eabi/7.3.1/thumb/v7e-m/fpv4-sp/hard/crtbegin.o
LOAD c:/st/stm32cubeide_1.3.0/stm32cubeide/plugins/com.st.stm32cube.ide.mcu.externaltools.gnu-tools-for-stm32.7-2018-q2-update.win32_1.4.0.202007081208/tools/bin/../lib/gcc/arm-none-eabi/7.3.1/../../../../arm-none-eabi/lib/thumb/v7e-m/fpv4-sp/hard/crt0.o
LOAD CMSIS/src/system_stm32f3xx.o
LOAD Code/src/libPWM.o
LOAD Code/src/libUART.o
LOAD Code/src/main.o
LOAD Code/src/sysinit.o
LOAD FreeRTOS_Source/portable/GCC/ARM_CM4F/croutine.o
LOAD FreeRTOS_Source/portable/GCC/ARM_CM4F/event_groups.o
LOAD FreeRTOS_Source/portable/GCC/ARM_CM4F/list.o
LOAD FreeRTOS_Source/portable/GCC/ARM_CM4F/port.o
LOAD FreeRTOS_Source/portable/GCC/ARM_CM4F/queue.o
LOAD FreeRTOS_Source/portable/GCC/ARM_CM4F/stream_buffer.o
LOAD FreeRTOS_Source/portable/GCC/ARM_CM4F/tasks.o
LOAD FreeRTOS_Source/portable/GCC/ARM_CM4F/timers.o
LOAD FreeRTOS_Source/portable/MemMang/heap_1.o
LOAD Startup/startup_stm32f302x8.o
START GROUP
LOAD c:/st/stm32cubeide_1.3.0/stm32cubeide/plugins/com.st.stm32cube.ide.mcu.externaltools.gnu-tools-for-stm32.7-2018-q2-update.win32_1.4.0.202007081208/tools/bin/../lib/gcc/arm-none-eabi/7.3.1/../../../../arm-none-eabi/lib/thumb/v7e-m/fpv4-sp/hard\libc_nano.a
LOAD c:/st/stm32cubeide_1.3.0/stm32cubeide/plugins/com.st.stm32cube.ide.mcu.externaltools.gnu-tools-for-stm32.7-2018-q2-update.win32_1.4.0.202007081208/tools/bin/../lib/gcc/arm-none-eabi/7.3.1/../../../../arm-none-eabi/lib/thumb/v7e-m/fpv4-sp/hard\libm.a
END GROUP
START GROUP
LOAD c:/st/stm32cubeide_1.3.0/stm32cubeide/plugins/com.st.stm32cube.ide.mcu.externaltools.gnu-tools-for-stm32.7-2018-q2-update.win32_1.4.0.202007081208/tools/bin/../lib/gcc/arm-none-eabi/7.3.1/thumb/v7e-m/fpv4-sp/hard\libgcc.a
LOAD c:/st/stm32cubeide_1.3.0/stm32cubeide/plugins/com.st.stm32cube.ide.mcu.externaltools.gnu-tools-for-stm32.7-2018-q2-update.win32_1.4.0.202007081208/tools/bin/../lib/gcc/arm-none-eabi/7.3.1/../../../../arm-none-eabi/lib/thumb/v7e-m/fpv4-sp/hard\libc_nano.a
END GROUP
START GROUP
LOAD c:/st/stm32cubeide_1.3.0/stm32cubeide/plugins/com.st.stm32cube.ide.mcu.externaltools.gnu-tools-for-stm32.7-2018-q2-update.win32_1.4.0.202007081208/tools/bin/../lib/gcc/arm-none-eabi/7.3.1/thumb/v7e-m/fpv4-sp/hard\libgcc.a
LOAD c:/st/stm32cubeide_1.3.0/stm32cubeide/plugins/com.st.stm32cube.ide.mcu.externaltools.gnu-tools-for-stm32.7-2018-q2-update.win32_1.4.0.202007081208/tools/bin/../lib/gcc/arm-none-eabi/7.3.1/../../../../arm-none-eabi/lib/thumb/v7e-m/fpv4-sp/hard\libc_nano.a
LOAD c:/st/stm32cubeide_1.3.0/stm32cubeide/plugins/com.st.stm32cube.ide.mcu.externaltools.gnu-tools-for-stm32.7-2018-q2-update.win32_1.4.0.202007081208/tools/bin/../lib/gcc/arm-none-eabi/7.3.1/../../../../arm-none-eabi/lib/thumb/v7e-m/fpv4-sp/hard\libnosys.a
END GROUP
START GROUP
LOAD c:/st/stm32cubeide_1.3.0/stm32cubeide/plugins/com.st.stm32cube.ide.mcu.externaltools.gnu-tools-for-stm32.7-2018-q2-update.win32_1.4.0.202007081208/tools/bin/../lib/gcc/arm-none-eabi/7.3.1/thumb/v7e-m/fpv4-sp/hard\libgcc.a
LOAD c:/st/stm32cubeide_1.3.0/stm32cubeide/plugins/com.st.stm32cube.ide.mcu.externaltools.gnu-tools-for-stm32.7-2018-q2-update.win32_1.4.0.202007081208/tools/bin/../lib/gcc/arm-none-eabi/7.3.1/../../../../arm-none-eabi/lib/thumb/v7e-m/fpv4-sp/hard\libc_nano.a
LOAD c:/st/stm32cubeide_1.3.0/stm32cubeide/plugins/com.st.stm32cube.ide.mcu.externaltools.gnu-tools-for-stm32.7-2018-q2-update.win32_1.4.0.202007081208/tools/bin/../lib/gcc/arm-none-eabi/7.3.1/../../../../arm-none-eabi/lib/thumb/v7e-m/fpv4-sp/hard\libnosys.a
END GROUP
LOAD c:/st/stm32cubeide_1.3.0/stm32cubeide/plugins/com.st.stm32cube.ide.mcu.externaltools.gnu-tools-for-stm32.7-2018-q2-update.win32_1.4.0.202007081208/tools/bin/../lib/gcc/arm-none-eabi/7.3.1/thumb/v7e-m/fpv4-sp/hard/crtend.o
LOAD c:/st/stm32cubeide_1.3.0/stm32cubeide/plugins/com.st.stm32cube.ide.mcu.externaltools.gnu-tools-for-stm32.7-2018-q2-update.win32_1.4.0.202007081208/tools/bin/../lib/gcc/arm-none-eabi/7.3.1/thumb/v7e-m/fpv4-sp/hard/crtn.o
                0x0000000020004000                _estack = (ORIGIN (RAM) + LENGTH (RAM))
                0x0000000000000200                _Min_Heap_Size = 0x200
                0x0000000000000400                _Min_Stack_Size = 0x400

.isr_vector     0x0000000008000000      0x188
                0x0000000008000000                . = ALIGN (0x4)
 *(.isr_vector)
 .isr_vector    0x0000000008000000      0x188 Startup/startup_stm32f302x8.o
                0x0000000008000000                g_pfnVectors
                0x0000000008000188                . = ALIGN (0x4)

.text           0x0000000008000190     0x299c
                0x0000000008000190                . = ALIGN (0x4)
 *(.text)
 .text          0x0000000008000190       0x40 c:/st/stm32cubeide_1.3.0/stm32cubeide/plugins/com.st.stm32cube.ide.mcu.externaltools.gnu-tools-for-stm32.7-2018-q2-update.win32_1.4.0.202007081208/tools/bin/../lib/gcc/arm-none-eabi/7.3.1/thumb/v7e-m/fpv4-sp/hard/crtbegin.o
 *(.text*)
 .text.SystemInit
                0x00000000080001d0       0x2c CMSIS/src/system_stm32f3xx.o
                0x00000000080001d0                SystemInit
 .text.InitPWM  0x00000000080001fc      0x10c Code/src/libPWM.o
                0x00000000080001fc                InitPWM
 .text.__NVIC_EnableIRQ
                0x0000000008000308       0x3c Code/src/libUART.o
 .text.InitUSART
                0x0000000008000344      0x118 Code/src/libUART.o
                0x0000000008000344                InitUSART
 .text.SendUSART2
                0x000000000800045c       0x3c Code/src/libUART.o
                0x000000000800045c                SendUSART2
 .text.SendStringUSART2
                0x0000000008000498       0x36 Code/src/libUART.o
                0x0000000008000498                SendStringUSART2
 *fill*         0x00000000080004ce        0x2 
 .text.main     0x00000000080004d0       0x58 Code/src/main.o
                0x00000000080004d0                main
 .text.vTaskPWMGen
                0x0000000008000528       0x70 Code/src/main.o
                0x0000000008000528                vTaskPWMGen
 .text.vTaskButtonUser
                0x0000000008000598       0x40 Code/src/main.o
                0x0000000008000598                vTaskButtonUser
 .text.USART2_IRQHandler
                0x00000000080005d8       0x68 Code/src/main.o
                0x00000000080005d8                USART2_IRQHandler
 .text.InitRCC  0x0000000008000640      0x104 Code/src/sysinit.o
                0x0000000008000640                InitRCC
 .text.GenMCO   0x0000000008000744       0x5c Code/src/sysinit.o
                0x0000000008000744                GenMCO
 .text.InitGPIO
                0x00000000080007a0       0x70 Code/src/sysinit.o
                0x00000000080007a0                InitGPIO
 .text.vListInitialise
                0x0000000008000810       0x40 FreeRTOS_Source/portable/GCC/ARM_CM4F/list.o
                0x0000000008000810                vListInitialise
 .text.vListInitialiseItem
                0x0000000008000850       0x1a FreeRTOS_Source/portable/GCC/ARM_CM4F/list.o
                0x0000000008000850                vListInitialiseItem
 .text.vListInsertEnd
                0x000000000800086a       0x48 FreeRTOS_Source/portable/GCC/ARM_CM4F/list.o
                0x000000000800086a                vListInsertEnd
 .text.vListInsert
                0x00000000080008b2       0x72 FreeRTOS_Source/portable/GCC/ARM_CM4F/list.o
                0x00000000080008b2                vListInsert
 .text.uxListRemove
                0x0000000008000924       0x54 FreeRTOS_Source/portable/GCC/ARM_CM4F/list.o
                0x0000000008000924                uxListRemove
 .text.pxPortInitialiseStack
                0x0000000008000978       0x68 FreeRTOS_Source/portable/GCC/ARM_CM4F/port.o
                0x0000000008000978                pxPortInitialiseStack
 .text.prvTaskExitError
                0x00000000080009e0       0x54 FreeRTOS_Source/portable/GCC/ARM_CM4F/port.o
 *fill*         0x0000000008000a34        0xc 
 .text.SVC_Handler
                0x0000000008000a40       0x28 FreeRTOS_Source/portable/GCC/ARM_CM4F/port.o
                0x0000000008000a40                SVC_Handler
 .text.prvPortStartFirstTask
                0x0000000008000a68       0x28 FreeRTOS_Source/portable/GCC/ARM_CM4F/port.o
 .text.xPortStartScheduler
                0x0000000008000a90      0x13c FreeRTOS_Source/portable/GCC/ARM_CM4F/port.o
                0x0000000008000a90                xPortStartScheduler
 .text.vPortEnterCritical
                0x0000000008000bcc       0x5c FreeRTOS_Source/portable/GCC/ARM_CM4F/port.o
                0x0000000008000bcc                vPortEnterCritical
 .text.vPortExitCritical
                0x0000000008000c28       0x50 FreeRTOS_Source/portable/GCC/ARM_CM4F/port.o
                0x0000000008000c28                vPortExitCritical
 *fill*         0x0000000008000c78        0x8 
 .text.PendSV_Handler
                0x0000000008000c80       0x68 FreeRTOS_Source/portable/GCC/ARM_CM4F/port.o
                0x0000000008000c80                PendSV_Handler
 .text.SysTick_Handler
                0x0000000008000ce8       0x40 FreeRTOS_Source/portable/GCC/ARM_CM4F/port.o
                0x0000000008000ce8                SysTick_Handler
 .text.vPortSetupTimerInterrupt
                0x0000000008000d28       0x38 FreeRTOS_Source/portable/GCC/ARM_CM4F/port.o
                0x0000000008000d28                vPortSetupTimerInterrupt
 .text.vPortEnableVFP
                0x0000000008000d60       0x14 FreeRTOS_Source/portable/GCC/ARM_CM4F/port.o
 .text.vPortValidateInterruptPriority
                0x0000000008000d74       0x7c FreeRTOS_Source/portable/GCC/ARM_CM4F/port.o
                0x0000000008000d74                vPortValidateInterruptPriority
 .text.xQueueGenericReset
                0x0000000008000df0       0xd0 FreeRTOS_Source/portable/GCC/ARM_CM4F/queue.o
                0x0000000008000df0                xQueueGenericReset
 .text.xQueueGenericCreate
                0x0000000008000ec0       0x6a FreeRTOS_Source/portable/GCC/ARM_CM4F/queue.o
                0x0000000008000ec0                xQueueGenericCreate
 .text.prvInitialiseNewQueue
                0x0000000008000f2a       0x3e FreeRTOS_Source/portable/GCC/ARM_CM4F/queue.o
 .text.xQueueGenericSend
                0x0000000008000f68      0x1f4 FreeRTOS_Source/portable/GCC/ARM_CM4F/queue.o
                0x0000000008000f68                xQueueGenericSend
 .text.xQueueGenericSendFromISR
                0x000000000800115c      0x12e FreeRTOS_Source/portable/GCC/ARM_CM4F/queue.o
                0x000000000800115c                xQueueGenericSendFromISR
 *fill*         0x000000000800128a        0x2 
 .text.xQueueReceive
                0x000000000800128c      0x1b8 FreeRTOS_Source/portable/GCC/ARM_CM4F/queue.o
                0x000000000800128c                xQueueReceive
 .text.prvCopyDataToQueue
                0x0000000008001444       0xd4 FreeRTOS_Source/portable/GCC/ARM_CM4F/queue.o
 .text.prvCopyDataFromQueue
                0x0000000008001518       0x4c FreeRTOS_Source/portable/GCC/ARM_CM4F/queue.o
 .text.prvUnlockQueue
                0x0000000008001564       0xa4 FreeRTOS_Source/portable/GCC/ARM_CM4F/queue.o
 .text.prvIsQueueEmpty
                0x0000000008001608       0x2c FreeRTOS_Source/portable/GCC/ARM_CM4F/queue.o
 .text.prvIsQueueFull
                0x0000000008001634       0x30 FreeRTOS_Source/portable/GCC/ARM_CM4F/queue.o
 .text.vQueueWaitForMessageRestricted
                0x0000000008001664       0x68 FreeRTOS_Source/portable/GCC/ARM_CM4F/queue.o
                0x0000000008001664                vQueueWaitForMessageRestricted
 .text.xTaskCreate
                0x00000000080016cc       0x82 FreeRTOS_Source/portable/GCC/ARM_CM4F/tasks.o
                0x00000000080016cc                xTaskCreate
 .text.prvInitialiseNewTask
                0x000000000800174e      0x10c FreeRTOS_Source/portable/GCC/ARM_CM4F/tasks.o
 *fill*         0x000000000800185a        0x2 
 .text.prvAddNewTaskToReadyList
                0x000000000800185c       0xd4 FreeRTOS_Source/portable/GCC/ARM_CM4F/tasks.o
 .text.vTaskDelay
                0x0000000008001930       0x68 FreeRTOS_Source/portable/GCC/ARM_CM4F/tasks.o
                0x0000000008001930                vTaskDelay
 .text.vTaskStartScheduler
                0x0000000008001998       0x98 FreeRTOS_Source/portable/GCC/ARM_CM4F/tasks.o
                0x0000000008001998                vTaskStartScheduler
 .text.vTaskSuspendAll
                0x0000000008001a30       0x1c FreeRTOS_Source/portable/GCC/ARM_CM4F/tasks.o
                0x0000000008001a30                vTaskSuspendAll
 .text.xTaskResumeAll
                0x0000000008001a4c      0x138 FreeRTOS_Source/portable/GCC/ARM_CM4F/tasks.o
                0x0000000008001a4c                xTaskResumeAll
 .text.xTaskGetTickCount
                0x0000000008001b84       0x20 FreeRTOS_Source/portable/GCC/ARM_CM4F/tasks.o
                0x0000000008001b84                xTaskGetTickCount
 .text.xTaskIncrementTick
                0x0000000008001ba4      0x170 FreeRTOS_Source/portable/GCC/ARM_CM4F/tasks.o
                0x0000000008001ba4                xTaskIncrementTick
 .text.vTaskSwitchContext
                0x0000000008001d14       0xb4 FreeRTOS_Source/portable/GCC/ARM_CM4F/tasks.o
                0x0000000008001d14                vTaskSwitchContext
 .text.vTaskPlaceOnEventList
                0x0000000008001dc8       0x48 FreeRTOS_Source/portable/GCC/ARM_CM4F/tasks.o
                0x0000000008001dc8                vTaskPlaceOnEventList
 .text.vTaskPlaceOnEventListRestricted
                0x0000000008001e10       0x54 FreeRTOS_Source/portable/GCC/ARM_CM4F/tasks.o
                0x0000000008001e10                vTaskPlaceOnEventListRestricted
 .text.xTaskRemoveFromEventList
                0x0000000008001e64       0xc4 FreeRTOS_Source/portable/GCC/ARM_CM4F/tasks.o
                0x0000000008001e64                xTaskRemoveFromEventList
 .text.vTaskInternalSetTimeOutState
                0x0000000008001f28       0x2c FreeRTOS_Source/portable/GCC/ARM_CM4F/tasks.o
                0x0000000008001f28                vTaskInternalSetTimeOutState
 .text.xTaskCheckForTimeOut
                0x0000000008001f54       0xc0 FreeRTOS_Source/portable/GCC/ARM_CM4F/tasks.o
                0x0000000008001f54                xTaskCheckForTimeOut
 .text.vTaskMissedYield
                0x0000000008002014       0x18 FreeRTOS_Source/portable/GCC/ARM_CM4F/tasks.o
                0x0000000008002014                vTaskMissedYield
 .text.prvIdleTask
                0x000000000800202c       0x30 FreeRTOS_Source/portable/GCC/ARM_CM4F/tasks.o
 .text.prvInitialiseTaskLists
                0x000000000800205c       0x80 FreeRTOS_Source/portable/GCC/ARM_CM4F/tasks.o
 .text.prvCheckTasksWaitingTermination
                0x00000000080020dc       0x58 FreeRTOS_Source/portable/GCC/ARM_CM4F/tasks.o
 .text.prvDeleteTCB
                0x0000000008002134       0x20 FreeRTOS_Source/portable/GCC/ARM_CM4F/tasks.o
 .text.prvResetNextTaskUnblockTime
                0x0000000008002154       0x40 FreeRTOS_Source/portable/GCC/ARM_CM4F/tasks.o
 .text.xTaskGetSchedulerState
                0x0000000008002194       0x3c FreeRTOS_Source/portable/GCC/ARM_CM4F/tasks.o
                0x0000000008002194                xTaskGetSchedulerState
 .text.xTaskPriorityDisinherit
                0x00000000080021d0      0x108 FreeRTOS_Source/portable/GCC/ARM_CM4F/tasks.o
                0x00000000080021d0                xTaskPriorityDisinherit
 .text.prvAddCurrentTaskToDelayedList
                0x00000000080022d8       0xcc FreeRTOS_Source/portable/GCC/ARM_CM4F/tasks.o
 .text.xTimerCreateTimerTask
                0x00000000080023a4       0x60 FreeRTOS_Source/portable/GCC/ARM_CM4F/timers.o
                0x00000000080023a4                xTimerCreateTimerTask
 .text.xTimerGenericCommand
                0x0000000008002404       0x98 FreeRTOS_Source/portable/GCC/ARM_CM4F/timers.o
                0x0000000008002404                xTimerGenericCommand
 .text.prvProcessExpiredTimer
                0x000000000800249c       0x98 FreeRTOS_Source/portable/GCC/ARM_CM4F/timers.o
 .text.prvTimerTask
                0x0000000008002534       0x24 FreeRTOS_Source/portable/GCC/ARM_CM4F/timers.o
 .text.prvProcessTimerOrBlockTask
                0x0000000008002558       0x9c FreeRTOS_Source/portable/GCC/ARM_CM4F/timers.o
 .text.prvGetNextExpireTime
                0x00000000080025f4       0x48 FreeRTOS_Source/portable/GCC/ARM_CM4F/timers.o
 .text.prvSampleTimeNow
                0x000000000800263c       0x40 FreeRTOS_Source/portable/GCC/ARM_CM4F/timers.o
 .text.prvInsertTimerInActiveList
                0x000000000800267c       0x84 FreeRTOS_Source/portable/GCC/ARM_CM4F/timers.o
 .text.prvProcessReceivedCommands
                0x0000000008002700      0x188 FreeRTOS_Source/portable/GCC/ARM_CM4F/timers.o
 .text.prvSwitchTimerLists
                0x0000000008002888       0xc8 FreeRTOS_Source/portable/GCC/ARM_CM4F/timers.o
 .text.prvCheckForValidListAndQueue
                0x0000000008002950       0x54 FreeRTOS_Source/portable/GCC/ARM_CM4F/timers.o
 .text.pvPortMalloc
                0x00000000080029a4       0x8c FreeRTOS_Source/portable/MemMang/heap_1.o
                0x00000000080029a4                pvPortMalloc
 .text.vPortFree
                0x0000000008002a30       0x2e FreeRTOS_Source/portable/MemMang/heap_1.o
                0x0000000008002a30                vPortFree
 *fill*         0x0000000008002a5e        0x2 
 .text.Reset_Handler
                0x0000000008002a60       0x50 Startup/startup_stm32f302x8.o
                0x0000000008002a60                Reset_Handler
 .text.Default_Handler
                0x0000000008002ab0        0x2 Startup/startup_stm32f302x8.o
                0x0000000008002ab0                RTC_Alarm_IRQHandler
                0x0000000008002ab0                DebugMon_Handler
                0x0000000008002ab0                TIM1_CC_IRQHandler
                0x0000000008002ab0                HardFault_Handler
                0x0000000008002ab0                USB_HP_IRQHandler
                0x0000000008002ab0                PVD_IRQHandler
                0x0000000008002ab0                TAMP_STAMP_IRQHandler
                0x0000000008002ab0                NMI_Handler
                0x0000000008002ab0                EXTI3_IRQHandler
                0x0000000008002ab0                I2C3_ER_IRQHandler
                0x0000000008002ab0                USB_HP_CAN_TX_IRQHandler
                0x0000000008002ab0                EXTI0_IRQHandler
                0x0000000008002ab0                I2C2_EV_IRQHandler
                0x0000000008002ab0                FPU_IRQHandler
                0x0000000008002ab0                TIM1_UP_TIM16_IRQHandler
                0x0000000008002ab0                UsageFault_Handler
                0x0000000008002ab0                CAN_SCE_IRQHandler
                0x0000000008002ab0                TIM6_DAC_IRQHandler
                0x0000000008002ab0                DMA1_Channel4_IRQHandler
                0x0000000008002ab0                ADC1_IRQHandler
                0x0000000008002ab0                USART3_IRQHandler
                0x0000000008002ab0                DMA1_Channel7_IRQHandler
                0x0000000008002ab0                CAN_RX1_IRQHandler
                0x0000000008002ab0                I2C1_EV_IRQHandler
                0x0000000008002ab0                DMA1_Channel6_IRQHandler
                0x0000000008002ab0                RCC_IRQHandler
                0x0000000008002ab0                DMA1_Channel1_IRQHandler
                0x0000000008002ab0                Default_Handler
                0x0000000008002ab0                USBWakeUp_RMP_IRQHandler
                0x0000000008002ab0                EXTI15_10_IRQHandler
                0x0000000008002ab0                COMP2_IRQHandler
                0x0000000008002ab0                I2C3_EV_IRQHandler
                0x0000000008002ab0                EXTI9_5_IRQHandler
                0x0000000008002ab0                RTC_WKUP_IRQHandler
                0x0000000008002ab0                SPI2_IRQHandler
                0x0000000008002ab0                USB_LP_CAN_RX0_IRQHandler
                0x0000000008002ab0                MemManage_Handler
                0x0000000008002ab0                DMA1_Channel5_IRQHandler
                0x0000000008002ab0                USB_LP_IRQHandler
                0x0000000008002ab0                EXTI4_IRQHandler
                0x0000000008002ab0                TIM1_TRG_COM_TIM17_IRQHandler
                0x0000000008002ab0                DMA1_Channel3_IRQHandler
                0x0000000008002ab0                WWDG_IRQHandler
                0x0000000008002ab0                TIM2_IRQHandler
                0x0000000008002ab0                EXTI1_IRQHandler
                0x0000000008002ab0                COMP4_6_IRQHandler
                0x0000000008002ab0                I2C2_ER_IRQHandler
                0x0000000008002ab0                DMA1_Channel2_IRQHandler
                0x0000000008002ab0                FLASH_IRQHandler
                0x0000000008002ab0                BusFault_Handler
                0x0000000008002ab0                USART1_IRQHandler
                0x0000000008002ab0                SPI3_IRQHandler
                0x0000000008002ab0                I2C1_ER_IRQHandler
                0x0000000008002ab0                USBWakeUp_IRQHandler
                0x0000000008002ab0                EXTI2_TSC_IRQHandler
                0x0000000008002ab0                TIM1_BRK_TIM15_IRQHandler
 *fill*         0x0000000008002ab2        0x2 
 .text.__libc_init_array
                0x0000000008002ab4       0x48 c:/st/stm32cubeide_1.3.0/stm32cubeide/plugins/com.st.stm32cube.ide.mcu.externaltools.gnu-tools-for-stm32.7-2018-q2-update.win32_1.4.0.202007081208/tools/bin/../lib/gcc/arm-none-eabi/7.3.1/../../../../arm-none-eabi/lib/thumb/v7e-m/fpv4-sp/hard\libc_nano.a(lib_a-init.o)
                0x0000000008002ab4                __libc_init_array
 .text.memcpy   0x0000000008002afc       0x16 c:/st/stm32cubeide_1.3.0/stm32cubeide/plugins/com.st.stm32cube.ide.mcu.externaltools.gnu-tools-for-stm32.7-2018-q2-update.win32_1.4.0.202007081208/tools/bin/../lib/gcc/arm-none-eabi/7.3.1/../../../../arm-none-eabi/lib/thumb/v7e-m/fpv4-sp/hard\libc_nano.a(lib_a-memcpy-stub.o)
                0x0000000008002afc                memcpy
 *(.glue_7)
 .glue_7        0x0000000008002b12        0x0 linker stubs
 *(.glue_7t)
 .glue_7t       0x0000000008002b12        0x0 linker stubs
 *(.eh_frame)
 *fill*         0x0000000008002b12        0x2 
 .eh_frame      0x0000000008002b14        0x0 c:/st/stm32cubeide_1.3.0/stm32cubeide/plugins/com.st.stm32cube.ide.mcu.externaltools.gnu-tools-for-stm32.7-2018-q2-update.win32_1.4.0.202007081208/tools/bin/../lib/gcc/arm-none-eabi/7.3.1/thumb/v7e-m/fpv4-sp/hard/crtbegin.o
 *(.init)
 .init          0x0000000008002b14        0x4 c:/st/stm32cubeide_1.3.0/stm32cubeide/plugins/com.st.stm32cube.ide.mcu.externaltools.gnu-tools-for-stm32.7-2018-q2-update.win32_1.4.0.202007081208/tools/bin/../lib/gcc/arm-none-eabi/7.3.1/thumb/v7e-m/fpv4-sp/hard/crti.o
                0x0000000008002b14                _init
 .init          0x0000000008002b18        0x8 c:/st/stm32cubeide_1.3.0/stm32cubeide/plugins/com.st.stm32cube.ide.mcu.externaltools.gnu-tools-for-stm32.7-2018-q2-update.win32_1.4.0.202007081208/tools/bin/../lib/gcc/arm-none-eabi/7.3.1/thumb/v7e-m/fpv4-sp/hard/crtn.o
 *(.fini)
 .fini          0x0000000008002b20        0x4 c:/st/stm32cubeide_1.3.0/stm32cubeide/plugins/com.st.stm32cube.ide.mcu.externaltools.gnu-tools-for-stm32.7-2018-q2-update.win32_1.4.0.202007081208/tools/bin/../lib/gcc/arm-none-eabi/7.3.1/thumb/v7e-m/fpv4-sp/hard/crti.o
                0x0000000008002b20                _fini
 .fini          0x0000000008002b24        0x8 c:/st/stm32cubeide_1.3.0/stm32cubeide/plugins/com.st.stm32cube.ide.mcu.externaltools.gnu-tools-for-stm32.7-2018-q2-update.win32_1.4.0.202007081208/tools/bin/../lib/gcc/arm-none-eabi/7.3.1/thumb/v7e-m/fpv4-sp/hard/crtn.o
                0x0000000008002b2c                . = ALIGN (0x4)
                0x0000000008002b2c                _etext = .

.vfp11_veneer   0x0000000008002b2c        0x0
 .vfp11_veneer  0x0000000008002b2c        0x0 linker stubs

.v4_bx          0x0000000008002b2c        0x0
 .v4_bx         0x0000000008002b2c        0x0 linker stubs

.iplt           0x0000000008002b2c        0x0
 .iplt          0x0000000008002b2c        0x0 c:/st/stm32cubeide_1.3.0/stm32cubeide/plugins/com.st.stm32cube.ide.mcu.externaltools.gnu-tools-for-stm32.7-2018-q2-update.win32_1.4.0.202007081208/tools/bin/../lib/gcc/arm-none-eabi/7.3.1/thumb/v7e-m/fpv4-sp/hard/crtbegin.o

.rodata         0x0000000008002b2c       0x38
                0x0000000008002b2c                . = ALIGN (0x4)
 *(.rodata)
 .rodata        0x0000000008002b2c       0x25 Code/src/main.o
 *fill*         0x0000000008002b51        0x3 
 .rodata        0x0000000008002b54        0x5 FreeRTOS_Source/portable/GCC/ARM_CM4F/tasks.o
 *fill*         0x0000000008002b59        0x3 
 .rodata        0x0000000008002b5c        0x8 FreeRTOS_Source/portable/GCC/ARM_CM4F/timers.o
 *(.rodata*)
                0x0000000008002b64                . = ALIGN (0x4)

.rel.dyn        0x0000000008002b64        0x0
 .rel.iplt      0x0000000008002b64        0x0 c:/st/stm32cubeide_1.3.0/stm32cubeide/plugins/com.st.stm32cube.ide.mcu.externaltools.gnu-tools-for-stm32.7-2018-q2-update.win32_1.4.0.202007081208/tools/bin/../lib/gcc/arm-none-eabi/7.3.1/thumb/v7e-m/fpv4-sp/hard/crtbegin.o

.ARM.extab      0x0000000008002b64        0x0
                0x0000000008002b64                . = ALIGN (0x4)
 *(.ARM.extab* .gnu.linkonce.armextab.*)
                0x0000000008002b64                . = ALIGN (0x4)

.ARM            0x0000000008002b64        0x0
                0x0000000008002b64                . = ALIGN (0x4)
                0x0000000008002b64                __exidx_start = .
 *(.ARM.exidx*)
                0x0000000008002b64                __exidx_end = .
                0x0000000008002b64                . = ALIGN (0x4)

.preinit_array  0x0000000008002b64        0x0
                0x0000000008002b64                . = ALIGN (0x4)
                0x0000000008002b64                PROVIDE (__preinit_array_start = .)
 *(.preinit_array*)
                0x0000000008002b64                PROVIDE (__preinit_array_end = .)
                0x0000000008002b64                . = ALIGN (0x4)

.init_array     0x0000000008002b64        0x4
                0x0000000008002b64                . = ALIGN (0x4)
                0x0000000008002b64                PROVIDE (__init_array_start = .)
 *(SORT_BY_NAME(.init_array.*))
 *(.init_array*)
 .init_array    0x0000000008002b64        0x4 c:/st/stm32cubeide_1.3.0/stm32cubeide/plugins/com.st.stm32cube.ide.mcu.externaltools.gnu-tools-for-stm32.7-2018-q2-update.win32_1.4.0.202007081208/tools/bin/../lib/gcc/arm-none-eabi/7.3.1/thumb/v7e-m/fpv4-sp/hard/crtbegin.o
                0x0000000008002b68                PROVIDE (__init_array_end = .)
                0x0000000008002b68                . = ALIGN (0x4)

.fini_array     0x0000000008002b68        0x4
                0x0000000008002b68                . = ALIGN (0x4)
                [!provide]                        PROVIDE (__fini_array_start = .)
 *(SORT_BY_NAME(.fini_array.*))
 *(.fini_array*)
 .fini_array    0x0000000008002b68        0x4 c:/st/stm32cubeide_1.3.0/stm32cubeide/plugins/com.st.stm32cube.ide.mcu.externaltools.gnu-tools-for-stm32.7-2018-q2-update.win32_1.4.0.202007081208/tools/bin/../lib/gcc/arm-none-eabi/7.3.1/thumb/v7e-m/fpv4-sp/hard/crtbegin.o
                [!provide]                        PROVIDE (__fini_array_end = .)
                0x0000000008002b6c                . = ALIGN (0x4)
                0x0000000008002b6c                _sidata = LOADADDR (.data)

.data           0x0000000020000000        0x4 load address 0x0000000008002b6c
                0x0000000020000000                . = ALIGN (0x4)
                0x0000000020000000                _sdata = .
 *(.data)
 *(.data*)
 .data.uxCriticalNesting
                0x0000000020000000        0x4 FreeRTOS_Source/portable/GCC/ARM_CM4F/port.o
                0x0000000020000004                . = ALIGN (0x4)
                0x0000000020000004                _edata = .

.igot.plt       0x0000000020000004        0x0 load address 0x0000000008002b70
 .igot.plt      0x0000000020000004        0x0 c:/st/stm32cubeide_1.3.0/stm32cubeide/plugins/com.st.stm32cube.ide.mcu.externaltools.gnu-tools-for-stm32.7-2018-q2-update.win32_1.4.0.202007081208/tools/bin/../lib/gcc/arm-none-eabi/7.3.1/thumb/v7e-m/fpv4-sp/hard/crtbegin.o
                0x0000000020000004                . = ALIGN (0x4)

.bss            0x0000000020000004     0x2d6c load address 0x0000000008002b70
                0x0000000020000004                _sbss = .
                0x0000000020000004                __bss_start__ = _sbss
 *(.bss)
 .bss           0x0000000020000004       0x1c c:/st/stm32cubeide_1.3.0/stm32cubeide/plugins/com.st.stm32cube.ide.mcu.externaltools.gnu-tools-for-stm32.7-2018-q2-update.win32_1.4.0.202007081208/tools/bin/../lib/gcc/arm-none-eabi/7.3.1/thumb/v7e-m/fpv4-sp/hard/crtbegin.o
 *(.bss*)
 .bss.i.7151    0x0000000020000020        0x2 Code/src/main.o
 .bss.ucMaxSysCallPriority
                0x0000000020000022        0x1 FreeRTOS_Source/portable/GCC/ARM_CM4F/port.o
 *fill*         0x0000000020000023        0x1 
 .bss.ulMaxPRIGROUPValue
                0x0000000020000024        0x4 FreeRTOS_Source/portable/GCC/ARM_CM4F/port.o
 .bss.pxCurrentTCB
                0x0000000020000028        0x4 FreeRTOS_Source/portable/GCC/ARM_CM4F/tasks.o
                0x0000000020000028                pxCurrentTCB
 .bss.pxReadyTasksLists
                0x000000002000002c       0x64 FreeRTOS_Source/portable/GCC/ARM_CM4F/tasks.o
 .bss.xDelayedTaskList1
                0x0000000020000090       0x14 FreeRTOS_Source/portable/GCC/ARM_CM4F/tasks.o
 .bss.xDelayedTaskList2
                0x00000000200000a4       0x14 FreeRTOS_Source/portable/GCC/ARM_CM4F/tasks.o
 .bss.pxDelayedTaskList
                0x00000000200000b8        0x4 FreeRTOS_Source/portable/GCC/ARM_CM4F/tasks.o
 .bss.pxOverflowDelayedTaskList
                0x00000000200000bc        0x4 FreeRTOS_Source/portable/GCC/ARM_CM4F/tasks.o
 .bss.xPendingReadyList
                0x00000000200000c0       0x14 FreeRTOS_Source/portable/GCC/ARM_CM4F/tasks.o
 .bss.xTasksWaitingTermination
                0x00000000200000d4       0x14 FreeRTOS_Source/portable/GCC/ARM_CM4F/tasks.o
 .bss.uxDeletedTasksWaitingCleanUp
                0x00000000200000e8        0x4 FreeRTOS_Source/portable/GCC/ARM_CM4F/tasks.o
 .bss.xSuspendedTaskList
                0x00000000200000ec       0x14 FreeRTOS_Source/portable/GCC/ARM_CM4F/tasks.o
 .bss.uxCurrentNumberOfTasks
                0x0000000020000100        0x4 FreeRTOS_Source/portable/GCC/ARM_CM4F/tasks.o
 .bss.xTickCount
                0x0000000020000104        0x4 FreeRTOS_Source/portable/GCC/ARM_CM4F/tasks.o
 .bss.uxTopReadyPriority
                0x0000000020000108        0x4 FreeRTOS_Source/portable/GCC/ARM_CM4F/tasks.o
 .bss.xSchedulerRunning
                0x000000002000010c        0x4 FreeRTOS_Source/portable/GCC/ARM_CM4F/tasks.o
 .bss.xPendedTicks
                0x0000000020000110        0x4 FreeRTOS_Source/portable/GCC/ARM_CM4F/tasks.o
 .bss.xYieldPending
                0x0000000020000114        0x4 FreeRTOS_Source/portable/GCC/ARM_CM4F/tasks.o
 .bss.xNumOfOverflows
                0x0000000020000118        0x4 FreeRTOS_Source/portable/GCC/ARM_CM4F/tasks.o
 .bss.uxTaskNumber
                0x000000002000011c        0x4 FreeRTOS_Source/portable/GCC/ARM_CM4F/tasks.o
 .bss.xNextTaskUnblockTime
                0x0000000020000120        0x4 FreeRTOS_Source/portable/GCC/ARM_CM4F/tasks.o
 .bss.xIdleTaskHandle
                0x0000000020000124        0x4 FreeRTOS_Source/portable/GCC/ARM_CM4F/tasks.o
 .bss.uxSchedulerSuspended
                0x0000000020000128        0x4 FreeRTOS_Source/portable/GCC/ARM_CM4F/tasks.o
 .bss.xActiveTimerList1
                0x000000002000012c       0x14 FreeRTOS_Source/portable/GCC/ARM_CM4F/timers.o
 .bss.xActiveTimerList2
                0x0000000020000140       0x14 FreeRTOS_Source/portable/GCC/ARM_CM4F/timers.o
 .bss.pxCurrentTimerList
                0x0000000020000154        0x4 FreeRTOS_Source/portable/GCC/ARM_CM4F/timers.o
 .bss.pxOverflowTimerList
                0x0000000020000158        0x4 FreeRTOS_Source/portable/GCC/ARM_CM4F/timers.o
 .bss.xTimerQueue
                0x000000002000015c        0x4 FreeRTOS_Source/portable/GCC/ARM_CM4F/timers.o
 .bss.xTimerTaskHandle
                0x0000000020000160        0x4 FreeRTOS_Source/portable/GCC/ARM_CM4F/timers.o
 .bss.xLastTime.6705
                0x0000000020000164        0x4 FreeRTOS_Source/portable/GCC/ARM_CM4F/timers.o
 .bss.ucHeap    0x0000000020000168     0x2c00 FreeRTOS_Source/portable/MemMang/heap_1.o
 .bss.xNextFreeByte
                0x0000000020002d68        0x4 FreeRTOS_Source/portable/MemMang/heap_1.o
 .bss.pucAlignedHeap.6395
                0x0000000020002d6c        0x4 FreeRTOS_Source/portable/MemMang/heap_1.o
 *(COMMON)
                0x0000000020002d70                . = ALIGN (0x4)
                0x0000000020002d70                _ebss = .
                0x0000000020002d70                __bss_end__ = _ebss

._user_heap_stack
                0x0000000020002d70      0x600 load address 0x0000000008002b70
                0x0000000020002d70                . = ALIGN (0x8)
                [!provide]                        PROVIDE (end = .)
                [!provide]                        PROVIDE (_end = .)
                0x0000000020002f70                . = (. + _Min_Heap_Size)
 *fill*         0x0000000020002d70      0x200 
                0x0000000020003370                . = (. + _Min_Stack_Size)
 *fill*         0x0000000020002f70      0x400 
                0x0000000020003370                . = ALIGN (0x8)

/DISCARD/
 libc.a(*)
 libm.a(*)
 libgcc.a(*)

.ARM.attributes
                0x0000000000000000       0x30
 *(.ARM.attributes)
 .ARM.attributes
                0x0000000000000000       0x22 c:/st/stm32cubeide_1.3.0/stm32cubeide/plugins/com.st.stm32cube.ide.mcu.externaltools.gnu-tools-for-stm32.7-2018-q2-update.win32_1.4.0.202007081208/tools/bin/../lib/gcc/arm-none-eabi/7.3.1/thumb/v7e-m/fpv4-sp/hard/crti.o
 .ARM.attributes
                0x0000000000000022       0x34 c:/st/stm32cubeide_1.3.0/stm32cubeide/plugins/com.st.stm32cube.ide.mcu.externaltools.gnu-tools-for-stm32.7-2018-q2-update.win32_1.4.0.202007081208/tools/bin/../lib/gcc/arm-none-eabi/7.3.1/thumb/v7e-m/fpv4-sp/hard/crtbegin.o
 .ARM.attributes
                0x0000000000000056       0x39 CMSIS/src/system_stm32f3xx.o
 .ARM.attributes
                0x000000000000008f       0x39 Code/src/libPWM.o
 .ARM.attributes
                0x00000000000000c8       0x39 Code/src/libUART.o
 .ARM.attributes
                0x0000000000000101       0x39 Code/src/main.o
 .ARM.attributes
                0x000000000000013a       0x39 Code/src/sysinit.o
 .ARM.attributes
                0x0000000000000173       0x39 FreeRTOS_Source/portable/GCC/ARM_CM4F/list.o
 .ARM.attributes
                0x00000000000001ac       0x39 FreeRTOS_Source/portable/GCC/ARM_CM4F/port.o
 .ARM.attributes
                0x00000000000001e5       0x39 FreeRTOS_Source/portable/GCC/ARM_CM4F/queue.o
 .ARM.attributes
                0x000000000000021e       0x39 FreeRTOS_Source/portable/GCC/ARM_CM4F/tasks.o
 .ARM.attributes
                0x0000000000000257       0x39 FreeRTOS_Source/portable/GCC/ARM_CM4F/timers.o
 .ARM.attributes
                0x0000000000000290       0x39 FreeRTOS_Source/portable/MemMang/heap_1.o
 .ARM.attributes
                0x00000000000002c9       0x21 Startup/startup_stm32f302x8.o
 .ARM.attributes
                0x00000000000002ea       0x34 c:/st/stm32cubeide_1.3.0/stm32cubeide/plugins/com.st.stm32cube.ide.mcu.externaltools.gnu-tools-for-stm32.7-2018-q2-update.win32_1.4.0.202007081208/tools/bin/../lib/gcc/arm-none-eabi/7.3.1/../../../../arm-none-eabi/lib/thumb/v7e-m/fpv4-sp/hard\libc_nano.a(lib_a-init.o)
 .ARM.attributes
                0x000000000000031e       0x34 c:/st/stm32cubeide_1.3.0/stm32cubeide/plugins/com.st.stm32cube.ide.mcu.externaltools.gnu-tools-for-stm32.7-2018-q2-update.win32_1.4.0.202007081208/tools/bin/../lib/gcc/arm-none-eabi/7.3.1/../../../../arm-none-eabi/lib/thumb/v7e-m/fpv4-sp/hard\libc_nano.a(lib_a-memcpy-stub.o)
 .ARM.attributes
                0x0000000000000352       0x22 c:/st/stm32cubeide_1.3.0/stm32cubeide/plugins/com.st.stm32cube.ide.mcu.externaltools.gnu-tools-for-stm32.7-2018-q2-update.win32_1.4.0.202007081208/tools/bin/../lib/gcc/arm-none-eabi/7.3.1/thumb/v7e-m/fpv4-sp/hard/crtn.o
OUTPUT(testProj8.elf elf32-littlearm)

.debug_info     0x0000000000000000     0x8460
 .debug_info    0x0000000000000000      0x400 CMSIS/src/system_stm32f3xx.o
 .debug_info    0x0000000000000400      0x3e0 Code/src/libPWM.o
 .debug_info    0x00000000000007e0      0x6b8 Code/src/libUART.o
 .debug_info    0x0000000000000e98      0x485 Code/src/main.o
 .debug_info    0x000000000000131d      0x33e Code/src/sysinit.o
 .debug_info    0x000000000000165b      0xac0 FreeRTOS_Source/portable/GCC/ARM_CM4F/list.o
 .debug_info    0x000000000000211b      0x528 FreeRTOS_Source/portable/GCC/ARM_CM4F/port.o
 .debug_info    0x0000000000002643     0x1bfa FreeRTOS_Source/portable/GCC/ARM_CM4F/queue.o
 .debug_info    0x000000000000423d     0x23e4 FreeRTOS_Source/portable/GCC/ARM_CM4F/tasks.o
 .debug_info    0x0000000000006621     0x1453 FreeRTOS_Source/portable/GCC/ARM_CM4F/timers.o
 .debug_info    0x0000000000007a74      0x9ca FreeRTOS_Source/portable/MemMang/heap_1.o
 .debug_info    0x000000000000843e       0x22 Startup/startup_stm32f302x8.o

.debug_abbrev   0x0000000000000000     0x145f
 .debug_abbrev  0x0000000000000000      0x111 CMSIS/src/system_stm32f3xx.o
 .debug_abbrev  0x0000000000000111       0xcc Code/src/libPWM.o
 .debug_abbrev  0x00000000000001dd      0x1b2 Code/src/libUART.o
 .debug_abbrev  0x000000000000038f      0x125 Code/src/main.o
 .debug_abbrev  0x00000000000004b4       0xcc Code/src/sysinit.o
 .debug_abbrev  0x0000000000000580      0x1cf FreeRTOS_Source/portable/GCC/ARM_CM4F/list.o
 .debug_abbrev  0x000000000000074f      0x1ff FreeRTOS_Source/portable/GCC/ARM_CM4F/port.o
 .debug_abbrev  0x000000000000094e      0x2e2 FreeRTOS_Source/portable/GCC/ARM_CM4F/queue.o
 .debug_abbrev  0x0000000000000c30      0x338 FreeRTOS_Source/portable/GCC/ARM_CM4F/tasks.o
 .debug_abbrev  0x0000000000000f68      0x2ae FreeRTOS_Source/portable/GCC/ARM_CM4F/timers.o
 .debug_abbrev  0x0000000000001216      0x237 FreeRTOS_Source/portable/MemMang/heap_1.o
 .debug_abbrev  0x000000000000144d       0x12 Startup/startup_stm32f302x8.o

.debug_aranges  0x0000000000000000      0x580
 .debug_aranges
                0x0000000000000000       0x28 CMSIS/src/system_stm32f3xx.o
 .debug_aranges
                0x0000000000000028       0x20 Code/src/libPWM.o
 .debug_aranges
                0x0000000000000048       0x40 Code/src/libUART.o
 .debug_aranges
                0x0000000000000088       0x38 Code/src/main.o
 .debug_aranges
                0x00000000000000c0       0x30 Code/src/sysinit.o
 .debug_aranges
                0x00000000000000f0       0x40 FreeRTOS_Source/portable/GCC/ARM_CM4F/list.o
 .debug_aranges
                0x0000000000000130       0x80 FreeRTOS_Source/portable/GCC/ARM_CM4F/port.o
 .debug_aranges
                0x00000000000001b0       0xe8 FreeRTOS_Source/portable/GCC/ARM_CM4F/queue.o
 .debug_aranges
                0x0000000000000298      0x1c0 FreeRTOS_Source/portable/GCC/ARM_CM4F/tasks.o
 .debug_aranges
                0x0000000000000458       0xc8 FreeRTOS_Source/portable/GCC/ARM_CM4F/timers.o
 .debug_aranges
                0x0000000000000520       0x38 FreeRTOS_Source/portable/MemMang/heap_1.o
 .debug_aranges
                0x0000000000000558       0x28 Startup/startup_stm32f302x8.o

.debug_ranges   0x0000000000000000      0x4c8
 .debug_ranges  0x0000000000000000       0x18 CMSIS/src/system_stm32f3xx.o
 .debug_ranges  0x0000000000000018       0x10 Code/src/libPWM.o
 .debug_ranges  0x0000000000000028       0x30 Code/src/libUART.o
 .debug_ranges  0x0000000000000058       0x28 Code/src/main.o
 .debug_ranges  0x0000000000000080       0x20 Code/src/sysinit.o
 .debug_ranges  0x00000000000000a0       0x30 FreeRTOS_Source/portable/GCC/ARM_CM4F/list.o
 .debug_ranges  0x00000000000000d0       0x70 FreeRTOS_Source/portable/GCC/ARM_CM4F/port.o
 .debug_ranges  0x0000000000000140       0xd8 FreeRTOS_Source/portable/GCC/ARM_CM4F/queue.o
 .debug_ranges  0x0000000000000218      0x1b0 FreeRTOS_Source/portable/GCC/ARM_CM4F/tasks.o
 .debug_ranges  0x00000000000003c8       0xb8 FreeRTOS_Source/portable/GCC/ARM_CM4F/timers.o
 .debug_ranges  0x0000000000000480       0x28 FreeRTOS_Source/portable/MemMang/heap_1.o
 .debug_ranges  0x00000000000004a8       0x20 Startup/startup_stm32f302x8.o

.debug_macro    0x0000000000000000    0x14c8f
 .debug_macro   0x0000000000000000       0xcf CMSIS/src/system_stm32f3xx.o
 .debug_macro   0x00000000000000cf      0xa60 CMSIS/src/system_stm32f3xx.o
 .debug_macro   0x0000000000000b2f       0x2e CMSIS/src/system_stm32f3xx.o
 .debug_macro   0x0000000000000b5d       0x28 CMSIS/src/system_stm32f3xx.o
 .debug_macro   0x0000000000000b85       0x22 CMSIS/src/system_stm32f3xx.o
 .debug_macro   0x0000000000000ba7       0x8e CMSIS/src/system_stm32f3xx.o
 .debug_macro   0x0000000000000c35       0x51 CMSIS/src/system_stm32f3xx.o
 .debug_macro   0x0000000000000c86       0xef CMSIS/src/system_stm32f3xx.o
 .debug_macro   0x0000000000000d75       0x6a CMSIS/src/system_stm32f3xx.o
 .debug_macro   0x0000000000000ddf      0x1df CMSIS/src/system_stm32f3xx.o
 .debug_macro   0x0000000000000fbe       0x1c CMSIS/src/system_stm32f3xx.o
 .debug_macro   0x0000000000000fda       0x22 CMSIS/src/system_stm32f3xx.o
 .debug_macro   0x0000000000000ffc       0xdf CMSIS/src/system_stm32f3xx.o
 .debug_macro   0x00000000000010db      0xf07 CMSIS/src/system_stm32f3xx.o
 .debug_macro   0x0000000000001fe2    0x110e1 CMSIS/src/system_stm32f3xx.o
 .debug_macro   0x00000000000130c3       0x43 CMSIS/src/system_stm32f3xx.o
 .debug_macro   0x0000000000013106       0xc1 Code/src/libPWM.o
 .debug_macro   0x00000000000131c7       0xc1 Code/src/libUART.o
 .debug_macro   0x0000000000013288      0x152 Code/src/main.o
 .debug_macro   0x00000000000133da      0x174 Code/src/main.o
 .debug_macro   0x000000000001354e      0x106 Code/src/main.o
 .debug_macro   0x0000000000013654      0x15a Code/src/main.o
 .debug_macro   0x00000000000137ae       0xe4 Code/src/main.o
 .debug_macro   0x0000000000013892       0x1c Code/src/main.o
 .debug_macro   0x00000000000138ae       0x26 Code/src/main.o
 .debug_macro   0x00000000000138d4      0x504 Code/src/main.o
 .debug_macro   0x0000000000013dd8       0xb5 Code/src/main.o
 .debug_macro   0x0000000000013e8d       0xaa Code/src/main.o
 .debug_macro   0x0000000000013f37       0x80 Code/src/main.o
 .debug_macro   0x0000000000013fb7       0x16 Code/src/main.o
 .debug_macro   0x0000000000013fcd       0xc1 Code/src/sysinit.o
 .debug_macro   0x000000000001408e      0x17a FreeRTOS_Source/portable/GCC/ARM_CM4F/list.o
 .debug_macro   0x0000000000014208      0x196 FreeRTOS_Source/portable/GCC/ARM_CM4F/port.o
 .debug_macro   0x000000000001439e      0x209 FreeRTOS_Source/portable/GCC/ARM_CM4F/queue.o
 .debug_macro   0x00000000000145a7       0x16 FreeRTOS_Source/portable/GCC/ARM_CM4F/queue.o
 .debug_macro   0x00000000000145bd       0x35 FreeRTOS_Source/portable/GCC/ARM_CM4F/queue.o
 .debug_macro   0x00000000000145f2       0x20 FreeRTOS_Source/portable/GCC/ARM_CM4F/queue.o
 .debug_macro   0x0000000000014612      0x26c FreeRTOS_Source/portable/GCC/ARM_CM4F/tasks.o
 .debug_macro   0x000000000001487e       0x10 FreeRTOS_Source/portable/GCC/ARM_CM4F/tasks.o
 .debug_macro   0x000000000001488e      0x1cf FreeRTOS_Source/portable/GCC/ARM_CM4F/timers.o
 .debug_macro   0x0000000000014a5d       0x97 FreeRTOS_Source/portable/GCC/ARM_CM4F/timers.o
 .debug_macro   0x0000000000014af4      0x19b FreeRTOS_Source/portable/MemMang/heap_1.o

.debug_line     0x0000000000000000     0x5533
 .debug_line    0x0000000000000000      0x46b CMSIS/src/system_stm32f3xx.o
 .debug_line    0x000000000000046b      0x484 Code/src/libPWM.o
 .debug_line    0x00000000000008ef      0x4eb Code/src/libUART.o
 .debug_line    0x0000000000000dda      0x5df Code/src/main.o
 .debug_line    0x00000000000013b9      0x4cb Code/src/sysinit.o
 .debug_line    0x0000000000001884      0x62e FreeRTOS_Source/portable/GCC/ARM_CM4F/list.o
 .debug_line    0x0000000000001eb2      0x690 FreeRTOS_Source/portable/GCC/ARM_CM4F/port.o
 .debug_line    0x0000000000002542      0xe35 FreeRTOS_Source/portable/GCC/ARM_CM4F/queue.o
 .debug_line    0x0000000000003377     0x1175 FreeRTOS_Source/portable/GCC/ARM_CM4F/tasks.o
 .debug_line    0x00000000000044ec      0x9a6 FreeRTOS_Source/portable/GCC/ARM_CM4F/timers.o
 .debug_line    0x0000000000004e92      0x623 FreeRTOS_Source/portable/MemMang/heap_1.o
 .debug_line    0x00000000000054b5       0x7e Startup/startup_stm32f302x8.o

.debug_str      0x0000000000000000    0x710b2
 .debug_str     0x0000000000000000    0x6628b CMSIS/src/system_stm32f3xx.o
                                      0x6640a (size before relaxing)
 .debug_str     0x000000000006628b       0xa4 Code/src/libPWM.o
                                      0x663a0 (size before relaxing)
 .debug_str     0x000000000006632f      0x34a Code/src/libUART.o
                                      0x66785 (size before relaxing)
 .debug_str     0x0000000000066679     0x48ff Code/src/main.o
                                      0x6acea (size before relaxing)
 .debug_str     0x000000000006af78       0x52 Code/src/sysinit.o
                                      0x66385 (size before relaxing)
 .debug_str     0x000000000006afca     0x3116 FreeRTOS_Source/portable/GCC/ARM_CM4F/list.o
                                       0xa8d1 (size before relaxing)
 .debug_str     0x000000000006e0e0      0x84f FreeRTOS_Source/portable/GCC/ARM_CM4F/port.o
                                       0x8684 (size before relaxing)
 .debug_str     0x000000000006e92f      0x812 FreeRTOS_Source/portable/GCC/ARM_CM4F/queue.o
                                       0xbe87 (size before relaxing)
 .debug_str     0x000000000006f141     0x1965 FreeRTOS_Source/portable/GCC/ARM_CM4F/tasks.o
                                       0xca7f (size before relaxing)
 .debug_str     0x0000000000070aa6      0x4f6 FreeRTOS_Source/portable/GCC/ARM_CM4F/timers.o
                                       0xc3b9 (size before relaxing)
 .debug_str     0x0000000000070f9c       0xe7 FreeRTOS_Source/portable/MemMang/heap_1.o
                                       0xaf51 (size before relaxing)
 .debug_str     0x0000000000071083       0x2f Startup/startup_stm32f302x8.o
                                         0x61 (size before relaxing)

.comment        0x0000000000000000       0x7b
 .comment       0x0000000000000000       0x7b CMSIS/src/system_stm32f3xx.o
                                         0x7c (size before relaxing)
 .comment       0x000000000000007b       0x7c Code/src/libPWM.o
 .comment       0x000000000000007b       0x7c Code/src/libUART.o
 .comment       0x000000000000007b       0x7c Code/src/main.o
 .comment       0x000000000000007b       0x7c Code/src/sysinit.o
 .comment       0x000000000000007b       0x7c FreeRTOS_Source/portable/GCC/ARM_CM4F/list.o
 .comment       0x000000000000007b       0x7c FreeRTOS_Source/portable/GCC/ARM_CM4F/port.o
 .comment       0x000000000000007b       0x7c FreeRTOS_Source/portable/GCC/ARM_CM4F/queue.o
 .comment       0x000000000000007b       0x7c FreeRTOS_Source/portable/GCC/ARM_CM4F/tasks.o
 .comment       0x000000000000007b       0x7c FreeRTOS_Source/portable/GCC/ARM_CM4F/timers.o
 .comment       0x000000000000007b       0x7c FreeRTOS_Source/portable/MemMang/heap_1.o

.debug_frame    0x0000000000000000     0x1458
 .debug_frame   0x0000000000000000       0x58 CMSIS/src/system_stm32f3xx.o
 .debug_frame   0x0000000000000058       0x30 Code/src/libPWM.o
 .debug_frame   0x0000000000000088       0xc8 Code/src/libUART.o
 .debug_frame   0x0000000000000150       0x8c Code/src/main.o
 .debug_frame   0x00000000000001dc       0x70 Code/src/sysinit.o
 .debug_frame   0x000000000000024c       0xd8 FreeRTOS_Source/portable/GCC/ARM_CM4F/list.o
 .debug_frame   0x0000000000000324      0x1a8 FreeRTOS_Source/portable/GCC/ARM_CM4F/port.o
 .debug_frame   0x00000000000004cc      0x3cc FreeRTOS_Source/portable/GCC/ARM_CM4F/queue.o
 .debug_frame   0x0000000000000898      0x794 FreeRTOS_Source/portable/GCC/ARM_CM4F/tasks.o
 .debug_frame   0x000000000000102c      0x33c FreeRTOS_Source/portable/GCC/ARM_CM4F/timers.o
 .debug_frame   0x0000000000001368       0x9c FreeRTOS_Source/portable/MemMang/heap_1.o
 .debug_frame   0x0000000000001404       0x2c c:/st/stm32cubeide_1.3.0/stm32cubeide/plugins/com.st.stm32cube.ide.mcu.externaltools.gnu-tools-for-stm32.7-2018-q2-update.win32_1.4.0.202007081208/tools/bin/../lib/gcc/arm-none-eabi/7.3.1/../../../../arm-none-eabi/lib/thumb/v7e-m/fpv4-sp/hard\libc_nano.a(lib_a-init.o)
 .debug_frame   0x0000000000001430       0x28 c:/st/stm32cubeide_1.3.0/stm32cubeide/plugins/com.st.stm32cube.ide.mcu.externaltools.gnu-tools-for-stm32.7-2018-q2-update.win32_1.4.0.202007081208/tools/bin/../lib/gcc/arm-none-eabi/7.3.1/../../../../arm-none-eabi/lib/thumb/v7e-m/fpv4-sp/hard\libc_nano.a(lib_a-memcpy-stub.o)
