15:33:09 **** Build of configuration Debug for project FMAC_Demo ****
make -j8 all 
arm-none-eabi-gcc "../SW_Fucntions/src/conversions.c" -mcpu=cortex-m4 -std=gnu11 -g3 -DSTM32 -DSTM32G473CETx -DSTM32G4 -DDEBUG -c -I"C:/Users/Admin/Desktop/GaNFET-ESC/FMAC_Demo/CMSIS/inc" -I"C:/Users/Admin/Desktop/GaNFET-ESC/FMAC_Demo" -I"C:/Users/Admin/Desktop/GaNFET-ESC/FMAC_Demo/Main/inc" -I"C:/Users/Admin/Desktop/GaNFET-ESC/FMAC_Demo/Peripheral/inc" -I"C:/Users/Admin/Desktop/GaNFET-ESC/FMAC_Demo/Main/Startup" -I"C:/Users/Admin/Desktop/GaNFET-ESC/FMAC_Demo/SW_Fucntions/inc" -I"C:/Users/Admin/Desktop/GaNFET-ESC/FMAC_Demo/FreeRTOS_Source/include" -O0 -ffunction-sections -fdata-sections -Wall -fstack-usage -MMD -MP -MF"SW_Fucntions/src/conversions.d" -MT"SW_Fucntions/src/conversions.o" --specs=nano.specs -mfpu=fpv4-sp-d16 -mfloat-abi=hard -mthumb -o "SW_Fucntions/src/conversions.o"
arm-none-eabi-gcc "../Peripheral/src/CORDIC.c" -mcpu=cortex-m4 -std=gnu11 -g3 -DSTM32 -DSTM32G473CETx -DSTM32G4 -DDEBUG -c -I"C:/Users/Admin/Desktop/GaNFET-ESC/FMAC_Demo/CMSIS/inc" -I"C:/Users/Admin/Desktop/GaNFET-ESC/FMAC_Demo" -I"C:/Users/Admin/Desktop/GaNFET-ESC/FMAC_Demo/Main/inc" -I"C:/Users/Admin/Desktop/GaNFET-ESC/FMAC_Demo/Peripheral/inc" -I"C:/Users/Admin/Desktop/GaNFET-ESC/FMAC_Demo/Main/Startup" -I"C:/Users/Admin/Desktop/GaNFET-ESC/FMAC_Demo/SW_Fucntions/inc" -I"C:/Users/Admin/Desktop/GaNFET-ESC/FMAC_Demo/FreeRTOS_Source/include" -O0 -ffunction-sections -fdata-sections -Wall -fstack-usage -MMD -MP -MF"Peripheral/src/CORDIC.d" -MT"Peripheral/src/CORDIC.o" --specs=nano.specs -mfpu=fpv4-sp-d16 -mfloat-abi=hard -mthumb -o "Peripheral/src/CORDIC.o"
arm-none-eabi-gcc "../Peripheral/src/DAC.c" -mcpu=cortex-m4 -std=gnu11 -g3 -DSTM32 -DSTM32G473CETx -DSTM32G4 -DDEBUG -c -I"C:/Users/Admin/Desktop/GaNFET-ESC/FMAC_Demo/CMSIS/inc" -I"C:/Users/Admin/Desktop/GaNFET-ESC/FMAC_Demo" -I"C:/Users/Admin/Desktop/GaNFET-ESC/FMAC_Demo/Main/inc" -I"C:/Users/Admin/Desktop/GaNFET-ESC/FMAC_Demo/Peripheral/inc" -I"C:/Users/Admin/Desktop/GaNFET-ESC/FMAC_Demo/Main/Startup" -I"C:/Users/Admin/Desktop/GaNFET-ESC/FMAC_Demo/SW_Fucntions/inc" -I"C:/Users/Admin/Desktop/GaNFET-ESC/FMAC_Demo/FreeRTOS_Source/include" -O0 -ffunction-sections -fdata-sections -Wall -fstack-usage -MMD -MP -MF"Peripheral/src/DAC.d" -MT"Peripheral/src/DAC.o" --specs=nano.specs -mfpu=fpv4-sp-d16 -mfloat-abi=hard -mthumb -o "Peripheral/src/DAC.o"
arm-none-eabi-gcc "../Peripheral/src/LED.c" -mcpu=cortex-m4 -std=gnu11 -g3 -DSTM32 -DSTM32G473CETx -DSTM32G4 -DDEBUG -c -I"C:/Users/Admin/Desktop/GaNFET-ESC/FMAC_Demo/CMSIS/inc" -I"C:/Users/Admin/Desktop/GaNFET-ESC/FMAC_Demo" -I"C:/Users/Admin/Desktop/GaNFET-ESC/FMAC_Demo/Main/inc" -I"C:/Users/Admin/Desktop/GaNFET-ESC/FMAC_Demo/Peripheral/inc" -I"C:/Users/Admin/Desktop/GaNFET-ESC/FMAC_Demo/Main/Startup" -I"C:/Users/Admin/Desktop/GaNFET-ESC/FMAC_Demo/SW_Fucntions/inc" -I"C:/Users/Admin/Desktop/GaNFET-ESC/FMAC_Demo/FreeRTOS_Source/include" -O0 -ffunction-sections -fdata-sections -Wall -fstack-usage -MMD -MP -MF"Peripheral/src/LED.d" -MT"Peripheral/src/LED.o" --specs=nano.specs -mfpu=fpv4-sp-d16 -mfloat-abi=hard -mthumb -o "Peripheral/src/LED.o"
arm-none-eabi-gcc "../Peripheral/src/UART.c" -mcpu=cortex-m4 -std=gnu11 -g3 -DSTM32 -DSTM32G473CETx -DSTM32G4 -DDEBUG -c -I"C:/Users/Admin/Desktop/GaNFET-ESC/FMAC_Demo/CMSIS/inc" -I"C:/Users/Admin/Desktop/GaNFET-ESC/FMAC_Demo" -I"C:/Users/Admin/Desktop/GaNFET-ESC/FMAC_Demo/Main/inc" -I"C:/Users/Admin/Desktop/GaNFET-ESC/FMAC_Demo/Peripheral/inc" -I"C:/Users/Admin/Desktop/GaNFET-ESC/FMAC_Demo/Main/Startup" -I"C:/Users/Admin/Desktop/GaNFET-ESC/FMAC_Demo/SW_Fucntions/inc" -I"C:/Users/Admin/Desktop/GaNFET-ESC/FMAC_Demo/FreeRTOS_Source/include" -O0 -ffunction-sections -fdata-sections -Wall -fstack-usage -MMD -MP -MF"Peripheral/src/UART.d" -MT"Peripheral/src/UART.o" --specs=nano.specs -mfpu=fpv4-sp-d16 -mfloat-abi=hard -mthumb -o "Peripheral/src/UART.o"
arm-none-eabi-gcc "../Peripheral/src/dma.c" -mcpu=cortex-m4 -std=gnu11 -g3 -DSTM32 -DSTM32G473CETx -DSTM32G4 -DDEBUG -c -I"C:/Users/Admin/Desktop/GaNFET-ESC/FMAC_Demo/CMSIS/inc" -I"C:/Users/Admin/Desktop/GaNFET-ESC/FMAC_Demo" -I"C:/Users/Admin/Desktop/GaNFET-ESC/FMAC_Demo/Main/inc" -I"C:/Users/Admin/Desktop/GaNFET-ESC/FMAC_Demo/Peripheral/inc" -I"C:/Users/Admin/Desktop/GaNFET-ESC/FMAC_Demo/Main/Startup" -I"C:/Users/Admin/Desktop/GaNFET-ESC/FMAC_Demo/SW_Fucntions/inc" -I"C:/Users/Admin/Desktop/GaNFET-ESC/FMAC_Demo/FreeRTOS_Source/include" -O0 -ffunction-sections -fdata-sections -Wall -fstack-usage -MMD -MP -MF"Peripheral/src/dma.d" -MT"Peripheral/src/dma.o" --specs=nano.specs -mfpu=fpv4-sp-d16 -mfloat-abi=hard -mthumb -o "Peripheral/src/dma.o"
arm-none-eabi-gcc "../Peripheral/src/fmac.c" -mcpu=cortex-m4 -std=gnu11 -g3 -DSTM32 -DSTM32G473CETx -DSTM32G4 -DDEBUG -c -I"C:/Users/Admin/Desktop/GaNFET-ESC/FMAC_Demo/CMSIS/inc" -I"C:/Users/Admin/Desktop/GaNFET-ESC/FMAC_Demo" -I"C:/Users/Admin/Desktop/GaNFET-ESC/FMAC_Demo/Main/inc" -I"C:/Users/Admin/Desktop/GaNFET-ESC/FMAC_Demo/Peripheral/inc" -I"C:/Users/Admin/Desktop/GaNFET-ESC/FMAC_Demo/Main/Startup" -I"C:/Users/Admin/Desktop/GaNFET-ESC/FMAC_Demo/SW_Fucntions/inc" -I"C:/Users/Admin/Desktop/GaNFET-ESC/FMAC_Demo/FreeRTOS_Source/include" -O0 -ffunction-sections -fdata-sections -Wall -fstack-usage -MMD -MP -MF"Peripheral/src/fmac.d" -MT"Peripheral/src/fmac.o" --specs=nano.specs -mfpu=fpv4-sp-d16 -mfloat-abi=hard -mthumb -o "Peripheral/src/fmac.o"
arm-none-eabi-gcc "../Peripheral/src/init_timers.c" -mcpu=cortex-m4 -std=gnu11 -g3 -DSTM32 -DSTM32G473CETx -DSTM32G4 -DDEBUG -c -I"C:/Users/Admin/Desktop/GaNFET-ESC/FMAC_Demo/CMSIS/inc" -I"C:/Users/Admin/Desktop/GaNFET-ESC/FMAC_Demo" -I"C:/Users/Admin/Desktop/GaNFET-ESC/FMAC_Demo/Main/inc" -I"C:/Users/Admin/Desktop/GaNFET-ESC/FMAC_Demo/Peripheral/inc" -I"C:/Users/Admin/Desktop/GaNFET-ESC/FMAC_Demo/Main/Startup" -I"C:/Users/Admin/Desktop/GaNFET-ESC/FMAC_Demo/SW_Fucntions/inc" -I"C:/Users/Admin/Desktop/GaNFET-ESC/FMAC_Demo/FreeRTOS_Source/include" -O0 -ffunction-sections -fdata-sections -Wall -fstack-usage -MMD -MP -MF"Peripheral/src/init_timers.d" -MT"Peripheral/src/init_timers.o" --specs=nano.specs -mfpu=fpv4-sp-d16 -mfloat-abi=hard -mthumb -o "Peripheral/src/init_timers.o"
../Peripheral/src/UART.c: In function 'WriteStrDMAusart1':
../Peripheral/src/UART.c:109:28: warning: implicit declaration of function 'strlen' [-Wimplicit-function-declaration]
  109 |  DMA1_Channel7  -> CNDTR = strlen(str);
      |                            ^~~~~~
../Peripheral/src/UART.c:109:28: warning: incompatible implicit declaration of built-in function 'strlen'
../Peripheral/src/UART.c:4:1: note: include '<string.h>' or provide a declaration of 'strlen'
    3 | #include "UART.h"
  +++ |+#include <string.h>
    4 | 
arm-none-eabi-gcc "../Peripheral/src/vrefbuf.c" -mcpu=cortex-m4 -std=gnu11 -g3 -DSTM32 -DSTM32G473CETx -DSTM32G4 -DDEBUG -c -I"C:/Users/Admin/Desktop/GaNFET-ESC/FMAC_Demo/CMSIS/inc" -I"C:/Users/Admin/Desktop/GaNFET-ESC/FMAC_Demo" -I"C:/Users/Admin/Desktop/GaNFET-ESC/FMAC_Demo/Main/inc" -I"C:/Users/Admin/Desktop/GaNFET-ESC/FMAC_Demo/Peripheral/inc" -I"C:/Users/Admin/Desktop/GaNFET-ESC/FMAC_Demo/Main/Startup" -I"C:/Users/Admin/Desktop/GaNFET-ESC/FMAC_Demo/SW_Fucntions/inc" -I"C:/Users/Admin/Desktop/GaNFET-ESC/FMAC_Demo/FreeRTOS_Source/include" -O0 -ffunction-sections -fdata-sections -Wall -fstack-usage -MMD -MP -MF"Peripheral/src/vrefbuf.d" -MT"Peripheral/src/vrefbuf.o" --specs=nano.specs -mfpu=fpv4-sp-d16 -mfloat-abi=hard -mthumb -o "Peripheral/src/vrefbuf.o"
../Peripheral/src/LED.c: In function 'BlinkLED':
../Peripheral/src/LED.c:114:2: warning: implicit declaration of function 'vTaskDelay' [-Wimplicit-function-declaration]
  114 |  vTaskDelay(period_ms);
      |  ^~~~~~~~~~
arm-none-eabi-gcc "../Main/scr/main.c" -mcpu=cortex-m4 -std=gnu11 -g3 -DSTM32 -DSTM32G473CETx -DSTM32G4 -DDEBUG -c -I"C:/Users/Admin/Desktop/GaNFET-ESC/FMAC_Demo/CMSIS/inc" -I"C:/Users/Admin/Desktop/GaNFET-ESC/FMAC_Demo" -I"C:/Users/Admin/Desktop/GaNFET-ESC/FMAC_Demo/Main/inc" -I"C:/Users/Admin/Desktop/GaNFET-ESC/FMAC_Demo/Peripheral/inc" -I"C:/Users/Admin/Desktop/GaNFET-ESC/FMAC_Demo/Main/Startup" -I"C:/Users/Admin/Desktop/GaNFET-ESC/FMAC_Demo/SW_Fucntions/inc" -I"C:/Users/Admin/Desktop/GaNFET-ESC/FMAC_Demo/FreeRTOS_Source/include" -O0 -ffunction-sections -fdata-sections -Wall -fstack-usage -MMD -MP -MF"Main/scr/main.d" -MT"Main/scr/main.o" --specs=nano.specs -mfpu=fpv4-sp-d16 -mfloat-abi=hard -mthumb -o "Main/scr/main.o"
arm-none-eabi-gcc "../Main/scr/syscalls.c" -mcpu=cortex-m4 -std=gnu11 -g3 -DSTM32 -DSTM32G473CETx -DSTM32G4 -DDEBUG -c -I"C:/Users/Admin/Desktop/GaNFET-ESC/FMAC_Demo/CMSIS/inc" -I"C:/Users/Admin/Desktop/GaNFET-ESC/FMAC_Demo" -I"C:/Users/Admin/Desktop/GaNFET-ESC/FMAC_Demo/Main/inc" -I"C:/Users/Admin/Desktop/GaNFET-ESC/FMAC_Demo/Peripheral/inc" -I"C:/Users/Admin/Desktop/GaNFET-ESC/FMAC_Demo/Main/Startup" -I"C:/Users/Admin/Desktop/GaNFET-ESC/FMAC_Demo/SW_Fucntions/inc" -I"C:/Users/Admin/Desktop/GaNFET-ESC/FMAC_Demo/FreeRTOS_Source/include" -O0 -ffunction-sections -fdata-sections -Wall -fstack-usage -MMD -MP -MF"Main/scr/syscalls.d" -MT"Main/scr/syscalls.o" --specs=nano.specs -mfpu=fpv4-sp-d16 -mfloat-abi=hard -mthumb -o "Main/scr/syscalls.o"
arm-none-eabi-gcc "../Main/scr/sysinit.c" -mcpu=cortex-m4 -std=gnu11 -g3 -DSTM32 -DSTM32G473CETx -DSTM32G4 -DDEBUG -c -I"C:/Users/Admin/Desktop/GaNFET-ESC/FMAC_Demo/CMSIS/inc" -I"C:/Users/Admin/Desktop/GaNFET-ESC/FMAC_Demo" -I"C:/Users/Admin/Desktop/GaNFET-ESC/FMAC_Demo/Main/inc" -I"C:/Users/Admin/Desktop/GaNFET-ESC/FMAC_Demo/Peripheral/inc" -I"C:/Users/Admin/Desktop/GaNFET-ESC/FMAC_Demo/Main/Startup" -I"C:/Users/Admin/Desktop/GaNFET-ESC/FMAC_Demo/SW_Fucntions/inc" -I"C:/Users/Admin/Desktop/GaNFET-ESC/FMAC_Demo/FreeRTOS_Source/include" -O0 -ffunction-sections -fdata-sections -Wall -fstack-usage -MMD -MP -MF"Main/scr/sysinit.d" -MT"Main/scr/sysinit.o" --specs=nano.specs -mfpu=fpv4-sp-d16 -mfloat-abi=hard -mthumb -o "Main/scr/sysinit.o"
arm-none-eabi-gcc "../Main/scr/sysmem.c" -mcpu=cortex-m4 -std=gnu11 -g3 -DSTM32 -DSTM32G473CETx -DSTM32G4 -DDEBUG -c -I"C:/Users/Admin/Desktop/GaNFET-ESC/FMAC_Demo/CMSIS/inc" -I"C:/Users/Admin/Desktop/GaNFET-ESC/FMAC_Demo" -I"C:/Users/Admin/Desktop/GaNFET-ESC/FMAC_Demo/Main/inc" -I"C:/Users/Admin/Desktop/GaNFET-ESC/FMAC_Demo/Peripheral/inc" -I"C:/Users/Admin/Desktop/GaNFET-ESC/FMAC_Demo/Main/Startup" -I"C:/Users/Admin/Desktop/GaNFET-ESC/FMAC_Demo/SW_Fucntions/inc" -I"C:/Users/Admin/Desktop/GaNFET-ESC/FMAC_Demo/FreeRTOS_Source/include" -O0 -ffunction-sections -fdata-sections -Wall -fstack-usage -MMD -MP -MF"Main/scr/sysmem.d" -MT"Main/scr/sysmem.o" --specs=nano.specs -mfpu=fpv4-sp-d16 -mfloat-abi=hard -mthumb -o "Main/scr/sysmem.o"
arm-none-eabi-gcc -mcpu=cortex-m4 -g3 -c -x assembler-with-cpp -MMD -MP -MF"Main/Startup/startup_stm32g473cetx.d" -MT"Main/Startup/startup_stm32g473cetx.o" --specs=nano.specs -mfpu=fpv4-sp-d16 -mfloat-abi=hard -mthumb -o "Main/Startup/startup_stm32g473cetx.o" "../Main/Startup/startup_stm32g473cetx.s"
../Main/scr/main.c: In function 'main':
../Main/scr/main.c:61:34: warning: pointer targets in passing argument 2 of 'QuickFunctionQ15inQ15out' differ in signedness [-Wpointer-sign]
   61 |  QuickFunctionQ15inQ15out(angle, amplitude, sineq15, 0, RES, 0, SINE,6);
      |                                  ^~~~~~~~~
      |                                  |
      |                                  uint16_t * {aka short unsigned int *}
In file included from C:/Users/Admin/Desktop/GaNFET-ESC/FMAC_Demo/Main/inc/main.h:12,
                 from ../Main/scr/main.c:1:
C:/Users/Admin/Desktop/GaNFET-ESC/FMAC_Demo/Peripheral/inc/CORDIC.h:25:56: note: expected 'int16_t *' {aka 'short int *'} but argument is of type 'uint16_t *' {aka 'short unsigned int *'}
   25 | void QuickFunctionQ15inQ15out( int16_t *arg1, int16_t *arg2, int16_t *res1, int16_t *res2, uint16_t size,
      |                                               ~~~~~~~~~^~~~
../Main/scr/main.c: In function 'TIM6_DACUNDER_IRQHandler':
../Main/scr/main.c:159:20: warning: passing argument 1 of 'WriteDataDmaDac2' makes pointer from integer without a cast [-Wint-conversion]
  159 |   WriteDataDmaDac2(data);
      |                    ^~~~
      |                    |
      |                    int16_t {aka short int}
In file included from C:/Users/Admin/Desktop/GaNFET-ESC/FMAC_Demo/Main/inc/main.h:11,
                 from ../Main/scr/main.c:1:
C:/Users/Admin/Desktop/GaNFET-ESC/FMAC_Demo/Peripheral/inc/DAC.h:10:33: note: expected 'int16_t *' {aka 'short int *'} but argument is of type 'int16_t' {aka 'short int'}
   10 | void WriteDataDmaDac2 (int16_t *data);
      |                        ~~~~~~~~~^~~~
At top level:
../Main/scr/main.c:35:22: warning: 'data_fmac' defined but not used [-Wunused-variable]
   35 | static int16_t data, data_fmac;
      |                      ^~~~~~~~~
arm-none-eabi-gcc "../FreeRTOS_Source/portable/MemMang/heap_1.c" -mcpu=cortex-m4 -std=gnu11 -g3 -DSTM32 -DSTM32G473CETx -DSTM32G4 -DDEBUG -c -I"C:/Users/Admin/Desktop/GaNFET-ESC/FMAC_Demo/CMSIS/inc" -I"C:/Users/Admin/Desktop/GaNFET-ESC/FMAC_Demo" -I"C:/Users/Admin/Desktop/GaNFET-ESC/FMAC_Demo/Main/inc" -I"C:/Users/Admin/Desktop/GaNFET-ESC/FMAC_Demo/Peripheral/inc" -I"C:/Users/Admin/Desktop/GaNFET-ESC/FMAC_Demo/Main/Startup" -I"C:/Users/Admin/Desktop/GaNFET-ESC/FMAC_Demo/SW_Fucntions/inc" -I"C:/Users/Admin/Desktop/GaNFET-ESC/FMAC_Demo/FreeRTOS_Source/include" -O0 -ffunction-sections -fdata-sections -Wall -fstack-usage -MMD -MP -MF"FreeRTOS_Source/portable/MemMang/heap_1.d" -MT"FreeRTOS_Source/portable/MemMang/heap_1.o" --specs=nano.specs -mfpu=fpv4-sp-d16 -mfloat-abi=hard -mthumb -o "FreeRTOS_Source/portable/MemMang/heap_1.o"
arm-none-eabi-gcc "../FreeRTOS_Source/portable/GCC/ARM_CM4F/croutine.c" -mcpu=cortex-m4 -std=gnu11 -g3 -DSTM32 -DSTM32G473CETx -DSTM32G4 -DDEBUG -c -I"C:/Users/Admin/Desktop/GaNFET-ESC/FMAC_Demo/CMSIS/inc" -I"C:/Users/Admin/Desktop/GaNFET-ESC/FMAC_Demo" -I"C:/Users/Admin/Desktop/GaNFET-ESC/FMAC_Demo/Main/inc" -I"C:/Users/Admin/Desktop/GaNFET-ESC/FMAC_Demo/Peripheral/inc" -I"C:/Users/Admin/Desktop/GaNFET-ESC/FMAC_Demo/Main/Startup" -I"C:/Users/Admin/Desktop/GaNFET-ESC/FMAC_Demo/SW_Fucntions/inc" -I"C:/Users/Admin/Desktop/GaNFET-ESC/FMAC_Demo/FreeRTOS_Source/include" -O0 -ffunction-sections -fdata-sections -Wall -fstack-usage -MMD -MP -MF"FreeRTOS_Source/portable/GCC/ARM_CM4F/croutine.d" -MT"FreeRTOS_Source/portable/GCC/ARM_CM4F/croutine.o" --specs=nano.specs -mfpu=fpv4-sp-d16 -mfloat-abi=hard -mthumb -o "FreeRTOS_Source/portable/GCC/ARM_CM4F/croutine.o"
../Main/scr/sysinit.c: In function 'NMI_Handler':
../Main/scr/sysinit.c:116:35: warning: bitwise comparison always evaluates to false [-Wtautological-compare]
  116 |   while((RCC->CR & RCC_CR_PLLRDY) == 1) {}
      |                                   ^~
arm-none-eabi-gcc "../FreeRTOS_Source/portable/GCC/ARM_CM4F/event_groups.c" -mcpu=cortex-m4 -std=gnu11 -g3 -DSTM32 -DSTM32G473CETx -DSTM32G4 -DDEBUG -c -I"C:/Users/Admin/Desktop/GaNFET-ESC/FMAC_Demo/CMSIS/inc" -I"C:/Users/Admin/Desktop/GaNFET-ESC/FMAC_Demo" -I"C:/Users/Admin/Desktop/GaNFET-ESC/FMAC_Demo/Main/inc" -I"C:/Users/Admin/Desktop/GaNFET-ESC/FMAC_Demo/Peripheral/inc" -I"C:/Users/Admin/Desktop/GaNFET-ESC/FMAC_Demo/Main/Startup" -I"C:/Users/Admin/Desktop/GaNFET-ESC/FMAC_Demo/SW_Fucntions/inc" -I"C:/Users/Admin/Desktop/GaNFET-ESC/FMAC_Demo/FreeRTOS_Source/include" -O0 -ffunction-sections -fdata-sections -Wall -fstack-usage -MMD -MP -MF"FreeRTOS_Source/portable/GCC/ARM_CM4F/event_groups.d" -MT"FreeRTOS_Source/portable/GCC/ARM_CM4F/event_groups.o" --specs=nano.specs -mfpu=fpv4-sp-d16 -mfloat-abi=hard -mthumb -o "FreeRTOS_Source/portable/GCC/ARM_CM4F/event_groups.o"
arm-none-eabi-gcc "../FreeRTOS_Source/portable/GCC/ARM_CM4F/list.c" -mcpu=cortex-m4 -std=gnu11 -g3 -DSTM32 -DSTM32G473CETx -DSTM32G4 -DDEBUG -c -I"C:/Users/Admin/Desktop/GaNFET-ESC/FMAC_Demo/CMSIS/inc" -I"C:/Users/Admin/Desktop/GaNFET-ESC/FMAC_Demo" -I"C:/Users/Admin/Desktop/GaNFET-ESC/FMAC_Demo/Main/inc" -I"C:/Users/Admin/Desktop/GaNFET-ESC/FMAC_Demo/Peripheral/inc" -I"C:/Users/Admin/Desktop/GaNFET-ESC/FMAC_Demo/Main/Startup" -I"C:/Users/Admin/Desktop/GaNFET-ESC/FMAC_Demo/SW_Fucntions/inc" -I"C:/Users/Admin/Desktop/GaNFET-ESC/FMAC_Demo/FreeRTOS_Source/include" -O0 -ffunction-sections -fdata-sections -Wall -fstack-usage -MMD -MP -MF"FreeRTOS_Source/portable/GCC/ARM_CM4F/list.d" -MT"FreeRTOS_Source/portable/GCC/ARM_CM4F/list.o" --specs=nano.specs -mfpu=fpv4-sp-d16 -mfloat-abi=hard -mthumb -o "FreeRTOS_Source/portable/GCC/ARM_CM4F/list.o"
arm-none-eabi-gcc "../FreeRTOS_Source/portable/GCC/ARM_CM4F/port.c" -mcpu=cortex-m4 -std=gnu11 -g3 -DSTM32 -DSTM32G473CETx -DSTM32G4 -DDEBUG -c -I"C:/Users/Admin/Desktop/GaNFET-ESC/FMAC_Demo/CMSIS/inc" -I"C:/Users/Admin/Desktop/GaNFET-ESC/FMAC_Demo" -I"C:/Users/Admin/Desktop/GaNFET-ESC/FMAC_Demo/Main/inc" -I"C:/Users/Admin/Desktop/GaNFET-ESC/FMAC_Demo/Peripheral/inc" -I"C:/Users/Admin/Desktop/GaNFET-ESC/FMAC_Demo/Main/Startup" -I"C:/Users/Admin/Desktop/GaNFET-ESC/FMAC_Demo/SW_Fucntions/inc" -I"C:/Users/Admin/Desktop/GaNFET-ESC/FMAC_Demo/FreeRTOS_Source/include" -O0 -ffunction-sections -fdata-sections -Wall -fstack-usage -MMD -MP -MF"FreeRTOS_Source/portable/GCC/ARM_CM4F/port.d" -MT"FreeRTOS_Source/portable/GCC/ARM_CM4F/port.o" --specs=nano.specs -mfpu=fpv4-sp-d16 -mfloat-abi=hard -mthumb -o "FreeRTOS_Source/portable/GCC/ARM_CM4F/port.o"
arm-none-eabi-gcc "../FreeRTOS_Source/portable/GCC/ARM_CM4F/queue.c" -mcpu=cortex-m4 -std=gnu11 -g3 -DSTM32 -DSTM32G473CETx -DSTM32G4 -DDEBUG -c -I"C:/Users/Admin/Desktop/GaNFET-ESC/FMAC_Demo/CMSIS/inc" -I"C:/Users/Admin/Desktop/GaNFET-ESC/FMAC_Demo" -I"C:/Users/Admin/Desktop/GaNFET-ESC/FMAC_Demo/Main/inc" -I"C:/Users/Admin/Desktop/GaNFET-ESC/FMAC_Demo/Peripheral/inc" -I"C:/Users/Admin/Desktop/GaNFET-ESC/FMAC_Demo/Main/Startup" -I"C:/Users/Admin/Desktop/GaNFET-ESC/FMAC_Demo/SW_Fucntions/inc" -I"C:/Users/Admin/Desktop/GaNFET-ESC/FMAC_Demo/FreeRTOS_Source/include" -O0 -ffunction-sections -fdata-sections -Wall -fstack-usage -MMD -MP -MF"FreeRTOS_Source/portable/GCC/ARM_CM4F/queue.d" -MT"FreeRTOS_Source/portable/GCC/ARM_CM4F/queue.o" --specs=nano.specs -mfpu=fpv4-sp-d16 -mfloat-abi=hard -mthumb -o "FreeRTOS_Source/portable/GCC/ARM_CM4F/queue.o"
arm-none-eabi-gcc "../FreeRTOS_Source/portable/GCC/ARM_CM4F/stream_buffer.c" -mcpu=cortex-m4 -std=gnu11 -g3 -DSTM32 -DSTM32G473CETx -DSTM32G4 -DDEBUG -c -I"C:/Users/Admin/Desktop/GaNFET-ESC/FMAC_Demo/CMSIS/inc" -I"C:/Users/Admin/Desktop/GaNFET-ESC/FMAC_Demo" -I"C:/Users/Admin/Desktop/GaNFET-ESC/FMAC_Demo/Main/inc" -I"C:/Users/Admin/Desktop/GaNFET-ESC/FMAC_Demo/Peripheral/inc" -I"C:/Users/Admin/Desktop/GaNFET-ESC/FMAC_Demo/Main/Startup" -I"C:/Users/Admin/Desktop/GaNFET-ESC/FMAC_Demo/SW_Fucntions/inc" -I"C:/Users/Admin/Desktop/GaNFET-ESC/FMAC_Demo/FreeRTOS_Source/include" -O0 -ffunction-sections -fdata-sections -Wall -fstack-usage -MMD -MP -MF"FreeRTOS_Source/portable/GCC/ARM_CM4F/stream_buffer.d" -MT"FreeRTOS_Source/portable/GCC/ARM_CM4F/stream_buffer.o" --specs=nano.specs -mfpu=fpv4-sp-d16 -mfloat-abi=hard -mthumb -o "FreeRTOS_Source/portable/GCC/ARM_CM4F/stream_buffer.o"
arm-none-eabi-gcc "../FreeRTOS_Source/portable/GCC/ARM_CM4F/tasks.c" -mcpu=cortex-m4 -std=gnu11 -g3 -DSTM32 -DSTM32G473CETx -DSTM32G4 -DDEBUG -c -I"C:/Users/Admin/Desktop/GaNFET-ESC/FMAC_Demo/CMSIS/inc" -I"C:/Users/Admin/Desktop/GaNFET-ESC/FMAC_Demo" -I"C:/Users/Admin/Desktop/GaNFET-ESC/FMAC_Demo/Main/inc" -I"C:/Users/Admin/Desktop/GaNFET-ESC/FMAC_Demo/Peripheral/inc" -I"C:/Users/Admin/Desktop/GaNFET-ESC/FMAC_Demo/Main/Startup" -I"C:/Users/Admin/Desktop/GaNFET-ESC/FMAC_Demo/SW_Fucntions/inc" -I"C:/Users/Admin/Desktop/GaNFET-ESC/FMAC_Demo/FreeRTOS_Source/include" -O0 -ffunction-sections -fdata-sections -Wall -fstack-usage -MMD -MP -MF"FreeRTOS_Source/portable/GCC/ARM_CM4F/tasks.d" -MT"FreeRTOS_Source/portable/GCC/ARM_CM4F/tasks.o" --specs=nano.specs -mfpu=fpv4-sp-d16 -mfloat-abi=hard -mthumb -o "FreeRTOS_Source/portable/GCC/ARM_CM4F/tasks.o"
arm-none-eabi-gcc "../FreeRTOS_Source/portable/GCC/ARM_CM4F/timers.c" -mcpu=cortex-m4 -std=gnu11 -g3 -DSTM32 -DSTM32G473CETx -DSTM32G4 -DDEBUG -c -I"C:/Users/Admin/Desktop/GaNFET-ESC/FMAC_Demo/CMSIS/inc" -I"C:/Users/Admin/Desktop/GaNFET-ESC/FMAC_Demo" -I"C:/Users/Admin/Desktop/GaNFET-ESC/FMAC_Demo/Main/inc" -I"C:/Users/Admin/Desktop/GaNFET-ESC/FMAC_Demo/Peripheral/inc" -I"C:/Users/Admin/Desktop/GaNFET-ESC/FMAC_Demo/Main/Startup" -I"C:/Users/Admin/Desktop/GaNFET-ESC/FMAC_Demo/SW_Fucntions/inc" -I"C:/Users/Admin/Desktop/GaNFET-ESC/FMAC_Demo/FreeRTOS_Source/include" -O0 -ffunction-sections -fdata-sections -Wall -fstack-usage -MMD -MP -MF"FreeRTOS_Source/portable/GCC/ARM_CM4F/timers.d" -MT"FreeRTOS_Source/portable/GCC/ARM_CM4F/timers.o" --specs=nano.specs -mfpu=fpv4-sp-d16 -mfloat-abi=hard -mthumb -o "FreeRTOS_Source/portable/GCC/ARM_CM4F/timers.o"
arm-none-eabi-gcc "../CMSIS/src/system_stm32g4xx.c" -mcpu=cortex-m4 -std=gnu11 -g3 -DSTM32 -DSTM32G473CETx -DSTM32G4 -DDEBUG -c -I"C:/Users/Admin/Desktop/GaNFET-ESC/FMAC_Demo/CMSIS/inc" -I"C:/Users/Admin/Desktop/GaNFET-ESC/FMAC_Demo" -I"C:/Users/Admin/Desktop/GaNFET-ESC/FMAC_Demo/Main/inc" -I"C:/Users/Admin/Desktop/GaNFET-ESC/FMAC_Demo/Peripheral/inc" -I"C:/Users/Admin/Desktop/GaNFET-ESC/FMAC_Demo/Main/Startup" -I"C:/Users/Admin/Desktop/GaNFET-ESC/FMAC_Demo/SW_Fucntions/inc" -I"C:/Users/Admin/Desktop/GaNFET-ESC/FMAC_Demo/FreeRTOS_Source/include" -O0 -ffunction-sections -fdata-sections -Wall -fstack-usage -MMD -MP -MF"CMSIS/src/system_stm32g4xx.d" -MT"CMSIS/src/system_stm32g4xx.o" --specs=nano.specs -mfpu=fpv4-sp-d16 -mfloat-abi=hard -mthumb -o "CMSIS/src/system_stm32g4xx.o"
arm-none-eabi-gcc -o "FMAC_Demo.elf" @"objects.list"   -mcpu=cortex-m4 -T"C:\Users\Admin\Desktop\GaNFET-ESC\FMAC_Demo\STM32G473CETX_FLASH.ld" --specs=nosys.specs -Wl,-Map="FMAC_Demo.map" -Wl,--gc-sections -static --specs=nano.specs -mfpu=fpv4-sp-d16 -mfloat-abi=hard -mthumb -Wl,--start-group -lc -lm -Wl,--end-group
Finished building target: FMAC_Demo.elf
 
arm-none-eabi-size   FMAC_Demo.elf 
arm-none-eabi-objdump -h -S  FMAC_Demo.elf  > "FMAC_Demo.list"
arm-none-eabi-objcopy  -O binary  FMAC_Demo.elf  "FMAC_Demo.bin"
   text	   data	    bss	    dec	    hex	filename
  16688	     28	  53548	  70264	  11278	FMAC_Demo.elf
Finished building: default.size.stdout
 
Finished building: FMAC_Demo.bin
 
Finished building: FMAC_Demo.list
 

15:33:12 Build Finished. 0 errors, 7 warnings. (took 3s.360ms)

